12-20 07:49:16.062  4310  9813 D InputMethodManagerService: checkDisplayOfStartInputAndUpdateKeyboard display Id 0last 0
12-20 07:49:16.062  4310  9813 D InputTransport: Input channel constructed: 'ClientS', fd=388
12-20 07:49:16.062  4310  9813 D InputTransport: Input channel destroyed: 'ClientS', fd=388
12-20 07:49:16.063 23047 23047 D InputTransport: Input channel destroyed: 'ClientS', fd=79
12-20 07:49:16.064  9404  9404 I GoogleInputMethodService: GoogleInputMethodService.onFinishInput():3227
12-20 07:49:16.065 23047 23047 D ViewRootImpl@2db33f7[GridListActivity]: MSG_RESIZED: frame=(0,0,1080,2340) ci=(0,83,0,126) vi=(0,83,0,126) or=1
12-20 07:49:16.073  9404  9404 I GoogleInputMethodService: GoogleInputMethodService.updateDeviceLockedStatus():2087 repeatCheckTimes = 0, unlocked = true
12-20 07:49:16.073  9404  9404 D InputMethodService: checkDisplayOfStartInputAndUpdateKeyboard display Id 0last 0
12-20 07:49:16.073  9404  9404 I GoogleInputMethodService: GoogleInputMethodService.onStartInput():1877 onStartInput(EditorInfo{inputType=0x0(NULL) imeOptions=0x0 privateImeOptions=null actionName=UNSPECIFIED actionLabel=null actionId=0 initialSelStart=-1 initialSelEnd=-1 initialCapsMode=0x0 hintText=null label=null packageName=com.example.dogglers fieldId=-1 fieldName=null extras=Bundle[{NaviColor=-855310, Navbar_Color=-855310, displayId=0, NavbarColor_Success=true, Navbar_Visible=true, Navbar_Transparent=false}]}, false)
12-20 07:49:16.074  9404  9404 I GoogleInputMethodService: GoogleInputMethodService.shouldHideHeaderOnInitialState():4008 ShouldHideHeaderOnInitialState = false
12-20 07:49:16.075  9404  9404 I GoogleInputMethodService: GoogleInputMethodService.updateDeviceLockedStatus():2087 repeatCheckTimes = 2, unlocked = true
12-20 07:49:16.125  3852  3852 I SurfaceFlinger: Display 0 HWC layers:
12-20 07:49:16.125  3852  3852 I SurfaceFlinger:     type    |    handle    | flag |  format   |   source crop (l,t,r,b)    |         frame       | name
12-20 07:49:16.125  3852  3852 I SurfaceFlinger: ------------+--------------+------+-----------+----------------------------+---------------------+------
12-20 07:49:16.125  3852  3852 I SurfaceFlinger:      DEVICE | 0x706eee1480 | 0002 | RGBA_8888 |   0.0    1.0 1080.0 2340.0 |    0    0 1080 2340 | com.example.dogglers/com.example.dogglers.MainActivity$_23047#0
12-20 07:49:16.125  3852  3852 I SurfaceFlinger:      DEVICE | 0x706eedf2c0 | 0002 | RGBA_8888 |   0.0    0.0 1080.0 1793.0 |    0  547 1080 2340 | com.example.dogglers/com.example.dogglers.GridListActivity$_23047#0
12-20 07:49:16.125  3852  3852 I SurfaceFlinger:      DEVICE | 0x706eee2ec0 | 0000 | RGBA_8888 |   0.0    0.0 1080.0   83.0 |    0    0 1080   83 | StatusBar$_4708#0
12-20 07:49:16.125  3852  3852 I SurfaceFlinger:      DEVICE | 0x706eee06c0 | 0000 | RGBA_8888 |   0.0    0.0 1080.0  126.0 |    0 2214 1080 2340 | NavigationBar0$_4708#0
12-20 07:49:16.125  3852  3852 I SurfaceFlinger:      DEVICE | 0x706eedfa40 | 0000 | RGBA_8888 |   0.0    0.0 1080.0  151.0 |    0    0 1080  151 | ScreenDecorOverlay$_4708#0
12-20 07:49:16.125  3852  3852 I SurfaceFlinger:      DEVICE | 0x706eedf7c0 | 0000 | RGBA_8888 |   0.0    0.0 1080.0  151.0 |    0 2189 1080 2340
12-20 07:49:16.125  3852  3852 I SurfaceFlinger:  | ScreenDecorOverlayBottom$_4708#0
12-20 07:49:16.125  3852  3852 I SurfaceFlinger:
12-20 07:49:16.139  3852  3852 I SurfaceFlinger: Display 0 HWC layers:
12-20 07:49:16.139  3852  3852 I SurfaceFlinger:     type    |    handle    | flag |  format   |   source crop (l,t,r,b)    |         frame       | name
12-20 07:49:16.139  3852  3852 I SurfaceFlinger: ------------+--------------+------+-----------+----------------------------+---------------------+------
12-20 07:49:16.139  3852  3852 I SurfaceFlinger:      CLIENT | 0x706eee1480 | 0002 | RGBA_8888 |   0.0    3.0 1080.0 2340.0 |    0    0 1080 2337 | com.example.dogglers/com.example.dogglers.MainActivity$_23047#0
12-20 07:49:16.139  3852  3852 I SurfaceFlinger:      CLIENT |              | 0004 |  Unknown  |   0.0    0.0    0.0    0.0 |    0    0 1080 2340 | Dim Layer for - Task=927#0
12-20 07:49:16.139  3852  3852 I SurfaceFlinger:      DEVICE | 0x706eee0940 | 0002 | RGBA_8888 |   0.0    0.0 1080.0 1814.0 |    0  525 1080 2340 | com.example.dogglers/com.example.dogglers.GridListActivity$_23047#0
12-20 07:49:16.139  3852  3852 I SurfaceFlinger:      DEVICE | 0x706eee2ec0 | 0000 | RGBA_8888 |   0.0    0.0 1080.0   83.0 |    0    0 1080   83 | StatusBar$_4708#0
12-20 07:49:16.139  3852  3852 I SurfaceFlinger:      DEVICE | 0x706eee06c0 | 0000 | RGBA_8888 |   0.0    0.0 1080.0  126.0 |    0 2214 1080 2340 | NavigationBar0$_4708#0
12-20 07:49:16.139  3852  3852 I SurfaceFlinger:      DEVICE | 0x706eedfa40 | 0000 | RGBA_8888 |   0.0    0.0 1080.0  151.0 |    0    0 1080  151
12-20 07:49:16.139  3852  3852 I SurfaceFlinger:  | ScreenDecorOverlay$_4708#0
12-20 07:49:16.139  3852  3852 I SurfaceFlinger:      DEVICE | 0x706eedf7c0 | 0000 | RGBA_8888 |   0.0    0.0 1080.0  151.0 |    0 2189 1080 2340 | ScreenDecorOverlayBottom$_4708#0
12-20 07:49:16.139  3852  3852 I SurfaceFlinger:
12-20 07:49:16.297 23047 23103 W xample.doggler: Accessing hidden method Lsun/misc/Unsafe;->compareAndSwapObject(Ljava/lang/Object;JLjava/lang/Object;Ljava/lang/Object;)Z (greylist, linking, allowed)
12-20 07:49:16.301 23047 23047 I ViewInteraction: Checking 'MatchesViewAssertion{viewMatcher=(view has effective visibility <VISIBLE> and view.getGlobalVisibleRect() to return non-empty rectangle)}' assertion on view view.getId() is <2131230937/com.example.dogglers:id/grid_recycler_view>
12-20 07:49:16.322  3852  4680 I SurfaceFlinger: createSurf start. lock debugging [AppWindowToken{7e96b23 token=Token{7330c52 ActivityRecord{32cc8dd u0 com.example.dogglers/androidx.test.core.app.InstrumentationActivityInvoker$EmptyActivity t927}}}]
12-20 07:49:16.323  3852  4680 I SurfaceFlinger: id=6669 createSurf (0x0),-1 flag=80004, AppWindowToken{7e96b23 token=Token{7330c52 ActivityRecord{32cc8dd u0 com.example.dogglers/androidx.test.core.app.InstrumentationActivityInvoker$EmptyActivity t927}}}#0
12-20 07:49:16.336 23047 23047 D LifecycleMonitor: Lifecycle status change: com.example.dogglers.GridListActivity@92f44b3 in: PAUSED
12-20 07:49:16.337 23047 23047 V ActivityScenario: Activity lifecycle changed event received but ignored because the intent does not match. startActivityIntent=Intent { act=android.intent.action.MAIN cat=[android.intent.category.LAUNCHER] cmp=com.example.dogglers/.MainActivity }, activity.getIntent()=Intent { cmp=com.example.dogglers/.GridListActivity }, activity=com.example.dogglers.GridListActivity@92f44b3
12-20 07:49:16.344  4310  9796 D InputDispatcher: Focused application set to (0): 7e96b23
12-20 07:49:16.346  4310  9796 I SemPersonaManager: SecureFolder personaId = 150
12-20 07:49:16.353 23047 23047 W ActivityThread: handleWindowVisibility: no activity for token android.os.BinderProxy@ab33433
12-20 07:49:16.359  3852  3956 I Layer   : id=6665 removeFromCurrentState Dim Layer for - Task=927#0 (69)
12-20 07:49:16.359  3852  3956 I Layer   : id=6661 removeFromCurrentState 872263e com.example.dogglers/com.example.dogglers.GridListActivity#0 (69)
12-20 07:49:16.359  3852  3956 I Layer   : id=6662 removeFromCurrentState com.example.dogglers/com.example.dogglers.GridListActivity$_23047#0 (69)
12-20 07:49:16.359  3852  3956 I Layer   : id=6660 removeFromCurrentState AppWindowToken{4f22cf2 token=Token{62787fd ActivityRecord{fba8c54 u0 com.example.dogglers/.GridListActivity t927}}}#0 (69)
12-20 07:49:16.359  3852  3956 I Layer   : id=6667 removeFromCurrentState Surface(name=AppWindowToken{4f22cf2 token=Token{62787fd ActivityRecord{fba8c54 u0 com.example.dogglers/.GridListActivity t927}}})/@0x7929aee - animation-leash#0 (69)
12-20 07:49:16.360  3852  3956 I Layer   : id=6668 removeFromCurrentState Surface(name=AppWindowToken{4f22cf2 token=Token{62787fd ActivityRecord{fba8c54 u0 com.example.dogglers/.GridListActivity t927}}})/@0x7929aee - animation-bounds#0 (69)
12-20 07:49:16.360  3852  3956 I Layer   : id=6666 removeFromCurrentState Surface(name=Dim Layer for - Task=927)/@0x8aabf16 - animation-leash#0 (69)
12-20 07:49:16.360  3852  3956 I Layer   : id=6663 removeFromCurrentState Surface(name=AppWindowToken{a2441c5 token=Token{282703c ActivityRecord{a51022f u0 com.example.dogglers/.MainActivity t927}}})/@0x30ba49a - animation-leash#0 (69)
12-20 07:49:16.360  3852  3956 I Layer   : id=6664 removeFromCurrentState Surface(name=AppWindowToken{a2441c5 token=Token{282703c ActivityRecord{a51022f u0 com.example.dogglers/.MainActivity t927}}})/@0x30ba49a - animation-bounds#0 (69)
12-20 07:49:16.361  3852  4680 I SurfaceFlinger: id=6665 Removed Dim Layer for - Task=927#0 (69)
12-20 07:49:16.361  3852  4680 I SurfaceFlinger: id=6667 Removed Surface(name=AppWindowToken{4f22cf2 token=Token{62787fd ActivityRecord{fba8c54 u0 com.example.dogglers/.GridListActivity t927}}})/@0x7929aee - animation-leash#0 (69)
12-20 07:49:16.361  3852  4680 I SurfaceFlinger: id=6668 Removed Surface(name=AppWindowToken{4f22cf2 token=Token{62787fd ActivityRecord{fba8c54 u0 com.example.dogglers/.GridListActivity t927}}})/@0x7929aee - animation-bounds#0 (69)
12-20 07:49:16.361  3852  4680 I SurfaceFlinger: id=6666 Removed Surface(name=Dim Layer for - Task=927)/@0x8aabf16 - animation-leash#0 (69)
12-20 07:49:16.361  3852  4680 I SurfaceFlinger: id=6663 Removed Surface(name=AppWindowToken{a2441c5 token=Token{282703c ActivityRecord{a51022f u0 com.example.dogglers/.MainActivity t927}}})/@0x30ba49a - animation-leash#0 (69)
12-20 07:49:16.361  3852  3956 I SurfaceFlinger: id=6664 Removed Surface(name=AppWindowToken{a2441c5 token=Token{282703c ActivityRecord{a51022f u0 com.example.dogglers/.MainActivity t927}}})/@0x30ba49a - animation-bounds#0 (69)
12-20 07:49:16.366  3852  3852 I SurfaceFlinger: Display 0 HWC layers:
12-20 07:49:16.366  3852  3852 I SurfaceFlinger:     type    |    handle    | flag |  format   |   source crop (l,t,r,b)    |         frame       | name
12-20 07:49:16.366  3852  3852 I SurfaceFlinger: ------------+--------------+------+-----------+----------------------------+---------------------+------
12-20 07:49:16.366  3852  3852 I SurfaceFlinger:      DEVICE | 0x706eee0940 | 0002 | RGBA_8888 |   0.0    0.0 1080.0 2340.0 |    0    0 1080 2340 | com.example.dogglers/com.example.dogglers.GridListActivity$_23047#0
12-20 07:49:16.366  3852  3852 I SurfaceFlinger:      DEVICE | 0x706eee2ec0 | 0000 | RGBA_8888 |   0.0    0.0 1080.0   83.0 |    0    0 1080   83 | StatusBar$_4708#0
12-20 07:49:16.366  3852  3852 I SurfaceFlinger:      DEVICE | 0x706eee06c0 | 0000 | RGBA_8888 |   0.0    0.0 1080.0  126.0 |    0 2214 1080 2340 | NavigationBar0$_4708#0
12-20 07:49:16.366  3852  3852 I SurfaceFlinger:      DEVICE | 0x706eedfa40 | 0000 | RGBA_8888 |   0.0    0.0 1080.0  151.0 |    0    0 1080  151 | ScreenDecorOverlay$_4708#0
12-20 07:49:16.366  3852  3852 I SurfaceFlinger:      DEVICE | 0x706eedf7c0 | 0000 | RGBA_8888 |   0.0    0.0 1080.0  151.0 |    0 2189 1080 2340 | ScreenDecorOverlayBottom$_4708#0
12-20 07:49:16.366  3852  3852 I SurfaceFlinger:
12-20 07:49:16.370 23047 23047 D LifecycleMonitor: Lifecycle status change: androidx.test.core.app.InstrumentationActivityInvoker$EmptyActivity@aa6f3f0 in: PRE_ON_CREATE
12-20 07:49:16.371 23047 23047 V ActivityScenario: Activity lifecycle changed event received but ignored because the intent does not match. startActivityIntent=Intent { act=android.intent.action.MAIN cat=[android.intent.category.LAUNCHER] cmp=com.example.dogglers/.MainActivity }, activity.getIntent()=Intent { act=android.intent.action.MAIN cat=[android.intent.category.LAUNCHER] flg=0x10000000 cmp=com.example.dogglers/androidx.test.core.app.InstrumentationActivityInvoker$EmptyActivity }, activity=androidx.test.core.app.InstrumentationActivityInvoker$EmptyActivity@aa6f3f0
12-20 07:49:16.376  3852  3852 I Layer   : id=6666[1] Destroyed Surface(name=Dim Layer for - Task=927)/@0x8aabf16 - animation-leash#0
12-20 07:49:16.376  3852  3852 I Layer   : id=6665[1] Destroyed Dim Layer for - Task=927#0
12-20 07:49:16.376  3852  3852 I Layer   : id=6664[1] Destroyed Surface(name=AppWindowToken{a2441c5 token=Token{282703c ActivityRecord{a51022f u0 com.example.dogglers/.MainActivity t927}}})/@0x30ba49a - animation-bounds#0
12-20 07:49:16.376  3852  3852 I Layer   : id=6663[1] Destroyed Surface(name=AppWindowToken{a2441c5 token=Token{282703c ActivityRecord{a51022f u0 com.example.dogglers/.MainActivity t927}}})/@0x30ba49a - animation-leash#0
12-20 07:49:16.376  3852  3852 I Layer   : id=6668[1] Destroyed Surface(name=AppWindowToken{4f22cf2 token=Token{62787fd ActivityRecord{fba8c54 u0 com.example.dogglers/.GridListActivity t927}}})/@0x7929aee - animation-bounds#0
12-20 07:49:16.376  3852  3852 I Layer   : id=6667[1] Destroyed Surface(name=AppWindowToken{4f22cf2 token=Token{62787fd ActivityRecord{fba8c54 u0 com.example.dogglers/.GridListActivity t927}}})/@0x7929aee - animation-leash#0
12-20 07:49:16.378  4310  4975 D InputDispatcher: Focus left window (23047): 872263e in display 0 0
12-20 07:49:16.392 23047 23047 I MultiWindowDecorSupport: updateCaptionType >> DecorView@ef483ee[], isFloating: false, isApplication: true, hasWindowDecorCaption: false, hasWindowControllerCallback: true
12-20 07:49:16.392 23047 23047 D MultiWindowDecorSupport: setCaptionType = 0, DecorView = DecorView@ef483ee[]
12-20 07:49:16.401 23047 23047 D LifecycleMonitor: Lifecycle status change: androidx.test.core.app.InstrumentationActivityInvoker$EmptyActivity@aa6f3f0 in: CREATED
12-20 07:49:16.402 23047 23047 V ActivityScenario: Activity lifecycle changed event received but ignored because the intent does not match. startActivityIntent=Intent { act=android.intent.action.MAIN cat=[android.intent.category.LAUNCHER] cmp=com.example.dogglers/.MainActivity }, activity.getIntent()=Intent { act=android.intent.action.MAIN cat=[android.intent.category.LAUNCHER] flg=0x10000000 cmp=com.example.dogglers/androidx.test.core.app.InstrumentationActivityInvoker$EmptyActivity }, activity=androidx.test.core.app.InstrumentationActivityInvoker$EmptyActivity@aa6f3f0
12-20 07:49:16.405 23047 23047 D LifecycleMonitor: Lifecycle status change: androidx.test.core.app.InstrumentationActivityInvoker$EmptyActivity@aa6f3f0 in: STARTED
12-20 07:49:16.405 23047 23047 V ActivityScenario: Activity lifecycle changed event received but ignored because the intent does not match. startActivityIntent=Intent { act=android.intent.action.MAIN cat=[android.intent.category.LAUNCHER] cmp=com.example.dogglers/.MainActivity }, activity.getIntent()=Intent { act=android.intent.action.MAIN cat=[android.intent.category.LAUNCHER] flg=0x10000000 cmp=com.example.dogglers/androidx.test.core.app.InstrumentationActivityInvoker$EmptyActivity }, activity=androidx.test.core.app.InstrumentationActivityInvoker$EmptyActivity@aa6f3f0
12-20 07:49:16.409 23047 23047 D LifecycleMonitor: Lifecycle status change: androidx.test.core.app.InstrumentationActivityInvoker$EmptyActivity@aa6f3f0 in: RESUMED
12-20 07:49:16.409 23047 23047 V ActivityScenario: Activity lifecycle changed event received but ignored because the intent does not match. startActivityIntent=Intent { act=android.intent.action.MAIN cat=[android.intent.category.LAUNCHER] cmp=com.example.dogglers/.MainActivity }, activity.getIntent()=Intent { act=android.intent.action.MAIN cat=[android.intent.category.LAUNCHER] flg=0x10000000 cmp=com.example.dogglers/androidx.test.core.app.InstrumentationActivityInvoker$EmptyActivity }, activity=androidx.test.core.app.InstrumentationActivityInvoker$EmptyActivity@aa6f3f0
12-20 07:49:16.417  4310  4975 D InputTransport: Input channel constructed: 'aa2b38 ', fd=388
12-20 07:49:16.417  4310  4975 D InputTransport: Input channel constructed: 'aa2b38 ', fd=453
12-20 07:49:16.418  3852  4680 I SurfaceFlinger: createSurf start. lock debugging [aa2b38 com.example.dogglers/androidx.test.core.app.InstrumentationActivityInvoker$EmptyActivity]
12-20 07:49:16.419  3852  4680 I SurfaceFlinger: id=6670 createSurf (0x0),-1 flag=80004, aa2b38 com.example.dogglers/androidx.test.core.app.InstrumentationActivityInvoker$EmptyActivity#0
12-20 07:49:16.419  4310  4975 D InputTransport: Input channel destroyed: 'aa2b38 ', fd=453
12-20 07:49:16.422 23047 23047 D ViewRootImpl@5fe3725[InstrumentationActivityInvoker$EmptyActivity]: setView = com.android.internal.policy.DecorView@ef483ee TM=true MM=false
12-20 07:49:16.427 23047 23047 D ViewRootImpl@886813c[MainActivity]: stopped(true) old=false
12-20 07:49:16.429 23047 23047 D LifecycleMonitor: Lifecycle status change: com.example.dogglers.MainActivity@36b619b in: STOPPED
12-20 07:49:16.430 23047 23047 V ActivityScenario: Update currentActivityStage to STOPPED, currentActivity=com.example.dogglers.MainActivity@36b619b
12-20 07:49:16.436 23047 23047 D ViewRootImpl@2db33f7[GridListActivity]: MSG_WINDOW_FOCUS_CHANGED 0 1
12-20 07:49:16.436 23047 23047 D InputMethodManager: prepareNavigationBarInfo() DecorView@f95a788[GridListActivity]
12-20 07:49:16.436 23047 23047 D InputMethodManager: getNavigationBarColor() -855310
12-20 07:49:16.448  4310  4975 V WindowManager: Relayout Window{aa2b38 u0 com.example.dogglers/androidx.test.core.app.InstrumentationActivityInvoker$EmptyActivity}: viewVisibility=0 req=1080x2340
12-20 07:49:16.451  3852  3956 I SurfaceFlinger: createSurf start. lock debugging [com.example.dogglers/androidx.test.core.app.InstrumentationActivityInvoker$EmptyActivity$_23047]
12-20 07:49:16.452  3852  3956 I SurfaceFlinger: id=6671 createSurf (1080x2340),1 flag=404, com.example.dogglers/androidx.test.core.app.InstrumentationActivityInvoker$EmptyActivity$_23047#0
12-20 07:49:16.455  4310  4362 D WindowManager: setSystemUiVisibility: displayId=0, vis=0x8018, fullVis=0x0, dockVis=0x0, win=Window{aa2b38 u0 com.example.dogglers/androidx.test.core.app.InstrumentationActivityInvoker$EmptyActivity}
12-20 07:49:16.456  4310  4975 V WindowManager: Relayout 23047: mAttrs={(0,0)(fillxfill) sim={adjust=pan forwardNavigation} ty=BASE_APPLICATION wanim=0x1030001
12-20 07:49:16.456  4310  4975 V WindowManager:   fl=1810100
12-20 07:49:16.456  4310  4975 V WindowManager:   pfl=10020000
12-20 07:49:16.456  4310  4975 V WindowManager:   vsysui=10 naviIconColor=0}
12-20 07:49:16.460 23047 23047 D ViewRootImpl@5fe3725[InstrumentationActivityInvoker$EmptyActivity]: Relayout returned: old=(0,0,1080,2340) new=(0,0,1080,2340) req=(1080,2340)0 dur=12 res=0x7 s={true 494846750720} ch=true
12-20 07:49:16.461 23047 23106 D OpenGLRenderer: createReliableSurface : 0x73bd603a00, 0x73372a3000
12-20 07:49:16.462 23047 23106 D mali_winsys: EGLint new_window_surface(egl_winsys_display *, void *, EGLSurface, EGLConfig, egl_winsys_surface **, EGLBoolean) returns 0x3000
12-20 07:49:16.487  3852  4680 E BufferQueueProducer: [com.example.dogglers/com.example.dogglers.MainActivity$_23047#0] disconnect: not connected (req=1)
12-20 07:49:16.487 23047 23106 W libEGL  : EGLNativeWindowType 0x735754b790 disconnect failed
12-20 07:49:16.489  4310  9796 V WindowManager: Relayout Window{babf0b1 u0 com.example.dogglers/com.example.dogglers.MainActivity}: viewVisibility=8 req=1080x2340
12-20 07:49:16.496  4310  9796 V WindowManager: Relayout 23047: mAttrs={(0,0)(fillxfill) sim={adjust=pan forwardNavigation} ty=BASE_APPLICATION wanim=0x1030305
12-20 07:49:16.496  4310  9796 V WindowManager:   fl=81810100
12-20 07:49:16.496  4310  9796 V WindowManager:   pfl=10020000
12-20 07:49:16.496  4310  9796 V WindowManager:   vsysui=10 naviIconColor=0}
12-20 07:49:16.498 23047 23047 D ViewRootImpl@886813c[MainActivity]: Relayout returned: old=(0,0,1080,2340) new=(0,0,1080,2340) req=(1080,2340)8 dur=10 res=0x5 s={false 0} ch=false
12-20 07:49:16.518  3852  3956 I Layer   : id=6658 removeFromCurrentState com.example.dogglers/com.example.dogglers.MainActivity$_23047#0 (65)
12-20 07:49:16.519  3852  3956 I SurfaceFlinger: id=6658 Removed com.example.dogglers/com.example.dogglers.MainActivity$_23047#0 (65)
12-20 07:49:16.526  3852  3852 I Layer   : id=6658[1] Destroyed com.example.dogglers/com.example.dogglers.MainActivity$_23047#0
12-20 07:49:16.527  4310  4975 D InputDispatcher: Focus entered window (23047): aa2b38  in display 0 0
12-20 07:49:16.533 23047 23047 D ViewRootImpl@5fe3725[InstrumentationActivityInvoker$EmptyActivity]: MSG_WINDOW_FOCUS_CHANGED 1 1
12-20 07:49:16.534 23047 23047 D InputMethodManager: prepareNavigationBarInfo() DecorView@ef483ee[InstrumentationActivityInvoker$EmptyActivity]
12-20 07:49:16.534 23047 23047 D InputMethodManager: getNavigationBarColor() -855310
12-20 07:49:16.536  3852  3852 I SurfaceFlinger: Display 0 HWC layers:
12-20 07:49:16.536  3852  3852 I SurfaceFlinger:     type    |    handle    | flag |  format   |   source crop (l,t,r,b)    |         frame       | name
12-20 07:49:16.536  3852  3852 I SurfaceFlinger: ------------+--------------+------+-----------+----------------------------+---------------------+------
12-20 07:49:16.536  3852  3852 I SurfaceFlinger:      DEVICE | 0x705034e900 | 0002 | RGBA_8888 |   0.0    0.0 1080.0 2340.0 |    0    0 1080 2340 | com.example.dogglers/androidx.test.c[...]tivityInvoker$EmptyActivity$_23047#0
12-20 07:49:16.536  3852  3852 I SurfaceFlinger:      DEVICE | 0x706eee2ec0 | 0000 | RGBA_8888 |   0.0    0.0 1080.0   83.0 |    0    0 1080   83 | StatusBar$_4708#0
12-20 07:49:16.536  3852  3852 I SurfaceFlinger:      DEVICE | 0x706eee06c0 | 0000 | RGBA_8888 |   0.0    0.0 1080.0  126.0 |    0 2214 1080 2340 | NavigationBar0$_4708#0
12-20 07:49:16.536  3852  3852 I SurfaceFlinger:      DEVICE | 0x706eedfa40 | 0000 | RGBA_8888 |   0.0    0.0 1080.0  151.0 |    0    0 1080  151 | ScreenDecorOverlay$_4708#0
12-20 07:49:16.536  3852  3852 I SurfaceFlinger:      DEVICE | 0x706eedf7c0 | 0000 | RGBA_8888 |   0.0    0.0 1080.0  151.0 |    0 2189 1080 2340 | ScreenDecorOverlayBottom$_4708#0
12-20 07:49:16.536  3852  3852 I SurfaceFlinger:
12-20 07:49:16.537 23047 23047 D InputMethodManager: prepareNavigationBarInfo() DecorView@ef483ee[InstrumentationActivityInvoker$EmptyActivity]
12-20 07:49:16.537 23047 23047 D InputMethodManager: getNavigationBarColor() -855310
12-20 07:49:16.537 23047 23047 V InputMethodManager: Starting input: tba=com.example.dogglers ic=null mNaviBarColor -855310 mIsGetNaviBarColorSuccess true , NavVisible : true , NavTrans : false
12-20 07:49:16.538 23047 23047 D InputMethodManager: startInputInner - Id : 0
12-20 07:49:16.538 23047 23047 I InputMethodManager: startInputInner - mService.startInputOrWindowGainedFocus
12-20 07:49:16.539  4310  4975 D InputMethodManagerService: mSecureKeypadEnabled = false
12-20 07:49:16.539  4310  4975 V InputMethodManagerService: hideCurrentInputLocked : shouldHideSoftInput is false
12-20 07:49:16.539  4310  4975 D InputMethodManagerService: mDesktopModeManager null!
12-20 07:49:16.540  4310  4975 V InputMethodManagerService: getDisplayIdOfInputMethodWindowToBeAdded : 0
12-20 07:49:16.540  4310  4975 D InputMethodManagerService: checkDisplayOfStartInputAndUpdateKeyboard display Id 0last 0
12-20 07:49:16.540  4310  4975 D InputTransport: Input channel constructed: 'ClientS', fd=453
12-20 07:49:16.541  4310  4975 D InputTransport: Input channel destroyed: 'ClientS', fd=453
12-20 07:49:16.541 23047 23047 D InputTransport: Input channel destroyed: 'ClientS', fd=89
12-20 07:49:16.542 23047 23047 D ViewRootImpl@5fe3725[InstrumentationActivityInvoker$EmptyActivity]: MSG_RESIZED_REPORT: frame=(0,0,1080,2340) ci=(0,83,0,126) vi=(0,83,0,126) or=1
12-20 07:49:16.543  9404  9404 I GoogleInputMethodService: GoogleInputMethodService.onFinishInput():3227
12-20 07:49:16.545 23047 23047 D LifecycleMonitor: Lifecycle status change: com.example.dogglers.MainActivity@36b619b in: DESTROYED
12-20 07:49:16.546 23047 23047 V ActivityScenario: Update currentActivityStage to DESTROYED, currentActivity=null
12-20 07:49:16.549  9404  9404 I GoogleInputMethodService: GoogleInputMethodService.updateDeviceLockedStatus():2087 repeatCheckTimes = 0, unlocked = true
12-20 07:49:16.549  9404  9404 D InputMethodService: checkDisplayOfStartInputAndUpdateKeyboard display Id 0last 0
12-20 07:49:16.549 19316 19420 I Finsky  : [55937] acdy.a(87): Skipping Gramophone warning due to shell install
12-20 07:49:16.550  9404  9404 I GoogleInputMethodService: GoogleInputMethodService.onStartInput():1877 onStartInput(EditorInfo{inputType=0x0(NULL) imeOptions=0x0 privateImeOptions=null actionName=UNSPECIFIED actionLabel=null actionId=0 initialSelStart=-1 initialSelEnd=-1 initialCapsMode=0x0 hintText=null label=null packageName=com.example.dogglers fieldId=-1 fieldName=null extras=Bundle[{NaviColor=-855310, Navbar_Color=-855310, displayId=0, NavbarColor_Success=true, Navbar_Visible=true, Navbar_Transparent=false}]}, false)
12-20 07:49:16.550  9404  9404 I GoogleInputMethodService: GoogleInputMethodService.shouldHideHeaderOnInitialState():4008 ShouldHideHeaderOnInitialState = false
12-20 07:49:16.551  9404  9404 I GoogleInputMethodService: GoogleInputMethodService.updateDeviceLockedStatus():2087 repeatCheckTimes = 2, unlocked = true
12-20 07:49:16.553 23047 23047 D ViewRootImpl@886813c[MainActivity]: dispatchDetachedFromWindow
12-20 07:49:16.559  3852  3956 I SurfaceFlinger: createSurf start. lock debugging [AppWindowToken{79ad268 token=Token{8da218b ActivityRecord{ec47b5a u0 com.example.dogglers/androidx.test.core.app.InstrumentationActivityInvoker$EmptyActivity t927}}}]
12-20 07:49:16.560  3852  3956 I SurfaceFlinger: id=6672 createSurf (0x0),-1 flag=80004, AppWindowToken{79ad268 token=Token{8da218b ActivityRecord{ec47b5a u0 com.example.dogglers/androidx.test.core.app.InstrumentationActivityInvoker$EmptyActivity t927}}}#0
12-20 07:49:16.565  4310  4975 D InputTransport: Input channel destroyed: 'babf0b1', fd=729
12-20 07:49:16.568  3852  3956 I Layer   : id=6657 removeFromCurrentState babf0b1 com.example.dogglers/com.example.dogglers.MainActivity#0 (65)
12-20 07:49:16.569  3852  3956 I SurfaceFlinger: id=6657 Removed babf0b1 com.example.dogglers/com.example.dogglers.MainActivity#0 (65)
12-20 07:49:16.569 23047 23047 D InputTransport: Input channel destroyed: 'babf0b1', fd=72
12-20 07:49:16.576  3852  3852 I Layer   : id=6657[1] Destroyed babf0b1 com.example.dogglers/com.example.dogglers.MainActivity#0
12-20 07:49:16.578  3852  3956 I Layer   : id=6652 removeFromCurrentState AppWindowToken{a2441c5 token=Token{282703c ActivityRecord{a51022f u0 com.example.dogglers/.MainActivity t927}}}#0 (64)
12-20 07:49:16.595  3852  4680 E BufferQueueProducer: [com.example.dogglers/com.example.dogglers.GridListActivity$_23047#0] disconnect: not connected (req=1)
12-20 07:49:16.596 23047 23106 W libEGL  : EGLNativeWindowType 0x73bd607250 disconnect failed
12-20 07:49:16.597  4310  9796 V WindowManager: Relayout Window{872263e u0 com.example.dogglers/com.example.dogglers.GridListActivity}: viewVisibility=8 req=1080x2340
12-20 07:49:16.603  4310  9796 V WindowManager: Relayout 23047: mAttrs={(0,0)(fillxfill) sim={adjust=resize forwardNavigation} ty=BASE_APPLICATION wanim=0x1030305
12-20 07:49:16.603  4310  9796 V WindowManager:   fl=81810100
12-20 07:49:16.603  4310  9796 V WindowManager:   pfl=10020000
12-20 07:49:16.603  4310  9796 V WindowManager:   vsysui=10 naviIconColor=0}
12-20 07:49:16.606 23047 23047 D ViewRootImpl@2db33f7[GridListActivity]: Relayout returned: old=(0,0,1080,2340) new=(0,0,1080,2340) req=(1080,2340)8 dur=8 res=0x5 s={false 0} ch=true
12-20 07:49:16.608  4310  4633 D WifiConnectivityMonitor.NetworkStatsAnalyzer: Backhaul result - RSSI:-57, CE:10, PE:10, TI:15, PTI:15, TW:0, PTW:0, Tx:35, Rx:52, TxS:28, RxS:30, RESULT:true, IC:0, ICT:5, WC:0, WCT:5, R:3, RC:0, IE:1, EC:0
12-20 07:49:16.610 23047 23047 D LifecycleMonitor: Lifecycle status change: androidx.test.core.app.InstrumentationActivityInvoker$EmptyActivity@aa6f3f0 in: PAUSED
12-20 07:49:16.610 23047 23047 V ActivityScenario: Activity lifecycle changed event received but ignored because the intent does not match. startActivityIntent=Intent { act=android.intent.action.MAIN cat=[android.intent.category.LAUNCHER] cmp=com.example.dogglers/.MainActivity }, activity.getIntent()=Intent { act=android.intent.action.MAIN cat=[android.intent.category.LAUNCHER] flg=0x10000000 cmp=com.example.dogglers/androidx.test.core.app.InstrumentationActivityInvoker$EmptyActivity }, activity=androidx.test.core.app.InstrumentationActivityInvoker$EmptyActivity@aa6f3f0
12-20 07:49:16.617  4310  4975 D InputDispatcher: Focused application set to (0): 79ad268
12-20 07:49:16.619  4310  4975 I SemPersonaManager: SecureFolder personaId = 150
12-20 07:49:16.634  3900 19194 I CameraService: onUidStateChanged: uid=10098, procState=16
12-20 07:49:16.634 23047 23047 D LifecycleMonitor: Lifecycle status change: androidx.test.core.app.InstrumentationActivityInvoker$BootstrapActivity@2538620 in: DESTROYED
12-20 07:49:16.635 23047 23047 V ActivityScenario: Activity lifecycle changed event received but ignored because the intent does not match. startActivityIntent=Intent { act=android.intent.action.MAIN cat=[android.intent.category.LAUNCHER] cmp=com.example.dogglers/.MainActivity }, activity.getIntent()=Intent { act=android.intent.action.MAIN cat=[android.intent.category.LAUNCHER] flg=0x10008000 cmp=com.example.dogglers/androidx.test.core.app.InstrumentationActivityInvoker$BootstrapActivity (has extras) }, activity=androidx.test.core.app.InstrumentationActivityInvoker$BootstrapActivity@2538620
12-20 07:49:16.636 23047 23047 W ActivityThread: handleWindowVisibility: no activity for token android.os.BinderProxy@a2e75b4
12-20 07:49:16.641  3852  4680 I Layer   : id=6649 removeFromCurrentState AppWindowToken{a7b7416 token=Token{aa2a531 ActivityRecord{525cd4a u0 com.example.dogglers/androidx.test.core.app.InstrumentationActivityInvoker$BootstrapActivity t927}}}#0 (64)
12-20 07:49:16.643  3852  4680 I SurfaceFlinger: id=6649 Removed AppWindowToken{a7b7416 token=Token{aa2a531 ActivityRecord{525cd4a u0 com.example.dogglers/androidx.test.core.app.InstrumentationActivityInvoker$BootstrapActivity t927}}}#0 (64)
12-20 07:49:16.643  4310  5045 D InputDispatcher: Focus left window (23047): aa2b38  in display 0 0
12-20 07:49:16.647 23047 23047 D LifecycleMonitor: Lifecycle status change: androidx.test.core.app.InstrumentationActivityInvoker$EmptyActivity@add25dd in: PRE_ON_CREATE
12-20 07:49:16.648 23047 23047 V ActivityScenario: Activity lifecycle changed event received but ignored because the intent does not match. startActivityIntent=Intent { act=android.intent.action.MAIN cat=[android.intent.category.LAUNCHER] cmp=com.example.dogglers/.MainActivity }, activity.getIntent()=Intent { act=android.intent.action.MAIN cat=[android.intent.category.LAUNCHER] flg=0x10000000 cmp=com.example.dogglers/androidx.test.core.app.InstrumentationActivityInvoker$EmptyActivity }, activity=androidx.test.core.app.InstrumentationActivityInvoker$EmptyActivity@add25dd
12-20 07:49:16.659  3852  3852 I Layer   : id=6649[1] Destroyed AppWindowToken{a7b7416 token=Token{aa2a531 ActivityRecord{525cd4a u0 com.example.dogglers/androidx.test.core.app.InstrumentationActivityInvoker$BootstrapActivity t927}}}#0
12-20 07:49:16.661 23047 23047 I MultiWindowDecorSupport: updateCaptionType >> DecorView@1319023[], isFloating: false, isApplication: true, hasWindowDecorCaption: false, hasWindowControllerCallback: true
12-20 07:49:16.661 23047 23047 D MultiWindowDecorSupport: setCaptionType = 0, DecorView = DecorView@1319023[]
12-20 07:49:16.669 23047 23047 D LifecycleMonitor: Lifecycle status change: androidx.test.core.app.InstrumentationActivityInvoker$EmptyActivity@add25dd in: CREATED
12-20 07:49:16.670 23047 23047 V ActivityScenario: Activity lifecycle changed event received but ignored because the intent does not match. startActivityIntent=Intent { act=android.intent.action.MAIN cat=[android.intent.category.LAUNCHER] cmp=com.example.dogglers/.MainActivity }, activity.getIntent()=Intent { act=android.intent.action.MAIN cat=[android.intent.category.LAUNCHER] flg=0x10000000 cmp=com.example.dogglers/androidx.test.core.app.InstrumentationActivityInvoker$EmptyActivity }, activity=androidx.test.core.app.InstrumentationActivityInvoker$EmptyActivity@add25dd
12-20 07:49:16.673 23047 23047 D LifecycleMonitor: Lifecycle status change: androidx.test.core.app.InstrumentationActivityInvoker$EmptyActivity@add25dd in: STARTED
12-20 07:49:16.674 23047 23047 V ActivityScenario: Activity lifecycle changed event received but ignored because the intent does not match. startActivityIntent=Intent { act=android.intent.action.MAIN cat=[android.intent.category.LAUNCHER] cmp=com.example.dogglers/.MainActivity }, activity.getIntent()=Intent { act=android.intent.action.MAIN cat=[android.intent.category.LAUNCHER] flg=0x10000000 cmp=com.example.dogglers/androidx.test.core.app.InstrumentationActivityInvoker$EmptyActivity }, activity=androidx.test.core.app.InstrumentationActivityInvoker$EmptyActivity@add25dd
12-20 07:49:16.677 23047 23047 D LifecycleMonitor: Lifecycle status change: androidx.test.core.app.InstrumentationActivityInvoker$EmptyActivity@add25dd in: RESUMED
12-20 07:49:16.678 23047 23047 V ActivityScenario: Activity lifecycle changed event received but ignored because the intent does not match. startActivityIntent=Intent { act=android.intent.action.MAIN cat=[android.intent.category.LAUNCHER] cmp=com.example.dogglers/.MainActivity }, activity.getIntent()=Intent { act=android.intent.action.MAIN cat=[android.intent.category.LAUNCHER] flg=0x10000000 cmp=com.example.dogglers/androidx.test.core.app.InstrumentationActivityInvoker$EmptyActivity }, activity=androidx.test.core.app.InstrumentationActivityInvoker$EmptyActivity@add25dd
12-20 07:49:16.686  4310  4975 D InputTransport: Input channel constructed: '775a375', fd=453
12-20 07:49:16.686  4310  4975 D InputTransport: Input channel constructed: '775a375', fd=553
12-20 07:49:16.687  3852  3956 I SurfaceFlinger: createSurf start. lock debugging [775a375 com.example.dogglers/androidx.test.core.app.InstrumentationActivityInvoker$EmptyActivity]
12-20 07:49:16.688  3852  3956 I SurfaceFlinger: id=6673 createSurf (0x0),-1 flag=80004, 775a375 com.example.dogglers/androidx.test.core.app.InstrumentationActivityInvoker$EmptyActivity#0
12-20 07:49:16.689  4310  4975 D InputTransport: Input channel destroyed: '775a375', fd=553
12-20 07:49:16.690 23047 23047 D ViewRootImpl@5ffc49e[InstrumentationActivityInvoker$EmptyActivity]: setView = com.android.internal.policy.DecorView@1319023 TM=true MM=false
12-20 07:49:16.693 23047 23047 D ViewRootImpl@2db33f7[GridListActivity]: stopped(true) old=false
12-20 07:49:16.695 23047 23047 D LifecycleMonitor: Lifecycle status change: com.example.dogglers.GridListActivity@92f44b3 in: STOPPED
12-20 07:49:16.696 23047 23047 V ActivityScenario: Activity lifecycle changed event received but ignored because the intent does not match. startActivityIntent=Intent { act=android.intent.action.MAIN cat=[android.intent.category.LAUNCHER] cmp=com.example.dogglers/.MainActivity }, activity.getIntent()=Intent { cmp=com.example.dogglers/.GridListActivity }, activity=com.example.dogglers.GridListActivity@92f44b3
12-20 07:49:16.699 23047 23047 D ViewRootImpl@5fe3725[InstrumentationActivityInvoker$EmptyActivity]: MSG_WINDOW_FOCUS_CHANGED 0 1
12-20 07:49:16.699 23047 23047 D InputMethodManager: prepareNavigationBarInfo() DecorView@ef483ee[InstrumentationActivityInvoker$EmptyActivity]
12-20 07:49:16.699 23047 23047 D InputMethodManager: getNavigationBarColor() -855310
12-20 07:49:16.710  4310  5045 V WindowManager: Relayout Window{775a375 u0 com.example.dogglers/androidx.test.core.app.InstrumentationActivityInvoker$EmptyActivity}: viewVisibility=0 req=1080x2340
12-20 07:49:16.714  3852  3956 I SurfaceFlinger: createSurf start. lock debugging [com.example.dogglers/androidx.test.core.app.InstrumentationActivityInvoker$EmptyActivity$_23047]
12-20 07:49:16.715  3852  3956 I SurfaceFlinger: id=6674 createSurf (1080x2340),1 flag=404, com.example.dogglers/androidx.test.core.app.InstrumentationActivityInvoker$EmptyActivity$_23047#1
12-20 07:49:16.718  4310  4362 D WindowManager: setSystemUiVisibility: displayId=0, vis=0x8018, fullVis=0x0, dockVis=0x0, win=Window{775a375 u0 com.example.dogglers/androidx.test.core.app.InstrumentationActivityInvoker$EmptyActivity}
12-20 07:49:16.719  4310  5045 V WindowManager: Relayout 23047: mAttrs={(0,0)(fillxfill) sim={adjust=pan forwardNavigation} ty=BASE_APPLICATION wanim=0x1030001
12-20 07:49:16.719  4310  5045 V WindowManager:   fl=1810100
12-20 07:49:16.719  4310  5045 V WindowManager:   pfl=10020000
12-20 07:49:16.719  4310  5045 V WindowManager:   vsysui=10 naviIconColor=0}
12-20 07:49:16.722 23047 23047 D ViewRootImpl@5ffc49e[InstrumentationActivityInvoker$EmptyActivity]: Relayout returned: old=(0,0,1080,2340) new=(0,0,1080,2340) req=(1080,2340)0 dur=13 res=0x7 s={true 494847029248} ch=true
12-20 07:49:16.723 23047 23106 D OpenGLRenderer: createReliableSurface : 0x73bd607240, 0x73372e7000
12-20 07:49:16.725 23047 23106 D mali_winsys: EGLint new_window_surface(egl_winsys_display *, void *, EGLSurface, EGLConfig, egl_winsys_surface **, EGLBoolean) returns 0x3000
12-20 07:49:16.741  4310  9813 V WindowManager: Relayout Window{872263e u0 com.example.dogglers/com.example.dogglers.GridListActivity}: viewVisibility=8 req=1080x2340
12-20 07:49:16.747  4310  9813 V WindowManager: Relayout 23047: mAttrs={(0,0)(fillxfill) sim={adjust=pan} ty=BASE_APPLICATION wanim=0x1030305
12-20 07:49:16.747  4310  9813 V WindowManager:   fl=81810100
12-20 07:49:16.747  4310  9813 V WindowManager:   pfl=10020000
12-20 07:49:16.747  4310  9813 V WindowManager:   vsysui=10 naviIconColor=0}
12-20 07:49:16.749 23047 23047 D ViewRootImpl@2db33f7[GridListActivity]: Relayout returned: old=(0,0,1080,2340) new=(0,0,1080,2340) req=(1080,2340)8 dur=9 res=0x5 s={false 0} ch=false
12-20 07:49:16.768  3852  4680 I Layer   : id=6662 removeFromCurrentState com.example.dogglers/com.example.dogglers.GridListActivity$_23047#0 (65)
12-20 07:49:16.768  3852  4680 I SurfaceFlinger: id=6662 Removed com.example.dogglers/com.example.dogglers.GridListActivity$_23047#0 (65)
12-20 07:49:16.776  3852  3852 I Layer   : id=6662[1] Destroyed com.example.dogglers/com.example.dogglers.GridListActivity$_23047#0
12-20 07:49:16.778  4310  9796 D InputDispatcher: Focus entered window (23047): 775a375 in display 0 0
12-20 07:49:16.779 23047 23047 D ViewRootImpl@5ffc49e[InstrumentationActivityInvoker$EmptyActivity]: MSG_WINDOW_FOCUS_CHANGED 1 1
12-20 07:49:16.779 23047 23047 D InputMethodManager: prepareNavigationBarInfo() DecorView@1319023[InstrumentationActivityInvoker$EmptyActivity]
12-20 07:49:16.779 23047 23047 D InputMethodManager: getNavigationBarColor() -855310
12-20 07:49:16.782 23047 23047 D InputMethodManager: prepareNavigationBarInfo() DecorView@1319023[InstrumentationActivityInvoker$EmptyActivity]
12-20 07:49:16.782 23047 23047 D InputMethodManager: getNavigationBarColor() -855310
12-20 07:49:16.782 23047 23047 V InputMethodManager: Starting input: tba=com.example.dogglers ic=null mNaviBarColor -855310 mIsGetNaviBarColorSuccess true , NavVisible : true , NavTrans : false
12-20 07:49:16.782 23047 23047 D InputMethodManager: startInputInner - Id : 0
12-20 07:49:16.782 23047 23047 I InputMethodManager: startInputInner - mService.startInputOrWindowGainedFocus
12-20 07:49:16.784  4310  9796 D InputMethodManagerService: mSecureKeypadEnabled = false
12-20 07:49:16.784  4310  9796 V InputMethodManagerService: hideCurrentInputLocked : shouldHideSoftInput is false
12-20 07:49:16.784  4310  9796 D InputMethodManagerService: mDesktopModeManager null!
12-20 07:49:16.784  4310  9796 V InputMethodManagerService: getDisplayIdOfInputMethodWindowToBeAdded : 0
12-20 07:49:16.785  4310  9796 D InputMethodManagerService: checkDisplayOfStartInputAndUpdateKeyboard display Id 0last 0
12-20 07:49:16.785  4310  9796 D InputTransport: Input channel constructed: 'ClientS', fd=553
12-20 07:49:16.785  4310  9796 D InputTransport: Input channel destroyed: 'ClientS', fd=553
12-20 07:49:16.786 23047 23047 D InputTransport: Input channel destroyed: 'ClientS', fd=81
12-20 07:49:16.786  3852  3852 I SurfaceFlinger: Display 0 HWC layers:
12-20 07:49:16.786  3852  3852 I SurfaceFlinger:     type    |    handle    | flag |  format   |   source crop (l,t,r,b)    |         frame       | name
12-20 07:49:16.786  3852  3852 I SurfaceFlinger: ------------+--------------+------+-----------+----------------------------+---------------------+------
12-20 07:49:16.786  3852  3852 I SurfaceFlinger:      DEVICE | 0x705034d3c0 | 0002 | RGBA_8888 |   0.0    0.0 1080.0 2340.0 |    0    0 1080 2340 | com.example.dogglers/androidx.test.c[...]tivityInvoker$EmptyActivity$_23047#1
12-20 07:49:16.786  3852  3852 I SurfaceFlinger:      DEVICE | 0x706eee2ec0 | 0000 | RGBA_8888 |   0.0    0.0 1080.0   83.0 |    0    0 1080   83 | StatusBar$_4708#0
12-20 07:49:16.786  3852  3852 I SurfaceFlinger:      DEVICE | 0x706eee06c0 | 0000 | RGBA_8888 |   0.0    0.0 1080.0  126.0 |    0 2214 1080 2340 | NavigationBar0$_4708#0
12-20 07:49:16.786  3852  3852 I SurfaceFlinger:      DEVICE | 0x706eedfa40 | 0000 | RGBA_8888 |   0.0    0.0 1080.0  151.0 |    0    0 1080  151 | ScreenDecorOverlay$_4708#0
12-20 07:49:16.786  3852  3852 I SurfaceFlinger:      DEVICE | 0x706eedf7c0 | 0000 | RGBA_8888 |   0.0    0.0 1080.0  151.0 |    0 2189 1080 2340 | ScreenDecorOverlayBottom$_4708#0
12-20 07:49:16.786  3852  3852 I SurfaceFlinger:
12-20 07:49:16.786 23047 23047 D ViewRootImpl@5ffc49e[InstrumentationActivityInvoker$EmptyActivity]: MSG_RESIZED_REPORT: frame=(0,0,1080,2340) ci=(0,83,0,126) vi=(0,83,0,126) or=1
12-20 07:49:16.789  9404  9404 I GoogleInputMethodService: GoogleInputMethodService.onFinishInput():3227
12-20 07:49:16.791  9404  9404 I GoogleInputMethodService: GoogleInputMethodService.updateDeviceLockedStatus():2087 repeatCheckTimes = 0, unlocked = true
12-20 07:49:16.791  9404  9404 D InputMethodService: checkDisplayOfStartInputAndUpdateKeyboard display Id 0last 0
12-20 07:49:16.791  9404  9404 I GoogleInputMethodService: GoogleInputMethodService.onStartInput():1877 onStartInput(EditorInfo{inputType=0x0(NULL) imeOptions=0x0 privateImeOptions=null actionName=UNSPECIFIED actionLabel=null actionId=0 initialSelStart=-1 initialSelEnd=-1 initialCapsMode=0x0 hintText=null label=null packageName=com.example.dogglers fieldId=-1 fieldName=null extras=Bundle[{NaviColor=-855310, Navbar_Color=-855310, displayId=0, NavbarColor_Success=true, Navbar_Visible=true, Navbar_Transparent=false}]}, false)
12-20 07:49:16.792  9404  9404 I GoogleInputMethodService: GoogleInputMethodService.shouldHideHeaderOnInitialState():4008 ShouldHideHeaderOnInitialState = false
12-20 07:49:16.793  9404  9404 I GoogleInputMethodService: GoogleInputMethodService.updateDeviceLockedStatus():2087 repeatCheckTimes = 2, unlocked = true
12-20 07:49:16.816  3852  3956 E BufferQueueProducer: [com.example.dogglers/androidx.test.core.app.InstrumentationActivityInvoker$EmptyActivity$_23047#0] disconnect: not connected (req=1)
12-20 07:49:16.816 23047 23106 W libEGL  : EGLNativeWindowType 0x73bd603a10 disconnect failed
12-20 07:49:16.817  4310  9813 V WindowManager: Relayout Window{aa2b38 u0 com.example.dogglers/androidx.test.core.app.InstrumentationActivityInvoker$EmptyActivity}: viewVisibility=8 req=1080x2340
12-20 07:49:16.822  4310  9813 V WindowManager: Relayout 23047: mAttrs={(0,0)(fillxfill) sim={adjust=pan forwardNavigation} ty=BASE_APPLICATION wanim=0x1030001
12-20 07:49:16.822  4310  9813 V WindowManager:   fl=1810100
12-20 07:49:16.822  4310  9813 V WindowManager:   pfl=10020000
12-20 07:49:16.822  4310  9813 V WindowManager:   vsysui=10 naviIconColor=0}
12-20 07:49:16.826 23047 23047 D ViewRootImpl@5fe3725[InstrumentationActivityInvoker$EmptyActivity]: Relayout returned: old=(0,0,1080,2340) new=(0,0,1080,2340) req=(1080,2340)8 dur=8 res=0x5 s={false 0} ch=true
12-20 07:49:16.827  4310  9813 D InputDispatcher: Focus left window (23047): 775a375 in display 0 0
12-20 07:49:16.831 23047 23047 D LifecycleMonitor: Lifecycle status change: androidx.test.core.app.InstrumentationActivityInvoker$EmptyActivity@add25dd in: PAUSED
12-20 07:49:16.832 23047 23047 V ActivityScenario: Activity lifecycle changed event received but ignored because the intent does not match. startActivityIntent=Intent { act=android.intent.action.MAIN cat=[android.intent.category.LAUNCHER] cmp=com.example.dogglers/.MainActivity }, activity.getIntent()=Intent { act=android.intent.action.MAIN cat=[android.intent.category.LAUNCHER] flg=0x10000000 cmp=com.example.dogglers/androidx.test.core.app.InstrumentationActivityInvoker$EmptyActivity }, activity=androidx.test.core.app.InstrumentationActivityInvoker$EmptyActivity@add25dd
12-20 07:49:16.837  4310  9796 D InputDispatcher: Focused application set to (0): 4f22cf2
12-20 07:49:16.838  4310  9796 I SemPersonaManager: SecureFolder personaId = 150
12-20 07:49:16.847 23047 23047 D ViewRootImpl@5ffc49e[InstrumentationActivityInvoker$EmptyActivity]: MSG_WINDOW_FOCUS_CHANGED 0 1
12-20 07:49:16.847 23047 23047 D InputMethodManager: prepareNavigationBarInfo() DecorView@1319023[InstrumentationActivityInvoker$EmptyActivity]
12-20 07:49:16.847 23047 23047 D InputMethodManager: getNavigationBarColor() -855310
12-20 07:49:16.849 23047 23047 D ViewRootImpl@2db33f7[GridListActivity]: stopped(false) old=true
12-20 07:49:16.849 23047 23047 D LifecycleMonitor: Lifecycle status change: com.example.dogglers.GridListActivity@92f44b3 in: RESTARTED
12-20 07:49:16.850 23047 23047 V ActivityScenario: Activity lifecycle changed event received but ignored because the intent does not match. startActivityIntent=Intent { act=android.intent.action.MAIN cat=[android.intent.category.LAUNCHER] cmp=com.example.dogglers/.MainActivity }, activity.getIntent()=Intent { cmp=com.example.dogglers/.GridListActivity }, activity=com.example.dogglers.GridListActivity@92f44b3
12-20 07:49:16.852 23047 23047 D LifecycleMonitor: Lifecycle status change: com.example.dogglers.GridListActivity@92f44b3 in: STARTED
12-20 07:49:16.853 23047 23047 V ActivityScenario: Activity lifecycle changed event received but ignored because the intent does not match. startActivityIntent=Intent { act=android.intent.action.MAIN cat=[android.intent.category.LAUNCHER] cmp=com.example.dogglers/.MainActivity }, activity.getIntent()=Intent { cmp=com.example.dogglers/.GridListActivity }, activity=com.example.dogglers.GridListActivity@92f44b3
12-20 07:49:16.854 23047 23047 D ViewRootImpl@2db33f7[GridListActivity]: stopped(false) old=false
12-20 07:49:16.855 23047 23047 D LifecycleMonitor: Lifecycle status change: com.example.dogglers.GridListActivity@92f44b3 in: RESUMED
12-20 07:49:16.856 23047 23047 V ActivityScenario: Activity lifecycle changed event received but ignored because the intent does not match. startActivityIntent=Intent { act=android.intent.action.MAIN cat=[android.intent.category.LAUNCHER] cmp=com.example.dogglers/.MainActivity }, activity.getIntent()=Intent { cmp=com.example.dogglers/.GridListActivity }, activity=com.example.dogglers.GridListActivity@92f44b3
12-20 07:49:16.864  4310  9813 V WindowManager: Relayout Window{872263e u0 com.example.dogglers/com.example.dogglers.GridListActivity}: viewVisibility=0 req=1080x2340
12-20 07:49:16.867  3852  3956 I SurfaceFlinger: createSurf start. lock debugging [com.example.dogglers/com.example.dogglers.GridListActivity$_23047]
12-20 07:49:16.867  3852  3956 I SurfaceFlinger: id=6675 createSurf (1080x2340),1 flag=404, com.example.dogglers/com.example.dogglers.GridListActivity$_23047#0
12-20 07:49:16.870  4310  4362 D WindowManager: setSystemUiVisibility: displayId=0, vis=0x8018, fullVis=0x0, dockVis=0x0, win=Window{872263e u0 com.example.dogglers/com.example.dogglers.GridListActivity}
12-20 07:49:16.871  4310  9813 V WindowManager: Relayout 23047: mAttrs={(0,0)(fillxfill) sim={adjust=resize} ty=BASE_APPLICATION wanim=0x1030305
12-20 07:49:16.871  4310  9813 V WindowManager:   fl=81810100
12-20 07:49:16.871  4310  9813 V WindowManager:   pfl=10020000
12-20 07:49:16.871  4310  9813 V WindowManager:   vsysui=10 naviIconColor=0}
12-20 07:49:16.875 23047 23047 D ViewRootImpl@2db33f7[GridListActivity]: Relayout returned: old=(0,0,1080,2340) new=(0,0,1080,2340) req=(1080,2340)0 dur=11 res=0x7 s={true 494846750720} ch=true
12-20 07:49:16.875 23047 23106 D OpenGLRenderer: createReliableSurface : 0x73bd603a00, 0x73372a3000
12-20 07:49:16.876 23047 23106 D mali_winsys: EGLint new_window_surface(egl_winsys_display *, void *, EGLSurface, EGLConfig, egl_winsys_surface **, EGLBoolean) returns 0x3000
12-20 07:49:16.927 23047 23047 D ViewRootImpl@2db33f7[GridListActivity]: MSG_WINDOW_FOCUS_CHANGED 1 1
12-20 07:49:16.927 23047 23047 D InputMethodManager: prepareNavigationBarInfo() DecorView@f95a788[GridListActivity]
12-20 07:49:16.927 23047 23047 D InputMethodManager: getNavigationBarColor() -855310
12-20 07:49:16.931 23047 23047 D InputMethodManager: prepareNavigationBarInfo() DecorView@f95a788[GridListActivity]
12-20 07:49:16.931 23047 23047 D InputMethodManager: getNavigationBarColor() -855310
12-20 07:49:16.931 23047 23047 V InputMethodManager: Starting input: tba=com.example.dogglers ic=null mNaviBarColor -855310 mIsGetNaviBarColorSuccess true , NavVisible : true , NavTrans : false
12-20 07:49:16.931 23047 23047 D InputMethodManager: startInputInner - Id : 0
12-20 07:49:16.931 23047 23047 I InputMethodManager: startInputInner - mService.startInputOrWindowGainedFocus
12-20 07:49:16.932  4310  9826 D InputMethodManagerService: mSecureKeypadEnabled = false
12-20 07:49:16.933  4310  4547 D TelephonyManager: getAllCellInfo : Caller (PID / UID / TID): 4310 / 1000 / 4547
12-20 07:49:16.940  4310  9826 V InputMethodManagerService: hideCurrentInputLocked : shouldHideSoftInput is false
12-20 07:49:16.940  4310  9826 D InputMethodManagerService: mDesktopModeManager null!
