12-20 07:49:10.355  4310  4327 I SemPersonaManager: SecureFolder personaId = 150
12-20 07:49:10.364 23047 23047 W ActivityThread: handleWindowVisibility: no activity for token android.os.BinderProxy@eb69cec
12-20 07:49:10.374  4310  5045 D InputDispatcher: Focus left window (23047): 2cc37d5 in display 0 0
12-20 07:49:10.379 23047 23047 D LifecycleMonitor: Lifecycle status change: androidx.test.core.app.InstrumentationActivityInvoker$EmptyActivity@c806b4a in: PRE_ON_CREATE
12-20 07:49:10.380 23047 23047 V ActivityScenario: Activity lifecycle changed event received but ignored because the intent does not match. startActivityIntent=Intent { act=android.intent.action.MAIN cat=[android.intent.category.LAUNCHER] cmp=com.example.dogglers/.MainActivity }, activity.getIntent()=Intent { act=android.intent.action.MAIN cat=[android.intent.category.LAUNCHER] flg=0x10000000 cmp=com.example.dogglers/androidx.test.core.app.InstrumentationActivityInvoker$EmptyActivity }, activity=androidx.test.core.app.InstrumentationActivityInvoker$EmptyActivity@c806b4a
12-20 07:49:10.393 23047 23047 I MultiWindowDecorSupport: updateCaptionType >> DecorView@de69bd8[], isFloating: false, isApplication: true, hasWindowDecorCaption: false, hasWindowControllerCallback: true
12-20 07:49:10.393 23047 23047 D MultiWindowDecorSupport: setCaptionType = 0, DecorView = DecorView@de69bd8[]
12-20 07:49:10.405 23047 23047 D LifecycleMonitor: Lifecycle status change: androidx.test.core.app.InstrumentationActivityInvoker$EmptyActivity@c806b4a in: CREATED
12-20 07:49:10.406 23047 23047 V ActivityScenario: Activity lifecycle changed event received but ignored because the intent does not match. startActivityIntent=Intent { act=android.intent.action.MAIN cat=[android.intent.category.LAUNCHER] cmp=com.example.dogglers/.MainActivity }, activity.getIntent()=Intent { act=android.intent.action.MAIN cat=[android.intent.category.LAUNCHER] flg=0x10000000 cmp=com.example.dogglers/androidx.test.core.app.InstrumentationActivityInvoker$EmptyActivity }, activity=androidx.test.core.app.InstrumentationActivityInvoker$EmptyActivity@c806b4a
12-20 07:49:10.410 23047 23047 D LifecycleMonitor: Lifecycle status change: androidx.test.core.app.InstrumentationActivityInvoker$EmptyActivity@c806b4a in: STARTED
12-20 07:49:10.411 23047 23047 V ActivityScenario: Activity lifecycle changed event received but ignored because the intent does not match. startActivityIntent=Intent { act=android.intent.action.MAIN cat=[android.intent.category.LAUNCHER] cmp=com.example.dogglers/.MainActivity }, activity.getIntent()=Intent { act=android.intent.action.MAIN cat=[android.intent.category.LAUNCHER] flg=0x10000000 cmp=com.example.dogglers/androidx.test.core.app.InstrumentationActivityInvoker$EmptyActivity }, activity=androidx.test.core.app.InstrumentationActivityInvoker$EmptyActivity@c806b4a
12-20 07:49:10.415 23047 23047 D LifecycleMonitor: Lifecycle status change: androidx.test.core.app.InstrumentationActivityInvoker$EmptyActivity@c806b4a in: RESUMED
12-20 07:49:10.416 23047 23047 V ActivityScenario: Activity lifecycle changed event received but ignored because the intent does not match. startActivityIntent=Intent { act=android.intent.action.MAIN cat=[android.intent.category.LAUNCHER] cmp=com.example.dogglers/.MainActivity }, activity.getIntent()=Intent { act=android.intent.action.MAIN cat=[android.intent.category.LAUNCHER] flg=0x10000000 cmp=com.example.dogglers/androidx.test.core.app.InstrumentationActivityInvoker$EmptyActivity }, activity=androidx.test.core.app.InstrumentationActivityInvoker$EmptyActivity@c806b4a
12-20 07:49:10.425  4310  5045 D InputTransport: Input channel constructed: 'a03924f', fd=716
12-20 07:49:10.425  4310  5045 D InputTransport: Input channel constructed: 'a03924f', fd=717
12-20 07:49:10.425  3852  4644 I SurfaceFlinger: createSurf start. lock debugging [a03924f com.example.dogglers/androidx.test.core.app.InstrumentationActivityInvoker$EmptyActivity]
12-20 07:49:10.426  3852  4644 I SurfaceFlinger: id=6601 createSurf (0x0),-1 flag=80004, a03924f com.example.dogglers/androidx.test.core.app.InstrumentationActivityInvoker$EmptyActivity#0
12-20 07:49:10.427  4310  5045 D InputTransport: Input channel destroyed: 'a03924f', fd=717
12-20 07:49:10.429 23047 23047 D ViewRootImpl@dfaf797[InstrumentationActivityInvoker$EmptyActivity]: setView = com.android.internal.policy.DecorView@de69bd8 TM=true MM=false
12-20 07:49:10.431 23047 23047 D ViewRootImpl@e6251b7[MainActivity]: MSG_WINDOW_FOCUS_CHANGED 0 1
12-20 07:49:10.431 23047 23047 D InputMethodManager: prepareNavigationBarInfo() DecorView@585b05c[MainActivity]
12-20 07:49:10.431 23047 23047 D InputMethodManager: getNavigationBarColor() -855310
12-20 07:49:10.453  4310  5045 V WindowManager: Relayout Window{a03924f u0 com.example.dogglers/androidx.test.core.app.InstrumentationActivityInvoker$EmptyActivity}: viewVisibility=0 req=1080x2340
12-20 07:49:10.456  3852  4644 I SurfaceFlinger: createSurf start. lock debugging [com.example.dogglers/androidx.test.core.app.InstrumentationActivityInvoker$EmptyActivity$_23047]
12-20 07:49:10.457  3852  4644 I SurfaceFlinger: id=6602 createSurf (1080x2340),1 flag=404, com.example.dogglers/androidx.test.core.app.InstrumentationActivityInvoker$EmptyActivity$_23047#0
12-20 07:49:10.460  4310  4362 D WindowManager: setSystemUiVisibility: displayId=0, vis=0x8018, fullVis=0x0, dockVis=0x0, win=Window{a03924f u0 com.example.dogglers/androidx.test.core.app.InstrumentationActivityInvoker$EmptyActivity}
12-20 07:49:10.462  4310  5045 V WindowManager: Relayout 23047: mAttrs={(0,0)(fillxfill) sim={adjust=pan forwardNavigation} ty=BASE_APPLICATION wanim=0x1030001
12-20 07:49:10.462  4310  5045 V WindowManager:   fl=1810100
12-20 07:49:10.462  4310  5045 V WindowManager:   pfl=10020000
12-20 07:49:10.462  4310  5045 V WindowManager:   vsysui=10 naviIconColor=0}
12-20 07:49:10.468 23047 23047 D ViewRootImpl@dfaf797[InstrumentationActivityInvoker$EmptyActivity]: Relayout returned: old=(0,0,1080,2340) new=(0,0,1080,2340) req=(1080,2340)0 dur=17 res=0x7 s={true 494846599168} ch=true
12-20 07:49:10.469 23047 23106 D OpenGLRenderer: createReliableSurface : 0x73bd606d40, 0x733727e000
12-20 07:49:10.471 23047 23106 D mali_winsys: EGLint new_window_surface(egl_winsys_display *, void *, EGLSurface, EGLConfig, egl_winsys_surface **, EGLBoolean) returns 0x3000
12-20 07:49:10.570 23047 23047 D ViewRootImpl@dfaf797[InstrumentationActivityInvoker$EmptyActivity]: MSG_WINDOW_FOCUS_CHANGED 1 1
12-20 07:49:10.570 23047 23047 D InputMethodManager: prepareNavigationBarInfo() DecorView@de69bd8[InstrumentationActivityInvoker$EmptyActivity]
12-20 07:49:10.570 23047 23047 D InputMethodManager: getNavigationBarColor() -855310
12-20 07:49:10.574  4310  4975 D InputDispatcher: Focus entered window (23047): a03924f in display 0 0
12-20 07:49:10.576 23047 23047 D InputMethodManager: prepareNavigationBarInfo() DecorView@de69bd8[InstrumentationActivityInvoker$EmptyActivity]
12-20 07:49:10.576 23047 23047 D InputMethodManager: getNavigationBarColor() -855310
12-20 07:49:10.576 23047 23047 V InputMethodManager: Starting input: tba=com.example.dogglers ic=null mNaviBarColor -855310 mIsGetNaviBarColorSuccess true , NavVisible : true , NavTrans : false
12-20 07:49:10.576 23047 23047 D InputMethodManager: startInputInner - Id : 0
12-20 07:49:10.577 23047 23047 I InputMethodManager: startInputInner - mService.startInputOrWindowGainedFocus
12-20 07:49:10.578  4310  4327 D InputMethodManagerService: mSecureKeypadEnabled = false
12-20 07:49:10.580  4310  4327 V InputMethodManagerService: hideCurrentInputLocked : shouldHideSoftInput is false
12-20 07:49:10.580  4310  4327 D InputMethodManagerService: mDesktopModeManager null!
12-20 07:49:10.580  4310  4327 V InputMethodManagerService: getDisplayIdOfInputMethodWindowToBeAdded : 0
12-20 07:49:10.581  4310  4327 D InputMethodManagerService: checkDisplayOfStartInputAndUpdateKeyboard display Id 0last 0
12-20 07:49:10.581  4310  4327 D InputTransport: Input channel constructed: 'ClientS', fd=717
12-20 07:49:10.581  4310  4327 D InputTransport: Input channel destroyed: 'ClientS', fd=717
12-20 07:49:10.582 23047 23047 D InputTransport: Input channel destroyed: 'ClientS', fd=74
12-20 07:49:10.584 23047 23047 D ViewRootImpl@dfaf797[InstrumentationActivityInvoker$EmptyActivity]: MSG_RESIZED: frame=(0,0,1080,2340) ci=(0,83,0,126) vi=(0,83,0,126) or=1
12-20 07:49:10.586  3852  3852 I SurfaceFlinger: Display 0 HWC layers:
12-20 07:49:10.586  3852  3852 I SurfaceFlinger:     type    |    handle    | flag |  format   |   source crop (l,t,r,b)    |         frame       | name
12-20 07:49:10.586  3852  3852 I SurfaceFlinger: ------------+--------------+------+-----------+----------------------------+---------------------+------
12-20 07:49:10.586  3852  3852 I SurfaceFlinger:      DEVICE | 0x706eee0080 | 0002 | RGBA_8888 |   0.0    0.0 1080.0 2340.0 |    0    0 1080 2340 | com.example.dogglers/androidx.test.c[...]tivityInvoker$EmptyActivity$_23047#0
12-20 07:49:10.586  3852  3852 I SurfaceFlinger:      DEVICE | 0x706eee2ec0 | 0000 | RGBA_8888 |   0.0    0.0 1080.0   83.0 |    0    0 1080   83 | StatusBar$_4708#0
12-20 07:49:10.586  3852  3852 I SurfaceFlinger:      DEVICE | 0x706eedeb40 | 0000 | RGBA_8888 |   0.0    0.0 1080.0  126.0 |    0 2214 1080 2340 | NavigationBar0$_4708#0
12-20 07:49:10.586  3852  3852 I SurfaceFlinger:      DEVICE | 0x706eedfa40 | 0000 | RGBA_8888 |   0.0    0.0 1080.0  151.0 |    0    0 1080  151 | ScreenDecorOverlay$_4708#0
12-20 07:49:10.586  3852  3852 I SurfaceFlinger:      DEVICE | 0x706eedf7c0 | 0000 | RGBA_8888 |   0.0    0.0 1080.0  151.0 |    0 2189 1080 2340 | ScreenDecorOverlayBottom$_4708#0
12-20 07:49:10.586  3852  3852 I SurfaceFlinger:
12-20 07:49:10.590  9404  9404 I GoogleInputMethodService: GoogleInputMethodService.onFinishInput():3227
12-20 07:49:10.596  9404  9404 I GoogleInputMethodService: GoogleInputMethodService.updateDeviceLockedStatus():2087 repeatCheckTimes = 0, unlocked = true
12-20 07:49:10.596  9404  9404 D InputMethodService: checkDisplayOfStartInputAndUpdateKeyboard display Id 0last 0
12-20 07:49:10.597  9404  9404 I GoogleInputMethodService: GoogleInputMethodService.onStartInput():1877 onStartInput(EditorInfo{inputType=0x0(NULL) imeOptions=0x0 privateImeOptions=null actionName=UNSPECIFIED actionLabel=null actionId=0 initialSelStart=-1 initialSelEnd=-1 initialCapsMode=0x0 hintText=null label=null packageName=com.example.dogglers fieldId=-1 fieldName=null extras=Bundle[{NaviColor=-855310, Navbar_Color=-855310, displayId=0, NavbarColor_Success=true, Navbar_Visible=true, Navbar_Transparent=false}]}, false)
12-20 07:49:10.597  9404  9404 I GoogleInputMethodService: GoogleInputMethodService.shouldHideHeaderOnInitialState():4008 ShouldHideHeaderOnInitialState = false
12-20 07:49:10.599  9404  9404 I GoogleInputMethodService: GoogleInputMethodService.updateDeviceLockedStatus():2087 repeatCheckTimes = 2, unlocked = true
12-20 07:49:10.604  3852  5384 I SurfaceFlinger: createSurf start. lock debugging [AppWindowToken{491e99 token=Token{2f82be0 ActivityRecord{d8795e3 u0 com.example.dogglers/androidx.test.core.app.InstrumentationActivityInvoker$EmptyActivity t925}}}]
12-20 07:49:10.604  3852  5384 I SurfaceFlinger: id=6603 createSurf (0x0),-1 flag=80004, AppWindowToken{491e99 token=Token{2f82be0 ActivityRecord{d8795e3 u0 com.example.dogglers/androidx.test.core.app.InstrumentationActivityInvoker$EmptyActivity t925}}}#0
12-20 07:49:10.641  3852  5384 E BufferQueueProducer: [com.example.dogglers/com.example.dogglers.MainActivity$_23047#0] disconnect: not connected (req=1)
12-20 07:49:10.641 23047 23106 W libEGL  : EGLNativeWindowType 0x744a27b890 disconnect failed
12-20 07:49:10.643  4310  9826 V WindowManager: Relayout Window{2cc37d5 u0 com.example.dogglers/com.example.dogglers.MainActivity}: viewVisibility=8 req=1080x2340
12-20 07:49:10.649  4310  9826 V WindowManager: Relayout 23047: mAttrs={(0,0)(fillxfill) sim={adjust=pan forwardNavigation} ty=BASE_APPLICATION wanim=0x1030305
12-20 07:49:10.649  4310  9826 V WindowManager:   fl=81810100
12-20 07:49:10.649  4310  9826 V WindowManager:   pfl=10020000
12-20 07:49:10.649  4310  9826 V WindowManager:   vsysui=10 naviIconColor=0}
12-20 07:49:10.654 23047 23047 D ViewRootImpl@e6251b7[MainActivity]: Relayout returned: old=(0,0,1080,2340) new=(0,0,1080,2340) req=(1080,2340)8 dur=12 res=0x5 s={false 0} ch=true
12-20 07:49:10.661 23047 23047 D LifecycleMonitor: Lifecycle status change: androidx.test.core.app.InstrumentationActivityInvoker$EmptyActivity@c806b4a in: PAUSED
12-20 07:49:10.663 23047 23047 V ActivityScenario: Activity lifecycle changed event received but ignored because the intent does not match. startActivityIntent=Intent { act=android.intent.action.MAIN cat=[android.intent.category.LAUNCHER] cmp=com.example.dogglers/.MainActivity }, activity.getIntent()=Intent { act=android.intent.action.MAIN cat=[android.intent.category.LAUNCHER] flg=0x10000000 cmp=com.example.dogglers/androidx.test.core.app.InstrumentationActivityInvoker$EmptyActivity }, activity=androidx.test.core.app.InstrumentationActivityInvoker$EmptyActivity@c806b4a
12-20 07:49:10.672  4310  9826 D InputDispatcher: Focused application set to (0): 491e99
12-20 07:49:10.673  4310  9826 I SemPersonaManager: SecureFolder personaId = 150
12-20 07:49:10.684 23047 23047 D LifecycleMonitor: Lifecycle status change: androidx.test.core.app.InstrumentationActivityInvoker$BootstrapActivity@4fdfe5e in: DESTROYED
12-20 07:49:10.685 23047 23047 V ActivityScenario: Activity lifecycle changed event received but ignored because the intent does not match. startActivityIntent=Intent { act=android.intent.action.MAIN cat=[android.intent.category.LAUNCHER] cmp=com.example.dogglers/.MainActivity }, activity.getIntent()=Intent { act=android.intent.action.MAIN cat=[android.intent.category.LAUNCHER] flg=0x10008000 cmp=com.example.dogglers/androidx.test.core.app.InstrumentationActivityInvoker$BootstrapActivity (has extras) }, activity=androidx.test.core.app.InstrumentationActivityInvoker$BootstrapActivity@4fdfe5e
12-20 07:49:10.686 23047 23047 W ActivityThread: handleWindowVisibility: no activity for token android.os.BinderProxy@44a796d
12-20 07:49:10.694  3852  5384 I Layer   : id=6589 removeFromCurrentState AppWindowToken{e1fe9d token=Token{fd03974 ActivityRecord{b2fcd47 u0 com.example.dogglers/androidx.test.core.app.InstrumentationActivityInvoker$BootstrapActivity t925}}}#0 (57)
12-20 07:49:10.706 23047 23047 D LifecycleMonitor: Lifecycle status change: androidx.test.core.app.InstrumentationActivityInvoker$EmptyActivity@c0319a2 in: PRE_ON_CREATE
12-20 07:49:10.708 23047 23047 V ActivityScenario: Activity lifecycle changed event received but ignored because the intent does not match. startActivityIntent=Intent { act=android.intent.action.MAIN cat=[android.intent.category.LAUNCHER] cmp=com.example.dogglers/.MainActivity }, activity.getIntent()=Intent { act=android.intent.action.MAIN cat=[android.intent.category.LAUNCHER] flg=0x10000000 cmp=com.example.dogglers/androidx.test.core.app.InstrumentationActivityInvoker$EmptyActivity }, activity=androidx.test.core.app.InstrumentationActivityInvoker$EmptyActivity@c0319a2
12-20 07:49:10.708  4310  9826 D InputDispatcher: Focus left window (23047): a03924f in display 0 0
12-20 07:49:10.720 23047 23047 I MultiWindowDecorSupport: updateCaptionType >> DecorView@b110df0[], isFloating: false, isApplication: true, hasWindowDecorCaption: false, hasWindowControllerCallback: true
12-20 07:49:10.720 23047 23047 D MultiWindowDecorSupport: setCaptionType = 0, DecorView = DecorView@b110df0[]
12-20 07:49:10.731 23047 23047 D LifecycleMonitor: Lifecycle status change: androidx.test.core.app.InstrumentationActivityInvoker$EmptyActivity@c0319a2 in: CREATED
12-20 07:49:10.732 23047 23047 V ActivityScenario: Activity lifecycle changed event received but ignored because the intent does not match. startActivityIntent=Intent { act=android.intent.action.MAIN cat=[android.intent.category.LAUNCHER] cmp=com.example.dogglers/.MainActivity }, activity.getIntent()=Intent { act=android.intent.action.MAIN cat=[android.intent.category.LAUNCHER] flg=0x10000000 cmp=com.example.dogglers/androidx.test.core.app.InstrumentationActivityInvoker$EmptyActivity }, activity=androidx.test.core.app.InstrumentationActivityInvoker$EmptyActivity@c0319a2
12-20 07:49:10.738 23047 23047 D LifecycleMonitor: Lifecycle status change: androidx.test.core.app.InstrumentationActivityInvoker$EmptyActivity@c0319a2 in: STARTED
12-20 07:49:10.740 23047 23047 V ActivityScenario: Activity lifecycle changed event received but ignored because the intent does not match. startActivityIntent=Intent { act=android.intent.action.MAIN cat=[android.intent.category.LAUNCHER] cmp=com.example.dogglers/.MainActivity }, activity.getIntent()=Intent { act=android.intent.action.MAIN cat=[android.intent.category.LAUNCHER] flg=0x10000000 cmp=com.example.dogglers/androidx.test.core.app.InstrumentationActivityInvoker$EmptyActivity }, activity=androidx.test.core.app.InstrumentationActivityInvoker$EmptyActivity@c0319a2
12-20 07:49:10.745 23047 23047 D LifecycleMonitor: Lifecycle status change: androidx.test.core.app.InstrumentationActivityInvoker$EmptyActivity@c0319a2 in: RESUMED
12-20 07:49:10.746 23047 23047 V ActivityScenario: Activity lifecycle changed event received but ignored because the intent does not match. startActivityIntent=Intent { act=android.intent.action.MAIN cat=[android.intent.category.LAUNCHER] cmp=com.example.dogglers/.MainActivity }, activity.getIntent()=Intent { act=android.intent.action.MAIN cat=[android.intent.category.LAUNCHER] flg=0x10000000 cmp=com.example.dogglers/androidx.test.core.app.InstrumentationActivityInvoker$EmptyActivity }, activity=androidx.test.core.app.InstrumentationActivityInvoker$EmptyActivity@c0319a2
12-20 07:49:10.755  4310  9826 D InputTransport: Input channel constructed: '94707d1', fd=717
12-20 07:49:10.755  4310  9826 D InputTransport: Input channel constructed: '94707d1', fd=718
12-20 07:49:10.756  3852  5384 I SurfaceFlinger: createSurf start. lock debugging [94707d1 com.example.dogglers/androidx.test.core.app.InstrumentationActivityInvoker$EmptyActivity]
12-20 07:49:10.757  3852  5384 I SurfaceFlinger: id=6604 createSurf (0x0),-1 flag=80004, 94707d1 com.example.dogglers/androidx.test.core.app.InstrumentationActivityInvoker$EmptyActivity#0
12-20 07:49:10.758  4310  9826 D InputTransport: Input channel destroyed: '94707d1', fd=718
12-20 07:49:10.760 23047 23047 D ViewRootImpl@e7f428f[InstrumentationActivityInvoker$EmptyActivity]: setView = com.android.internal.policy.DecorView@b110df0 TM=true MM=false
12-20 07:49:10.763 23047 23047 D ViewRootImpl@e6251b7[MainActivity]: stopped(true) old=false
12-20 07:49:10.764 23047 23047 D LifecycleMonitor: Lifecycle status change: com.example.dogglers.MainActivity@3b94d09 in: STOPPED
12-20 07:49:10.765 23047 23047 V ActivityScenario: Update currentActivityStage to STOPPED, currentActivity=com.example.dogglers.MainActivity@3b94d09
12-20 07:49:10.769 23047 23047 D LifecycleMonitor: Lifecycle status change: com.example.dogglers.MainActivity@3b94d09 in: DESTROYED
12-20 07:49:10.769 23047 23047 V ActivityScenario: Update currentActivityStage to DESTROYED, currentActivity=null
12-20 07:49:10.774 23047 23047 D ViewRootImpl@e6251b7[MainActivity]: dispatchDetachedFromWindow
12-20 07:49:10.775  4310  9826 D InputTransport: Input channel destroyed: '2cc37d5', fd=729
12-20 07:49:10.777  3852  5384 I Layer   : id=6598 removeFromCurrentState com.example.dogglers/com.example.dogglers.MainActivity$_23047#0 (58)
12-20 07:49:10.777  3852  5384 I SurfaceFlinger: id=6598 Removed com.example.dogglers/com.example.dogglers.MainActivity$_23047#0 (58)
12-20 07:49:10.779  3852  5384 I Layer   : id=6597 removeFromCurrentState 2cc37d5 com.example.dogglers/com.example.dogglers.MainActivity#0 (58)
12-20 07:49:10.781  3852  5384 I SurfaceFlinger: id=6597 Removed 2cc37d5 com.example.dogglers/com.example.dogglers.MainActivity#0 (58)
12-20 07:49:10.781 23047 23047 D InputTransport: Input channel destroyed: '2cc37d5', fd=66
12-20 07:49:10.784 23047 23047 D ViewRootImpl@dfaf797[InstrumentationActivityInvoker$EmptyActivity]: MSG_WINDOW_FOCUS_CHANGED 0 1
12-20 07:49:10.785 23047 23047 D InputMethodManager: prepareNavigationBarInfo() DecorView@de69bd8[InstrumentationActivityInvoker$EmptyActivity]
12-20 07:49:10.785 23047 23047 D InputMethodManager: getNavigationBarColor() -855310
12-20 07:49:10.788  3852  5384 I Layer   : id=6592 removeFromCurrentState AppWindowToken{df70bdf token=Token{cfc0a7e ActivityRecord{2977439 u0 com.example.dogglers/.MainActivity t925}}}#0 (58)
12-20 07:49:10.790  3852  3852 I Layer   : id=6598[1] Destroyed com.example.dogglers/com.example.dogglers.MainActivity$_23047#0
12-20 07:49:10.791  3852  3852 I Layer   : id=6597[1] Destroyed 2cc37d5 com.example.dogglers/com.example.dogglers.MainActivity#0
12-20 07:49:10.793  3852  5384 I SurfaceFlinger: id=6592 Removed AppWindowToken{df70bdf token=Token{cfc0a7e ActivityRecord{2977439 u0 com.example.dogglers/.MainActivity t925}}}#0 (56)
12-20 07:49:10.798  3936  4893 I GNSS_MEMS: TGT_MEMS SCSCMemsReportSensorDrops: dropped 0 events (spam) 1 events (rate limit) out of 50 total for sensor 0 since last report
12-20 07:49:10.798  4310  9796 V WindowManager: Relayout Window{94707d1 u0 com.example.dogglers/androidx.test.core.app.InstrumentationActivityInvoker$EmptyActivity}: viewVisibility=0 req=1080x2340
12-20 07:49:10.799  4310  4361 D LocationManagerService: GnssStatusListener from uid 10082 is now foreground
12-20 07:49:10.799  4310  4361 D LocationManagerService: GnssStatusListener from uid 10082 is now foreground
12-20 07:49:10.800  3900  4683 I CameraService: onUidStateChanged: uid=99196, procState=6
12-20 07:49:10.800  3900  4683 I CameraService: onUidStateChanged: uid=10082, procState=6
12-20 07:49:10.803  3852  4644 I SurfaceFlinger: createSurf start. lock debugging [com.example.dogglers/androidx.test.core.app.InstrumentationActivityInvoker$EmptyActivity$_23047]
12-20 07:49:10.803  3852  4644 I SurfaceFlinger: id=6605 createSurf (1080x2340),1 flag=404, com.example.dogglers/androidx.test.core.app.InstrumentationActivityInvoker$EmptyActivity$_23047#1
12-20 07:49:10.806  4310  4362 D WindowManager: setSystemUiVisibility: displayId=0, vis=0x8018, fullVis=0x0, dockVis=0x0, win=Window{94707d1 u0 com.example.dogglers/androidx.test.core.app.InstrumentationActivityInvoker$EmptyActivity}
12-20 07:49:10.806  3852  3852 I Layer   : id=6592[1] Destroyed AppWindowToken{df70bdf token=Token{cfc0a7e ActivityRecord{2977439 u0 com.example.dogglers/.MainActivity t925}}}#0
12-20 07:49:10.807  4310  9796 V WindowManager: Relayout 23047: mAttrs={(0,0)(fillxfill) sim={adjust=pan forwardNavigation} ty=BASE_APPLICATION wanim=0x1030001
12-20 07:49:10.807  4310  9796 V WindowManager:   fl=1810100
12-20 07:49:10.807  4310  9796 V WindowManager:   pfl=10020000
12-20 07:49:10.807  4310  9796 V WindowManager:   vsysui=10 naviIconColor=0}
12-20 07:49:10.813 23047 23047 D ViewRootImpl@e7f428f[InstrumentationActivityInvoker$EmptyActivity]: Relayout returned: old=(0,0,1080,2340) new=(0,0,1080,2340) req=(1080,2340)0 dur=17 res=0x7 s={true 495386755072} ch=true
12-20 07:49:10.814 23047 23106 D OpenGLRenderer: createReliableSurface : 0x73bd604040, 0x73575a0000
12-20 07:49:10.816 23047 23106 D mali_winsys: EGLint new_window_surface(egl_winsys_display *, void *, EGLSurface, EGLConfig, egl_winsys_surface **, EGLBoolean) returns 0x3000
12-20 07:49:10.849 23047 23047 D ViewRootImpl@e7f428f[InstrumentationActivityInvoker$EmptyActivity]: MSG_WINDOW_FOCUS_CHANGED 1 1
12-20 07:49:10.850 23047 23047 D InputMethodManager: prepareNavigationBarInfo() DecorView@b110df0[InstrumentationActivityInvoker$EmptyActivity]
12-20 07:49:10.850 23047 23047 D InputMethodManager: getNavigationBarColor() -855310
12-20 07:49:10.853 23047 23047 D InputMethodManager: prepareNavigationBarInfo() DecorView@b110df0[InstrumentationActivityInvoker$EmptyActivity]
12-20 07:49:10.853 23047 23047 D InputMethodManager: getNavigationBarColor() -855310
12-20 07:49:10.853 23047 23047 V InputMethodManager: Starting input: tba=com.example.dogglers ic=null mNaviBarColor -855310 mIsGetNaviBarColorSuccess true , NavVisible : true , NavTrans : false
12-20 07:49:10.853 23047 23047 D InputMethodManager: startInputInner - Id : 0
12-20 07:49:10.853 23047 23047 I InputMethodManager: startInputInner - mService.startInputOrWindowGainedFocus
12-20 07:49:10.854  4310  9796 D InputMethodManagerService: mSecureKeypadEnabled = false
12-20 07:49:10.858  4310  9826 D InputDispatcher: Focus entered window (23047): 94707d1 in display 0 0
12-20 07:49:10.861  4310  9796 V InputMethodManagerService: hideCurrentInputLocked : shouldHideSoftInput is false
12-20 07:49:10.861  4310  9796 D InputMethodManagerService: mDesktopModeManager null!
12-20 07:49:10.861  4310  9796 V InputMethodManagerService: getDisplayIdOfInputMethodWindowToBeAdded : 0
12-20 07:49:10.862  4310  9796 D InputMethodManagerService: checkDisplayOfStartInputAndUpdateKeyboard display Id 0last 0
12-20 07:49:10.862  4310  9796 D InputTransport: Input channel constructed: 'ClientS', fd=718
12-20 07:49:10.862  4310  9796 D InputTransport: Input channel destroyed: 'ClientS', fd=718
12-20 07:49:10.863 23047 23047 D InputTransport: Input channel destroyed: 'ClientS', fd=86
12-20 07:49:10.864  9404  9404 I GoogleInputMethodService: GoogleInputMethodService.onFinishInput():3227
12-20 07:49:10.864 23047 23047 D ViewRootImpl@e7f428f[InstrumentationActivityInvoker$EmptyActivity]: MSG_RESIZED: frame=(0,0,1080,2340) ci=(0,83,0,126) vi=(0,83,0,126) or=1
12-20 07:49:10.866  3852  3852 I SurfaceFlinger: Display 0 HWC layers:
12-20 07:49:10.866  3852  3852 I SurfaceFlinger:     type    |    handle    | flag |  format   |   source crop (l,t,r,b)    |         frame       | name
12-20 07:49:10.866  3852  3852 I SurfaceFlinger: ------------+--------------+------+-----------+----------------------------+---------------------+------
12-20 07:49:10.866  3852  3852 I SurfaceFlinger:      DEVICE | 0x705034e7c0 | 0002 | RGBA_8888 |   0.0    0.0 1080.0 2340.0 |    0    0 1080 2340 | com.example.dogglers/androidx.test.c[...]tivityInvoker$EmptyActivity$_23047#1
12-20 07:49:10.866  3852  3852 I SurfaceFlinger:      DEVICE | 0x706eee2ec0 | 0000 | RGBA_8888 |   0.0    0.0 1080.0   83.0 |    0    0 1080   83 | StatusBar$_4708#0
12-20 07:49:10.866  3852  3852 I SurfaceFlinger:      DEVICE | 0x706eedeb40 | 0000 | RGBA_8888 |   0.0    0.0 1080.0  126.0 |    0 2214 1080 2340 | NavigationBar0$_4708#0
12-20 07:49:10.866  3852  3852 I SurfaceFlinger:      DEVICE | 0x706eedfa40 | 0000 | RGBA_8888 |   0.0    0.0 1080.0  151.0 |    0    0 1080  151 | ScreenDecorOverlay$_4708#0
12-20 07:49:10.866  3852  3852 I SurfaceFlinger:      DEVICE | 0x706eedf7c0 | 0000 | RGBA_8888 |   0.0    0.0 1080.0  151.0 |    0 2189 1080 2340 | ScreenDecorOverlayBottom$_4708#0
12-20 07:49:10.866  3852  3852 I SurfaceFlinger:
12-20 07:49:10.868  9404  9404 I GoogleInputMethodService: GoogleInputMethodService.updateDeviceLockedStatus():2087 repeatCheckTimes = 0, unlocked = true
12-20 07:49:10.868  9404  9404 D InputMethodService: checkDisplayOfStartInputAndUpdateKeyboard display Id 0last 0
12-20 07:49:10.869  9404  9404 I GoogleInputMethodService: GoogleInputMethodService.onStartInput():1877 onStartInput(EditorInfo{inputType=0x0(NULL) imeOptions=0x0 privateImeOptions=null actionName=UNSPECIFIED actionLabel=null actionId=0 initialSelStart=-1 initialSelEnd=-1 initialCapsMode=0x0 hintText=null label=null packageName=com.example.dogglers fieldId=-1 fieldName=null extras=Bundle[{NaviColor=-855310, Navbar_Color=-855310, displayId=0, NavbarColor_Success=true, Navbar_Visible=true, Navbar_Transparent=false}]}, false)
12-20 07:49:10.869  9404  9404 I GoogleInputMethodService: GoogleInputMethodService.shouldHideHeaderOnInitialState():4008 ShouldHideHeaderOnInitialState = false
12-20 07:49:10.870  9404  9404 I GoogleInputMethodService: GoogleInputMethodService.updateDeviceLockedStatus():2087 repeatCheckTimes = 2, unlocked = true
12-20 07:49:10.874  4310  9826 D InputDispatcher: Focused application set to (0): 1876ef7
12-20 07:49:10.876  4310  9826 I SemPersonaManager: SecureFolder personaId = 150
12-20 07:49:10.877  4310  9826 I SemPersonaManager: SecureFolder personaId = 150
12-20 07:49:10.886  4310  4547 D TelephonyManager: getAllCellInfo : Caller (PID / UID / TID): 4310 / 1000 / 4547
12-20 07:49:10.893  4708  4708 D SecStatusBarWifiView: updateState: WifiIconState(resId=2131232700, visible=true, activityId=2131232706)
12-20 07:49:10.894  3852  4644 E BufferQueueProducer: [com.example.dogglers/androidx.test.core.app.InstrumentationActivityInvoker$EmptyActivity$_23047#0] disconnect: not connected (req=1)
12-20 07:49:10.894 23047 23106 W libEGL  : EGLNativeWindowType 0x73bd606d50 disconnect failed
12-20 07:49:10.896  4708  4943 D Tile.WifiTile: handleUpdateState isTransient=false transientEnabling =false cb.isTransient=false state.state = 2 mStateBeforeClick.value =false enabled =true
12-20 07:49:10.897  4310  9826 V WindowManager: Relayout Window{a03924f u0 com.example.dogglers/androidx.test.core.app.InstrumentationActivityInvoker$EmptyActivity}: viewVisibility=8 req=1080x2340
12-20 07:49:10.903  4310  9826 V WindowManager: Relayout 23047: mAttrs={(0,0)(fillxfill) sim={adjust=pan forwardNavigation} ty=BASE_APPLICATION wanim=0x1030001
12-20 07:49:10.903  4310  9826 V WindowManager:   fl=1810100
12-20 07:49:10.903  4310  9826 V WindowManager:   pfl=10020000
12-20 07:49:10.903  4310  9826 V WindowManager:   vsysui=10 naviIconColor=0}
12-20 07:49:10.907  4310  9796 D InputDispatcher: Focus left window (23047): 94707d1 in display 0 0
12-20 07:49:10.907 23047 23047 D ViewRootImpl@dfaf797[InstrumentationActivityInvoker$EmptyActivity]: Relayout returned: old=(0,0,1080,2340) new=(0,0,1080,2340) req=(1080,2340)8 dur=12 res=0x5 s={false 0} ch=true
12-20 07:49:10.915 23047 23047 D LifecycleMonitor: Lifecycle status change: androidx.test.core.app.InstrumentationActivityInvoker$EmptyActivity@c0319a2 in: PAUSED
12-20 07:49:10.916 23047 23047 V ActivityScenario: Activity lifecycle changed event received but ignored because the intent does not match. startActivityIntent=Intent { act=android.intent.action.MAIN cat=[android.intent.category.LAUNCHER] cmp=com.example.dogglers/.MainActivity }, activity.getIntent()=Intent { act=android.intent.action.MAIN cat=[android.intent.category.LAUNCHER] flg=0x10000000 cmp=com.example.dogglers/androidx.test.core.app.InstrumentationActivityInvoker$EmptyActivity }, activity=androidx.test.core.app.InstrumentationActivityInvoker$EmptyActivity@c0319a2
12-20 07:49:10.925  4310  9796 I SemPersonaManager: SecureFolder personaId = 150
12-20 07:49:10.934 23047 23047 D ViewRootImpl@e7f428f[InstrumentationActivityInvoker$EmptyActivity]: MSG_WINDOW_FOCUS_CHANGED 0 1
12-20 07:49:10.934 23047 23047 D InputMethodManager: prepareNavigationBarInfo() DecorView@b110df0[InstrumentationActivityInvoker$EmptyActivity]
12-20 07:49:10.935 23047 23047 D InputMethodManager: getNavigationBarColor() -855310
12-20 07:49:10.936 23047 23047 D ViewRootImpl@dfaf797[InstrumentationActivityInvoker$EmptyActivity]: stopped(true) old=false
12-20 07:49:10.937 23047 23047 D LifecycleMonitor: Lifecycle status change: androidx.test.core.app.InstrumentationActivityInvoker$EmptyActivity@c806b4a in: STOPPED
12-20 07:49:10.938 23047 23103 I TestRunner: finished: grid_list_button_is_displayed(com.example.dogglers.ButtonTests)
