12-20 07:49:22.668 23047 23047 V ActivityScenario: Activity lifecycle changed event received but ignored because the intent does not match. startActivityIntent=Intent { act=android.intent.action.MAIN cat=[android.intent.category.LAUNCHER] cmp=com.example.dogglers/.MainActivity }, activity.getIntent()=Intent { act=android.intent.action.MAIN cat=[android.intent.category.LAUNCHER] flg=0x10008000 cmp=com.example.dogglers/androidx.test.core.app.InstrumentationActivityInvoker$BootstrapActivity (has extras) }, activity=androidx.test.core.app.InstrumentationActivityInvoker$BootstrapActivity@d9ff896
12-20 07:49:22.669 23047 23047 W ActivityThread: handleWindowVisibility: no activity for token android.os.BinderProxy@f545bc1
12-20 07:49:22.676  3852  3956 I Layer   : id=6744 removeFromCurrentState AppWindowToken{fb5bad9 token=Token{6809120 ActivityRecord{d243d52 u0 com.example.dogglers/androidx.test.core.app.InstrumentationActivityInvoker$BootstrapActivity t930}}}#0 (70)
12-20 07:49:22.680  4310  9743 D InputDispatcher: Focus left window (23047): 60abe84 in display 0 0
12-20 07:49:22.690 23047 23047 D LifecycleMonitor: Lifecycle status change: androidx.test.core.app.InstrumentationActivityInvoker$EmptyActivity@3260f66 in: PRE_ON_CREATE
12-20 07:49:22.691 23047 23047 V ActivityScenario: Activity lifecycle changed event received but ignored because the intent does not match. startActivityIntent=Intent { act=android.intent.action.MAIN cat=[android.intent.category.LAUNCHER] cmp=com.example.dogglers/.MainActivity }, activity.getIntent()=Intent { act=android.intent.action.MAIN cat=[android.intent.category.LAUNCHER] flg=0x10000000 cmp=com.example.dogglers/androidx.test.core.app.InstrumentationActivityInvoker$EmptyActivity }, activity=androidx.test.core.app.InstrumentationActivityInvoker$EmptyActivity@3260f66
12-20 07:49:22.704 23047 23047 I MultiWindowDecorSupport: updateCaptionType >> DecorView@e47c354[], isFloating: false, isApplication: true, hasWindowDecorCaption: false, hasWindowControllerCallback: true
12-20 07:49:22.704 23047 23047 D MultiWindowDecorSupport: setCaptionType = 0, DecorView = DecorView@e47c354[]
12-20 07:49:22.714 23047 23047 D LifecycleMonitor: Lifecycle status change: androidx.test.core.app.InstrumentationActivityInvoker$EmptyActivity@3260f66 in: CREATED
12-20 07:49:22.715 23047 23047 V ActivityScenario: Activity lifecycle changed event received but ignored because the intent does not match. startActivityIntent=Intent { act=android.intent.action.MAIN cat=[android.intent.category.LAUNCHER] cmp=com.example.dogglers/.MainActivity }, activity.getIntent()=Intent { act=android.intent.action.MAIN cat=[android.intent.category.LAUNCHER] flg=0x10000000 cmp=com.example.dogglers/androidx.test.core.app.InstrumentationActivityInvoker$EmptyActivity }, activity=androidx.test.core.app.InstrumentationActivityInvoker$EmptyActivity@3260f66
12-20 07:49:22.718 23047 23047 D LifecycleMonitor: Lifecycle status change: androidx.test.core.app.InstrumentationActivityInvoker$EmptyActivity@3260f66 in: STARTED
12-20 07:49:22.719 23047 23047 V ActivityScenario: Activity lifecycle changed event received but ignored because the intent does not match. startActivityIntent=Intent { act=android.intent.action.MAIN cat=[android.intent.category.LAUNCHER] cmp=com.example.dogglers/.MainActivity }, activity.getIntent()=Intent { act=android.intent.action.MAIN cat=[android.intent.category.LAUNCHER] flg=0x10000000 cmp=com.example.dogglers/androidx.test.core.app.InstrumentationActivityInvoker$EmptyActivity }, activity=androidx.test.core.app.InstrumentationActivityInvoker$EmptyActivity@3260f66
12-20 07:49:22.723 23047 23047 D LifecycleMonitor: Lifecycle status change: androidx.test.core.app.InstrumentationActivityInvoker$EmptyActivity@3260f66 in: RESUMED
12-20 07:49:22.724 23047 23047 V ActivityScenario: Activity lifecycle changed event received but ignored because the intent does not match. startActivityIntent=Intent { act=android.intent.action.MAIN cat=[android.intent.category.LAUNCHER] cmp=com.example.dogglers/.MainActivity }, activity.getIntent()=Intent { act=android.intent.action.MAIN cat=[android.intent.category.LAUNCHER] flg=0x10000000 cmp=com.example.dogglers/androidx.test.core.app.InstrumentationActivityInvoker$EmptyActivity }, activity=androidx.test.core.app.InstrumentationActivityInvoker$EmptyActivity@3260f66
12-20 07:49:22.734  4310  9743 D InputTransport: Input channel constructed: '3479e c', fd=568
12-20 07:49:22.734  4310  9743 D InputTransport: Input channel constructed: '3479e c', fd=589
12-20 07:49:22.735  3852  3956 I SurfaceFlinger: createSurf start. lock debugging [3479e com.example.dogglers/androidx.test.core.app.InstrumentationActivityInvoker$EmptyActivity]
12-20 07:49:22.736  3852  3956 I SurfaceFlinger: id=6759 createSurf (0x0),-1 flag=80004, 3479e com.example.dogglers/androidx.test.core.app.InstrumentationActivityInvoker$EmptyActivity#0
12-20 07:49:22.738  4310  9743 D InputTransport: Input channel destroyed: '3479e c', fd=589
12-20 07:49:22.739 23047 23047 D ViewRootImpl@336f243[InstrumentationActivityInvoker$EmptyActivity]: setView = com.android.internal.policy.DecorView@e47c354 TM=true MM=false
12-20 07:49:22.743 23047 23047 D ViewRootImpl@4639260[MainActivity]: stopped(true) old=false
12-20 07:49:22.744 23047 23047 D LifecycleMonitor: Lifecycle status change: com.example.dogglers.MainActivity@973dfe9 in: STOPPED
12-20 07:49:22.745 23047 23047 V ActivityScenario: Update currentActivityStage to STOPPED, currentActivity=com.example.dogglers.MainActivity@973dfe9
12-20 07:49:22.748 23047 23047 D LifecycleMonitor: Lifecycle status change: com.example.dogglers.MainActivity@973dfe9 in: DESTROYED
12-20 07:49:22.749 23047 23047 V ActivityScenario: Update currentActivityStage to DESTROYED, currentActivity=null
12-20 07:49:22.753 23047 23047 D ViewRootImpl@4639260[MainActivity]: dispatchDetachedFromWindow
12-20 07:49:22.754  4310  4326 D InputTransport: Input channel destroyed: 'e37489c', fd=388
12-20 07:49:22.755  3852  4644 I Layer   : id=6753 removeFromCurrentState com.example.dogglers/com.example.dogglers.MainActivity$_23047#0 (71)
12-20 07:49:22.756  3852  4644 I SurfaceFlinger: id=6753 Removed com.example.dogglers/com.example.dogglers.MainActivity$_23047#0 (71)
12-20 07:49:22.759  3852  4644 I Layer   : id=6752 removeFromCurrentState e37489c com.example.dogglers/com.example.dogglers.MainActivity#0 (71)
12-20 07:49:22.760  3852  4644 I SurfaceFlinger: id=6752 Removed e37489c com.example.dogglers/com.example.dogglers.MainActivity#0 (71)
12-20 07:49:22.760 23047 23047 D InputTransport: Input channel destroyed: 'e37489c', fd=72
12-20 07:49:22.761 23047 23047 D ViewRootImpl@586b4cb[InstrumentationActivityInvoker$EmptyActivity]: MSG_WINDOW_FOCUS_CHANGED 0 1
12-20 07:49:22.762 23047 23047 D InputMethodManager: prepareNavigationBarInfo() DecorView@e6f18bc[InstrumentationActivityInvoker$EmptyActivity]
12-20 07:49:22.762 23047 23047 D InputMethodManager: getNavigationBarColor() -855310
12-20 07:49:22.762  3852  3852 I Layer   : id=6752[1] Destroyed e37489c com.example.dogglers/com.example.dogglers.MainActivity#0
12-20 07:49:22.762  3852  3852 I Layer   : id=6753[1] Destroyed com.example.dogglers/com.example.dogglers.MainActivity$_23047#0
12-20 07:49:22.769  3852  3956 I Layer   : id=6747 removeFromCurrentState AppWindowToken{fa9ec6c token=Token{895111f ActivityRecord{765dcbe u0 com.example.dogglers/.MainActivity t930}}}#0 (69)
12-20 07:49:22.771  3852  3956 I SurfaceFlinger: id=6747 Removed AppWindowToken{fa9ec6c token=Token{895111f ActivityRecord{765dcbe u0 com.example.dogglers/.MainActivity t930}}}#0 (69)
12-20 07:49:22.773  4310  9743 V WindowManager: Relayout Window{3479e u0 com.example.dogglers/androidx.test.core.app.InstrumentationActivityInvoker$EmptyActivity}: viewVisibility=0 req=1080x2340
12-20 07:49:22.778  3852  3852 I Layer   : id=6747[1] Destroyed AppWindowToken{fa9ec6c token=Token{895111f ActivityRecord{765dcbe u0 com.example.dogglers/.MainActivity t930}}}#0
12-20 07:49:22.783  3852  3956 I SurfaceFlinger: createSurf start. lock debugging [com.example.dogglers/androidx.test.core.app.InstrumentationActivityInvoker$EmptyActivity$_23047]
12-20 07:49:22.783  3852  3956 I SurfaceFlinger: id=6760 createSurf (1080x2340),1 flag=404, com.example.dogglers/androidx.test.core.app.InstrumentationActivityInvoker$EmptyActivity$_23047#1
12-20 07:49:22.788  4310  4362 D WindowManager: setSystemUiVisibility: displayId=0, vis=0x8018, fullVis=0x0, dockVis=0x0, win=Window{3479e u0 com.example.dogglers/androidx.test.core.app.InstrumentationActivityInvoker$EmptyActivity}
12-20 07:49:22.791  4310  9743 V WindowManager: Relayout 23047: mAttrs={(0,0)(fillxfill) sim={adjust=pan forwardNavigation} ty=BASE_APPLICATION wanim=0x1030001
12-20 07:49:22.791  4310  9743 V WindowManager:   fl=1810100
12-20 07:49:22.791  4310  9743 V WindowManager:   pfl=10020000
12-20 07:49:22.791  4310  9743 V WindowManager:   vsysui=10 naviIconColor=0}
12-20 07:49:22.793 23047 23047 D ViewRootImpl@336f243[InstrumentationActivityInvoker$EmptyActivity]: Relayout returned: old=(0,0,1080,2340) new=(0,0,1080,2340) req=(1080,2340)0 dur=21 res=0x7 s={true 494534463488} ch=true
12-20 07:49:22.794 23047 23106 D OpenGLRenderer: createReliableSurface : 0x744a27ae80, 0x73248d1000
12-20 07:49:22.797 23047 23106 D mali_winsys: EGLint new_window_surface(egl_winsys_display *, void *, EGLSurface, EGLConfig, egl_winsys_surface **, EGLBoolean) returns 0x3000
12-20 07:49:22.831 23047 23047 D ViewRootImpl@336f243[InstrumentationActivityInvoker$EmptyActivity]: MSG_WINDOW_FOCUS_CHANGED 1 1
12-20 07:49:22.831 23047 23047 D InputMethodManager: prepareNavigationBarInfo() DecorView@e47c354[InstrumentationActivityInvoker$EmptyActivity]
12-20 07:49:22.832 23047 23047 D InputMethodManager: getNavigationBarColor() -855310
12-20 07:49:22.835 23047 23047 D InputMethodManager: prepareNavigationBarInfo() DecorView@e47c354[InstrumentationActivityInvoker$EmptyActivity]
12-20 07:49:22.835 23047 23047 D InputMethodManager: getNavigationBarColor() -855310
12-20 07:49:22.835 23047 23047 V InputMethodManager: Starting input: tba=com.example.dogglers ic=null mNaviBarColor -855310 mIsGetNaviBarColorSuccess true , NavVisible : true , NavTrans : false
12-20 07:49:22.835 23047 23047 D InputMethodManager: startInputInner - Id : 0
12-20 07:49:22.835 23047 23047 I InputMethodManager: startInputInner - mService.startInputOrWindowGainedFocus
12-20 07:49:22.837  4310  9813 D InputMethodManagerService: mSecureKeypadEnabled = false
12-20 07:49:22.841  4310  9813 V InputMethodManagerService: hideCurrentInputLocked : shouldHideSoftInput is false
12-20 07:49:22.841  4310  9813 D InputMethodManagerService: mDesktopModeManager null!
12-20 07:49:22.841  4310  9813 V InputMethodManagerService: getDisplayIdOfInputMethodWindowToBeAdded : 0
12-20 07:49:22.841  4310  9813 D InputMethodManagerService: checkDisplayOfStartInputAndUpdateKeyboard display Id 0last 0
12-20 07:49:22.842  4310  9813 D InputTransport: Input channel constructed: 'ClientS', fd=388
12-20 07:49:22.842  4310  9813 D InputTransport: Input channel destroyed: 'ClientS', fd=388
12-20 07:49:22.843 23047 23047 D InputTransport: Input channel destroyed: 'ClientS', fd=86
12-20 07:49:22.844 23047 23047 D ViewRootImpl@336f243[InstrumentationActivityInvoker$EmptyActivity]: MSG_RESIZED: frame=(0,0,1080,2340) ci=(0,83,0,126) vi=(0,83,0,126) or=1
12-20 07:49:22.844  9404  9404 I GoogleInputMethodService: GoogleInputMethodService.onFinishInput():3227
12-20 07:49:22.846  4310  4529 D InputDispatcher: Focus entered window (23047): 3479e u in display 0 0
12-20 07:49:22.847  9404  9404 I GoogleInputMethodService: GoogleInputMethodService.updateDeviceLockedStatus():2087 repeatCheckTimes = 0, unlocked = true
12-20 07:49:22.847  9404  9404 D InputMethodService: checkDisplayOfStartInputAndUpdateKeyboard display Id 0last 0
12-20 07:49:22.849  9404  9404 I GoogleInputMethodService: GoogleInputMethodService.onStartInput():1877 onStartInput(EditorInfo{inputType=0x0(NULL) imeOptions=0x0 privateImeOptions=null actionName=UNSPECIFIED actionLabel=null actionId=0 initialSelStart=-1 initialSelEnd=-1 initialCapsMode=0x0 hintText=null label=null packageName=com.example.dogglers fieldId=-1 fieldName=null extras=Bundle[{NaviColor=-855310, Navbar_Color=-855310, displayId=0, NavbarColor_Success=true, Navbar_Visible=true, Navbar_Transparent=false}]}, false)
12-20 07:49:22.855  9404  9404 I GoogleInputMethodService: GoogleInputMethodService.shouldHideHeaderOnInitialState():4008 ShouldHideHeaderOnInitialState = false
12-20 07:49:22.855  3852  3852 I SurfaceFlinger: Display 0 HWC layers:
12-20 07:49:22.855  3852  3852 I SurfaceFlinger:     type    |    handle    | flag |  format   |   source crop (l,t,r,b)    |         frame       | name
12-20 07:49:22.855  3852  3852 I SurfaceFlinger: ------------+--------------+------+-----------+----------------------------+---------------------+------
12-20 07:49:22.855  3852  3852 I SurfaceFlinger:      DEVICE | 0x706eedfb80 | 0002 | RGBA_8888 |   0.0    0.0 1080.0 2340.0 |    0    0 1080 2340 | com.example.dogglers/androidx.test.c[...]tivityInvoker$EmptyActivity$_23047#1
12-20 07:49:22.855  3852  3852 I SurfaceFlinger:      DEVICE | 0x706eee1700 | 0000 | RGBA_8888 |   0.0    0.0 1080.0   83.0 |    0    0 1080   83 | StatusBar$_4708#0
12-20 07:49:22.855  3852  3852 I SurfaceFlinger:      DEVICE | 0x706eee06c0 | 0000 | RGBA_8888 |   0.0    0.0 1080.0  126.0 |    0 2214 1080 2340 | NavigationBar0$_4708#0
12-20 07:49:22.855  3852  3852 I SurfaceFlinger:      DEVICE | 0x706eedfa40 | 0000 | RGBA_8888 |   0.0    0.0 1080.0  151.0 |    0    0 1080  151 | ScreenDecorOverlay$_4708#0
12-20 07:49:22.855  3852  3852 I SurfaceFlinger:      DEVICE | 0x706eedf7c0 | 0000 | RGBA_8888 |   0.0    0.0 1080.0  151.0 |    0 2189 1080 2340 | ScreenDecorOverlayBottom$_4708#0
12-20 07:49:22.855  3852  3852 I SurfaceFlinger:
12-20 07:49:22.856  9404  9404 I GoogleInputMethodService: GoogleInputMethodService.updateDeviceLockedStatus():2087 repeatCheckTimes = 2, unlocked = true
12-20 07:49:22.875  4310  4529 D InputDispatcher: Focused application set to (0): 1876ef7
12-20 07:49:22.877  3936  4893 I GNSS_MEMS: TGT_MEMS SCSCMemsReportSensorDrops: dropped 0 events (spam) 1 events (rate limit) out of 51 total for sensor 0 since last report
12-20 07:49:22.877  4310  4529 I SemPersonaManager: SecureFolder personaId = 150
12-20 07:49:22.878  4310  4529 I SemPersonaManager: SecureFolder personaId = 150
12-20 07:49:22.892  3852  3966 E BufferQueueProducer: [com.example.dogglers/androidx.test.core.app.InstrumentationActivityInvoker$EmptyActivity$_23047#0] disconnect: not connected (req=1)
12-20 07:49:22.893 23047 23106 W libEGL  : EGLNativeWindowType 0x744a277650 disconnect failed
12-20 07:49:22.894  4310  5045 V WindowManager: Relayout Window{60abe84 u0 com.example.dogglers/androidx.test.core.app.InstrumentationActivityInvoker$EmptyActivity}: viewVisibility=8 req=1080x2340
12-20 07:49:22.897  4310  4529 D InputDispatcher: Focus left window (23047): 3479e u in display 0 0
12-20 07:49:22.901  4310  5045 V WindowManager: Relayout 23047: mAttrs={(0,0)(fillxfill) sim={adjust=pan forwardNavigation} ty=BASE_APPLICATION wanim=0x1030001
12-20 07:49:22.901  4310  5045 V WindowManager:   fl=1810100
12-20 07:49:22.901  4310  5045 V WindowManager:   pfl=10020000
12-20 07:49:22.901  4310  5045 V WindowManager:   vsysui=10 naviIconColor=0}
12-20 07:49:22.902 23047 23047 D ViewRootImpl@586b4cb[InstrumentationActivityInvoker$EmptyActivity]: Relayout returned: old=(0,0,1080,2340) new=(0,0,1080,2340) req=(1080,2340)8 dur=8 res=0x5 s={false 0} ch=true
12-20 07:49:22.907 23047 23047 D LifecycleMonitor: Lifecycle status change: androidx.test.core.app.InstrumentationActivityInvoker$EmptyActivity@3260f66 in: PAUSED
12-20 07:49:22.907 23047 23047 V ActivityScenario: Activity lifecycle changed event received but ignored because the intent does not match. startActivityIntent=Intent { act=android.intent.action.MAIN cat=[android.intent.category.LAUNCHER] cmp=com.example.dogglers/.MainActivity }, activity.getIntent()=Intent { act=android.intent.action.MAIN cat=[android.intent.category.LAUNCHER] flg=0x10000000 cmp=com.example.dogglers/androidx.test.core.app.InstrumentationActivityInvoker$EmptyActivity }, activity=androidx.test.core.app.InstrumentationActivityInvoker$EmptyActivity@3260f66
12-20 07:49:22.917  4310  5045 I SemPersonaManager: SecureFolder personaId = 150
12-20 07:49:22.929 23047 23047 D ViewRootImpl@336f243[InstrumentationActivityInvoker$EmptyActivity]: MSG_WINDOW_FOCUS_CHANGED 0 1
12-20 07:49:22.929 23047 23047 D InputMethodManager: prepareNavigationBarInfo() DecorView@e47c354[InstrumentationActivityInvoker$EmptyActivity]
12-20 07:49:22.929 23047 23047 D InputMethodManager: getNavigationBarColor() -855310
12-20 07:49:22.931  4310  4322 I system_server: Background concurrent copying GC freed 249415(17MB) AllocSpace objects, 460(9392KB) LOS objects, 26% free, 66MB/90MB, paused 1.653ms total 623.840ms
12-20 07:49:22.932 23047 23103 I TestRunner: finished: vertical_list_button_is_displayed(com.example.dogglers.ButtonTests)
