12-20 07:49:18.719  4310  9796 V InputMethodManagerService: hideCurrentInputLocked : shouldHideSoftInput is false
12-20 07:49:18.719  4310  9796 D InputMethodManagerService: mDesktopModeManager null!
12-20 07:49:18.719  4310  9796 V InputMethodManagerService: getDisplayIdOfInputMethodWindowToBeAdded : 0
12-20 07:49:18.720  4310  9796 D InputMethodManagerService: checkDisplayOfStartInputAndUpdateKeyboard display Id 0last 0
12-20 07:49:18.720  4310  9796 D InputTransport: Input channel constructed: 'ClientS', fd=453
12-20 07:49:18.720  4310  9796 D InputTransport: Input channel destroyed: 'ClientS', fd=453
12-20 07:49:18.721 23047 23047 D InputTransport: Input channel destroyed: 'ClientS', fd=79
12-20 07:49:18.721  9404  9404 I GoogleInputMethodService: GoogleInputMethodService.onFinishInput():3227
12-20 07:49:18.723  9404  9404 I GoogleInputMethodService: GoogleInputMethodService.updateDeviceLockedStatus():2087 repeatCheckTimes = 0, unlocked = true
12-20 07:49:18.723  9404  9404 D InputMethodService: checkDisplayOfStartInputAndUpdateKeyboard display Id 0last 0
12-20 07:49:18.723  9404  9404 I GoogleInputMethodService: GoogleInputMethodService.onStartInput():1877 onStartInput(EditorInfo{inputType=0x0(NULL) imeOptions=0x0 privateImeOptions=null actionName=UNSPECIFIED actionLabel=null actionId=0 initialSelStart=-1 initialSelEnd=-1 initialCapsMode=0x0 hintText=null label=null packageName=com.example.dogglers fieldId=-1 fieldName=null extras=Bundle[{NaviColor=-855310, Navbar_Color=-855310, displayId=0, NavbarColor_Success=true, Navbar_Visible=true, Navbar_Transparent=false}]}, false)
12-20 07:49:18.724  9404  9404 I GoogleInputMethodService: GoogleInputMethodService.shouldHideHeaderOnInitialState():4008 ShouldHideHeaderOnInitialState = false
12-20 07:49:18.725 23047 23047 D ViewRootImpl@d175232[VerticalListActivity]: MSG_RESIZED: frame=(0,0,1080,2340) ci=(0,83,0,126) vi=(0,83,0,126) or=1
12-20 07:49:18.726  9404  9404 I GoogleInputMethodService: GoogleInputMethodService.updateDeviceLockedStatus():2087 repeatCheckTimes = 2, unlocked = true
12-20 07:49:18.728  4310  9796 D InputDispatcher: Focus entered window (23047): f3fe341 in display 0 0
12-20 07:49:18.745  3852  3852 I SurfaceFlinger: Display 0 HWC layers:
12-20 07:49:18.745  3852  3852 I SurfaceFlinger:     type    |    handle    | flag |  format   |   source crop (l,t,r,b)    |         frame       | name
12-20 07:49:18.745  3852  3852 I SurfaceFlinger: ------------+--------------+------+-----------+----------------------------+---------------------+------
12-20 07:49:18.745  3852  3852 I SurfaceFlinger:      DEVICE | 0x705034d3c0 | 0002 | RGBA_8888 |   0.0    1.0 1080.0 2340.0 |    0    0 1080 2340 | com.example.dogglers/com.example.dogglers.MainActivity$_23047#0
12-20 07:49:18.745  3852  3852 I SurfaceFlinger:      DEVICE | 0x7072a940c0 | 0002 | RGBA_8888 |   0.0    0.0 1080.0 1793.0 |    0  547 1080 2340 | com.example.dogglers/com.example.dogglers.VerticalListActivity$_23047#0
12-20 07:49:18.745  3852  3852 I SurfaceFlinger:      DEVICE | 0x706eee2ec0 | 0000 | RGBA_8888 |   0.0    0.0 1080.0   83.0 |    0    0 1080   83 | StatusBar$_4708#0
12-20 07:49:18.745  3852  3852 I SurfaceFlinger:      DEVICE | 0x706eedf900 | 0000 | RGBA_8888 |   0.0    0.0 1080.0  126.0 |    0 2214 1080 2340 | NavigationBar0$_4708#0
12-20 07:49:18.745  3852  3852 I SurfaceFlinger:      DEVICE | 0x706eedfa40 | 0000 | RGBA_8888 |   0.0    0.0 1080.0  151.0 |    0    0 1080  151 | ScreenDecorOverlay$_4708#0
12-20 07:49:18.745  3852  3852 I SurfaceFlinger:      DEVICE | 0x706eedf7c0 | 0000 | RGBA_8888 |   0.0    0.0 1080.0  151.0 |    0 2189 1080
12-20 07:49:18.745  3852  3852 I SurfaceFlinger: 2340 | ScreenDecorOverlayBottom$_4708#0
12-20 07:49:18.745  3852  3852 I SurfaceFlinger:
12-20 07:49:18.760  3852  3852 I SurfaceFlinger: Display 0 HWC layers:
12-20 07:49:18.760  3852  3852 I SurfaceFlinger:     type    |    handle    | flag |  format   |   source crop (l,t,r,b)    |         frame       | name
12-20 07:49:18.760  3852  3852 I SurfaceFlinger: ------------+--------------+------+-----------+----------------------------+---------------------+------
12-20 07:49:18.760  3852  3852 I SurfaceFlinger:      CLIENT | 0x705034d3c0 | 0002 | RGBA_8888 |   0.0    3.0 1080.0 2340.0 |    0    0 1080 2337 | com.example.dogglers/com.example.dogglers.MainActivity$_23047#0
12-20 07:49:18.760  3852  3852 I SurfaceFlinger:      CLIENT |              | 0004 |  Unknown  |   0.0    0.0    0.0    0.0 |    0    0 1080 2340 | Dim Layer for - Task=928#0
12-20 07:49:18.760  3852  3852 I SurfaceFlinger:      DEVICE | 0x7072a94340 | 0002 | RGBA_8888 |   0.0    0.0 1080.0 1814.0 |    0  525 1080 2340 | com.example.dogglers/com.example.dogglers.VerticalListActivity$_23047#0
12-20 07:49:18.760  3852  3852 I SurfaceFlinger:      DEVICE | 0x706eee2ec0 | 0000 | RGBA_8888 |   0.0    0.0 1080.0   83.0 |    0    0 1080   83 | StatusBar$_4708#0
12-20 07:49:18.760  3852  3852 I SurfaceFlinger:      DEVICE | 0x706eedf900 | 0000 | RGBA_8888 |   0.0    0.0 1080.0  126.0 |    0 2214 1080 2340 | NavigationBar0$_4708#0
12-20 07:49:18.760  3852  3852 I SurfaceFlinger:      DEVICE | 0x706eedfa40 | 0000 | RGBA_8888 |   0.0    0.0 1080.0  151.0 |    0    0 1080
12-20 07:49:18.760  3852  3852 I SurfaceFlinger:  151 | ScreenDecorOverlay$_4708#0
12-20 07:49:18.760  3852  3852 I SurfaceFlinger:      DEVICE | 0x706eedf7c0 | 0000 | RGBA_8888 |   0.0    0.0 1080.0  151.0 |    0 2189 1080 2340 | ScreenDecorOverlayBottom$_4708#0
12-20 07:49:18.760  3852  3852 I SurfaceFlinger:
12-20 07:49:18.949 23047 23103 W xample.doggler: Accessing hidden method Lsun/misc/Unsafe;->compareAndSwapObject(Ljava/lang/Object;JLjava/lang/Object;Ljava/lang/Object;)Z (greylist, linking, allowed)
12-20 07:49:18.953 23047 23047 I ViewInteraction: Checking 'MatchesViewAssertion{viewMatcher=(view has effective visibility <VISIBLE> and view.getGlobalVisibleRect() to return non-empty rectangle)}' assertion on view view.getId() is <2131231207/com.example.dogglers:id/vertical_recycler_view>
12-20 07:49:18.975  3852  5384 I SurfaceFlinger: createSurf start. lock debugging [AppWindowToken{3fd029c token=Token{b6ae20f ActivityRecord{9fd9b6e u0 com.example.dogglers/androidx.test.core.app.InstrumentationActivityInvoker$EmptyActivity t928}}}]
12-20 07:49:18.977  3852  5384 I SurfaceFlinger: id=6704 createSurf (0x0),-1 flag=80004, AppWindowToken{3fd029c token=Token{b6ae20f ActivityRecord{9fd9b6e u0 com.example.dogglers/androidx.test.core.app.InstrumentationActivityInvoker$EmptyActivity t928}}}#0
12-20 07:49:18.989 23047 23047 D LifecycleMonitor: Lifecycle status change: com.example.dogglers.VerticalListActivity@c0d7a1e in: PAUSED
12-20 07:49:18.990 23047 23047 V ActivityScenario: Activity lifecycle changed event received but ignored because the intent does not match. startActivityIntent=Intent { act=android.intent.action.MAIN cat=[android.intent.category.LAUNCHER] cmp=com.example.dogglers/.MainActivity }, activity.getIntent()=Intent { cmp=com.example.dogglers/.VerticalListActivity }, activity=com.example.dogglers.VerticalListActivity@c0d7a1e
12-20 07:49:18.997  4310  4529 D InputDispatcher: Focused application set to (0): 3fd029c
12-20 07:49:18.999  4310  4529 I SemPersonaManager: SecureFolder personaId = 150
12-20 07:49:19.008 23047 23047 W ActivityThread: handleWindowVisibility: no activity for token android.os.BinderProxy@d6ce090
12-20 07:49:19.018  3852  3852 I SurfaceFlinger: Display 0 HWC layers:
12-20 07:49:19.018  3852  3852 I SurfaceFlinger:     type    |    handle    | flag |  format   |   source crop (l,t,r,b)    |         frame       | name
12-20 07:49:19.018  3852  3852 I SurfaceFlinger: ------------+--------------+------+-----------+----------------------------+---------------------+------
12-20 07:49:19.018  3852  3852 I SurfaceFlinger:      DEVICE | 0x7072a94340 | 0002 | RGBA_8888 |   0.0    0.0 1080.0 2340.0 |    0    0 1080 2340 | com.example.dogglers/com.example.dogglers.VerticalListActivity$_23047#0
12-20 07:49:19.018  3852  3852 I SurfaceFlinger:      DEVICE | 0x706eee2ec0 | 0000 | RGBA_8888 |   0.0    0.0 1080.0   83.0 |    0    0 1080   83 | StatusBar$_4708#0
12-20 07:49:19.018  3852  3852 I SurfaceFlinger:      DEVICE | 0x706eedf900 | 0000 | RGBA_8888 |   0.0    0.0 1080.0  126.0 |    0 2214 1080 2340 | NavigationBar0$_4708#0
12-20 07:49:19.018  3852  3852 I SurfaceFlinger:      DEVICE | 0x706eedfa40 | 0000 | RGBA_8888 |   0.0    0.0 1080.0  151.0 |    0    0 1080  151 | ScreenDecorOverlay$_4708#0
12-20 07:49:19.018  3852  3852 I SurfaceFlinger:      DEVICE | 0x706eedf7c0 | 0000 | RGBA_8888 |   0.0    0.0 1080.0  151.0 |    0 2189 1080 2340 | ScreenDecorOverlayBottom$_4708#0
12-20 07:49:19.018  3852  3852 I SurfaceFlinger:
12-20 07:49:19.021  3852  3956 I Layer   : id=6700 removeFromCurrentState Dim Layer for - Task=928#0 (69)
12-20 07:49:19.021  3852  3956 I Layer   : id=6701 removeFromCurrentState Surface(name=Dim Layer for - Task=928)/@0xc5a3dc3 - animation-leash#0 (69)
12-20 07:49:19.021  3852  3956 I Layer   : id=6687 removeFromCurrentState AppWindowToken{99e9524 token=Token{9f489b7 ActivityRecord{b9bf8b6 u0 com.example.dogglers/.MainActivity t928}}}#0 (69)
12-20 07:49:19.021  3852  3956 I Layer   : id=6698 removeFromCurrentState Surface(name=AppWindowToken{99e9524 token=Token{9f489b7 ActivityRecord{b9bf8b6 u0 com.example.dogglers/.MainActivity t928}}})/@0x747556a - animation-leash#0 (69)
12-20 07:49:19.021  3852  3956 I Layer   : id=6692 removeFromCurrentState 356f3d8 com.example.dogglers/com.example.dogglers.MainActivity#0 (69)
12-20 07:49:19.021  3852  3956 I Layer   : id=6693 removeFromCurrentState com.example.dogglers/com.example.dogglers.MainActivity$_23047#0 (69)
12-20 07:49:19.021  3852  3956 I Layer   : id=6699 removeFromCurrentState Surface(name=AppWindowToken{99e9524 token=Token{9f489b7 ActivityRecord{b9bf8b6 u0 com.example.dogglers/.MainActivity t928}}})/@0x747556a - animation-bounds#0 (69)
12-20 07:49:19.021  3852  3956 I Layer   : id=6702 removeFromCurrentState Surface(name=AppWindowToken{197ed1a token=Token{7d90fc5 ActivityRecord{1f1b63c u0 com.example.dogglers/.VerticalListActivity t928}}})/@0xee3a23b - animation-leash#0 (69)
12-20 07:49:19.021  3852  3956 I Layer   : id=6703 removeFromCurrentState Surface(name=AppWindowToken{197ed1a token=Token{7d90fc5 ActivityRecord{1f1b63c u0 com.example.dogglers/.VerticalListActivity t928}}})/@0xee3a23b - animation-bounds#0 (69)
12-20 07:49:19.023  3852  3956 I SurfaceFlinger: id=6700 Removed Dim Layer for - Task=928#0 (69)
12-20 07:49:19.023  3852  3966 I SurfaceFlinger: id=6702 Removed Surface(name=AppWindowToken{197ed1a token=Token{7d90fc5 ActivityRecord{1f1b63c u0 com.example.dogglers/.VerticalListActivity t928}}})/@0xee3a23b - animation-leash#0 (69)
12-20 07:49:19.023  3852  3966 I SurfaceFlinger: id=6703 Removed Surface(name=AppWindowToken{197ed1a token=Token{7d90fc5 ActivityRecord{1f1b63c u0 com.example.dogglers/.VerticalListActivity t928}}})/@0xee3a23b - animation-bounds#0 (69)
12-20 07:49:19.023  3852  3956 I SurfaceFlinger: id=6701 Removed Surface(name=Dim Layer for - Task=928)/@0xc5a3dc3 - animation-leash#0 (69)
12-20 07:49:19.023  3852  3956 I SurfaceFlinger: id=6698 Removed Surface(name=AppWindowToken{99e9524 token=Token{9f489b7 ActivityRecord{b9bf8b6 u0 com.example.dogglers/.MainActivity t928}}})/@0x747556a - animation-leash#0 (69)
12-20 07:49:19.023  3852  3956 I SurfaceFlinger: id=6699 Removed Surface(name=AppWindowToken{99e9524 token=Token{9f489b7 ActivityRecord{b9bf8b6 u0 com.example.dogglers/.MainActivity t928}}})/@0x747556a - animation-bounds#0 (69)
12-20 07:49:19.026 23047 23047 D LifecycleMonitor: Lifecycle status change: androidx.test.core.app.InstrumentationActivityInvoker$EmptyActivity@327ad89 in: PRE_ON_CREATE
12-20 07:49:19.027  3852  3852 I Layer   : id=6701[1] Destroyed Surface(name=Dim Layer for - Task=928)/@0xc5a3dc3 - animation-leash#0
12-20 07:49:19.027  3852  3852 I Layer   : id=6700[1] Destroyed Dim Layer for - Task=928#0
12-20 07:49:19.027  3852  3852 I Layer   : id=6699[1] Destroyed Surface(name=AppWindowToken{99e9524 token=Token{9f489b7 ActivityRecord{b9bf8b6 u0 com.example.dogglers/.MainActivity t928}}})/@0x747556a - animation-bounds#0
12-20 07:49:19.027  3852  3852 I Layer   : id=6698[1] Destroyed Surface(name=AppWindowToken{99e9524 token=Token{9f489b7 ActivityRecord{b9bf8b6 u0 com.example.dogglers/.MainActivity t928}}})/@0x747556a - animation-leash#0
12-20 07:49:19.028  3852  3852 I Layer   : id=6703[1] Destroyed Surface(name=AppWindowToken{197ed1a token=Token{7d90fc5 ActivityRecord{1f1b63c u0 com.example.dogglers/.VerticalListActivity t928}}})/@0xee3a23b - animation-bounds#0
12-20 07:49:19.028  3852  3852 I Layer   : id=6702[1] Destroyed Surface(name=AppWindowToken{197ed1a token=Token{7d90fc5 ActivityRecord{1f1b63c u0 com.example.dogglers/.VerticalListActivity t928}}})/@0xee3a23b - animation-leash#0
12-20 07:49:19.028 23047 23047 V ActivityScenario: Activity lifecycle changed event received but ignored because the intent does not match. startActivityIntent=Intent { act=android.intent.action.MAIN cat=[android.intent.category.LAUNCHER] cmp=com.example.dogglers/.MainActivity }, activity.getIntent()=Intent { act=android.intent.action.MAIN cat=[android.intent.category.LAUNCHER] flg=0x10000000 cmp=com.example.dogglers/androidx.test.core.app.InstrumentationActivityInvoker$EmptyActivity }, activity=androidx.test.core.app.InstrumentationActivityInvoker$EmptyActivity@327ad89
12-20 07:49:19.029  4310  9813 D InputDispatcher: Focus left window (23047): f3fe341 in display 0 0
12-20 07:49:19.043 23047 23047 I MultiWindowDecorSupport: updateCaptionType >> DecorView@38adaf[], isFloating: false, isApplication: true, hasWindowDecorCaption: false, hasWindowControllerCallback: true
12-20 07:49:19.043 23047 23047 D MultiWindowDecorSupport: setCaptionType = 0, DecorView = DecorView@38adaf[]
12-20 07:49:19.052 23047 23047 D LifecycleMonitor: Lifecycle status change: androidx.test.core.app.InstrumentationActivityInvoker$EmptyActivity@327ad89 in: CREATED
12-20 07:49:19.053 23047 23047 V ActivityScenario: Activity lifecycle changed event received but ignored because the intent does not match. startActivityIntent=Intent { act=android.intent.action.MAIN cat=[android.intent.category.LAUNCHER] cmp=com.example.dogglers/.MainActivity }, activity.getIntent()=Intent { act=android.intent.action.MAIN cat=[android.intent.category.LAUNCHER] flg=0x10000000 cmp=com.example.dogglers/androidx.test.core.app.InstrumentationActivityInvoker$EmptyActivity }, activity=androidx.test.core.app.InstrumentationActivityInvoker$EmptyActivity@327ad89
12-20 07:49:19.056 23047 23047 D LifecycleMonitor: Lifecycle status change: androidx.test.core.app.InstrumentationActivityInvoker$EmptyActivity@327ad89 in: STARTED
12-20 07:49:19.057 23047 23047 V ActivityScenario: Activity lifecycle changed event received but ignored because the intent does not match. startActivityIntent=Intent { act=android.intent.action.MAIN cat=[android.intent.category.LAUNCHER] cmp=com.example.dogglers/.MainActivity }, activity.getIntent()=Intent { act=android.intent.action.MAIN cat=[android.intent.category.LAUNCHER] flg=0x10000000 cmp=com.example.dogglers/androidx.test.core.app.InstrumentationActivityInvoker$EmptyActivity }, activity=androidx.test.core.app.InstrumentationActivityInvoker$EmptyActivity@327ad89
12-20 07:49:19.060 23047 23047 D LifecycleMonitor: Lifecycle status change: androidx.test.core.app.InstrumentationActivityInvoker$EmptyActivity@327ad89 in: RESUMED
12-20 07:49:19.061 23047 23047 V ActivityScenario: Activity lifecycle changed event received but ignored because the intent does not match. startActivityIntent=Intent { act=android.intent.action.MAIN cat=[android.intent.category.LAUNCHER] cmp=com.example.dogglers/.MainActivity }, activity.getIntent()=Intent { act=android.intent.action.MAIN cat=[android.intent.category.LAUNCHER] flg=0x10000000 cmp=com.example.dogglers/androidx.test.core.app.InstrumentationActivityInvoker$EmptyActivity }, activity=androidx.test.core.app.InstrumentationActivityInvoker$EmptyActivity@327ad89
12-20 07:49:19.070  4310  9813 D InputTransport: Input channel constructed: '6b2f35d', fd=453
12-20 07:49:19.070  4310  9813 D InputTransport: Input channel constructed: '6b2f35d', fd=568
12-20 07:49:19.070  3852  3956 I SurfaceFlinger: createSurf start. lock debugging [6b2f35d com.example.dogglers/androidx.test.core.app.InstrumentationActivityInvoker$EmptyActivity]
12-20 07:49:19.071  3852  3956 I SurfaceFlinger: id=6705 createSurf (0x0),-1 flag=80004, 6b2f35d com.example.dogglers/androidx.test.core.app.InstrumentationActivityInvoker$EmptyActivity#0
12-20 07:49:19.072  4310  9813 D InputTransport: Input channel destroyed: '6b2f35d', fd=568
12-20 07:49:19.074 23047 23047 D ViewRootImpl@d16789a[InstrumentationActivityInvoker$EmptyActivity]: setView = com.android.internal.policy.DecorView@38adaf TM=true MM=false
12-20 07:49:19.076 23047 23047 D ViewRootImpl@d175232[VerticalListActivity]: MSG_WINDOW_FOCUS_CHANGED 0 1
12-20 07:49:19.076 23047 23047 D InputMethodManager: prepareNavigationBarInfo() DecorView@97da2f7[VerticalListActivity]
12-20 07:49:19.077 23047 23047 D InputMethodManager: getNavigationBarColor() -855310
12-20 07:49:19.093  4310  9813 V WindowManager: Relayout Window{6b2f35d u0 com.example.dogglers/androidx.test.core.app.InstrumentationActivityInvoker$EmptyActivity}: viewVisibility=0 req=1080x2340
12-20 07:49:19.097  3852  3966 I SurfaceFlinger: createSurf start. lock debugging [com.example.dogglers/androidx.test.core.app.InstrumentationActivityInvoker$EmptyActivity$_23047]
12-20 07:49:19.098  3852  3966 I SurfaceFlinger: id=6706 createSurf (1080x2340),1 flag=404, com.example.dogglers/androidx.test.core.app.InstrumentationActivityInvoker$EmptyActivity$_23047#0
12-20 07:49:19.100  4310  4362 D WindowManager: setSystemUiVisibility: displayId=0, vis=0x8018, fullVis=0x0, dockVis=0x0, win=Window{6b2f35d u0 com.example.dogglers/androidx.test.core.app.InstrumentationActivityInvoker$EmptyActivity}
12-20 07:49:19.102  4310  9813 V WindowManager: Relayout 23047: mAttrs={(0,0)(fillxfill) sim={adjust=pan forwardNavigation} ty=BASE_APPLICATION wanim=0x1030001
12-20 07:49:19.102  4310  9813 V WindowManager:   fl=1810100
12-20 07:49:19.102  4310  9813 V WindowManager:   pfl=10020000
12-20 07:49:19.102  4310  9813 V WindowManager:   vsysui=10 naviIconColor=0}
12-20 07:49:19.104 23047 23047 D ViewRootImpl@d16789a[InstrumentationActivityInvoker$EmptyActivity]: Relayout returned: old=(0,0,1080,2340) new=(0,0,1080,2340) req=(1080,2340)0 dur=16 res=0x7 s={true 494531371008} ch=true
12-20 07:49:19.105 23047 23106 D OpenGLRenderer: createReliableSurface : 0x735754c680, 0x73245de000
12-20 07:49:19.107 23047 23106 D mali_winsys: EGLint new_window_surface(egl_winsys_display *, void *, EGLSurface, EGLConfig, egl_winsys_surface **, EGLBoolean) returns 0x3000
12-20 07:49:19.131  3852  4644 E BufferQueueProducer: [com.example.dogglers/com.example.dogglers.MainActivity$_23047#0] disconnect: not connected (req=1)
12-20 07:49:19.131 23047 23106 W libEGL  : EGLNativeWindowType 0x73bd603a10 disconnect failed
12-20 07:49:19.133  4310  9813 V WindowManager: Relayout Window{356f3d8 u0 com.example.dogglers/com.example.dogglers.MainActivity}: viewVisibility=8 req=1080x2340
12-20 07:49:19.138  4310  9813 V WindowManager: Relayout 23047: mAttrs={(0,0)(fillxfill) sim={adjust=pan forwardNavigation} ty=BASE_APPLICATION wanim=0x1030305
12-20 07:49:19.138  4310  9813 V WindowManager:   fl=81810100
12-20 07:49:19.138  4310  9813 V WindowManager:   pfl=10020000
12-20 07:49:19.138  4310  9813 V WindowManager:   vsysui=10 naviIconColor=0}
12-20 07:49:19.140 23047 23047 D ViewRootImpl@7b8e83b[MainActivity]: Relayout returned: old=(0,0,1080,2340) new=(0,0,1080,2340) req=(1080,2340)8 dur=8 res=0x5 s={false 0} ch=true
12-20 07:49:19.160 23047 23047 D ViewRootImpl@d16789a[InstrumentationActivityInvoker$EmptyActivity]: MSG_WINDOW_FOCUS_CHANGED 1 1
12-20 07:49:19.160 23047 23047 D InputMethodManager: prepareNavigationBarInfo() DecorView@38adaf[InstrumentationActivityInvoker$EmptyActivity]
12-20 07:49:19.160 23047 23047 D InputMethodManager: getNavigationBarColor() -855310
12-20 07:49:19.162  4310  9796 D InputDispatcher: Focus entered window (23047): 6b2f35d in display 0 0
12-20 07:49:19.163 23047 23047 D InputMethodManager: prepareNavigationBarInfo() DecorView@38adaf[InstrumentationActivityInvoker$EmptyActivity]
12-20 07:49:19.163 23047 23047 D InputMethodManager: getNavigationBarColor() -855310
12-20 07:49:19.163 23047 23047 V InputMethodManager: Starting input: tba=com.example.dogglers ic=null mNaviBarColor -855310 mIsGetNaviBarColorSuccess true , NavVisible : true , NavTrans : false
12-20 07:49:19.163 23047 23047 D InputMethodManager: startInputInner - Id : 0
12-20 07:49:19.163 23047 23047 I InputMethodManager: startInputInner - mService.startInputOrWindowGainedFocus
12-20 07:49:19.165  4310  4529 D InputMethodManagerService: mSecureKeypadEnabled = false
12-20 07:49:19.167  4310  4529 V InputMethodManagerService: hideCurrentInputLocked : shouldHideSoftInput is false
12-20 07:49:19.167  4310  4529 D InputMethodManagerService: mDesktopModeManager null!
12-20 07:49:19.167  4310  4529 V InputMethodManagerService: getDisplayIdOfInputMethodWindowToBeAdded : 0
12-20 07:49:19.167  4310  4529 D InputMethodManagerService: checkDisplayOfStartInputAndUpdateKeyboard display Id 0last 0
12-20 07:49:19.167  4310  4529 D InputTransport: Input channel constructed: 'ClientS', fd=568
12-20 07:49:19.167  4310  4529 D InputTransport: Input channel destroyed: 'ClientS', fd=568
12-20 07:49:19.171  3852  3852 I SurfaceFlinger: Display 0 HWC layers:
12-20 07:49:19.171  3852  3852 I SurfaceFlinger:     type    |    handle    | flag |  format   |   source crop (l,t,r,b)    |         frame       | name
12-20 07:49:19.171  3852  3852 I SurfaceFlinger: ------------+--------------+------+-----------+----------------------------+---------------------+------
12-20 07:49:19.171  3852  3852 I SurfaceFlinger:      DEVICE | 0x706eee1d40 | 0002 | RGBA_8888 |   0.0    0.0 1080.0 2340.0 |    0    0 1080 2340 | com.example.dogglers/androidx.test.c[...]tivityInvoker$EmptyActivity$_23047#0
12-20 07:49:19.171  3852  3852 I SurfaceFlinger:      DEVICE | 0x706eee2ec0 | 0000 | RGBA_8888 |   0.0    0.0 1080.0   83.0 |    0    0 1080   83 | StatusBar$_4708#0
12-20 07:49:19.171  3852  3852 I SurfaceFlinger:      DEVICE | 0x706eedf900 | 0000 | RGBA_8888 |   0.0    0.0 1080.0  126.0 |    0 2214 1080 2340 | NavigationBar0$_4708#0
12-20 07:49:19.171  3852  3852 I SurfaceFlinger:      DEVICE | 0x706eedfa40 | 0000 | RGBA_8888 |   0.0    0.0 1080.0  151.0 |    0    0 1080  151 | ScreenDecorOverlay$_4708#0
12-20 07:49:19.171  3852  3852 I SurfaceFlinger:      DEVICE | 0x706eedf7c0 | 0000 | RGBA_8888 |   0.0    0.0 1080.0  151.0 |    0 2189 1080 2340 | ScreenDecorOverlayBottom$_4708#0
12-20 07:49:19.171  3852  3852 I SurfaceFlinger:
12-20 07:49:19.172 23047 23047 D InputTransport: Input channel destroyed: 'ClientS', fd=89
12-20 07:49:19.172 23047 23047 D ViewRootImpl@d16789a[InstrumentationActivityInvoker$EmptyActivity]: MSG_RESIZED_REPORT: frame=(0,0,1080,2340) ci=(0,83,0,126) vi=(0,83,0,126) or=1
12-20 07:49:19.174  9404  9404 I GoogleInputMethodService: GoogleInputMethodService.onFinishInput():3227
12-20 07:49:19.174 23047 23047 D ViewRootImpl@7b8e83b[MainActivity]: stopped(true) old=false
12-20 07:49:19.175 23047 23047 D LifecycleMonitor: Lifecycle status change: com.example.dogglers.MainActivity@9368381 in: STOPPED
12-20 07:49:19.175  9404  9404 I GoogleInputMethodService: GoogleInputMethodService.updateDeviceLockedStatus():2087 repeatCheckTimes = 0, unlocked = true
12-20 07:49:19.176  9404  9404 D InputMethodService: checkDisplayOfStartInputAndUpdateKeyboard display Id 0last 0
12-20 07:49:19.176 23047 23047 V ActivityScenario: Update currentActivityStage to STOPPED, currentActivity=com.example.dogglers.MainActivity@9368381
12-20 07:49:19.176  9404  9404 I GoogleInputMethodService: GoogleInputMethodService.onStartInput():1877 onStartInput(EditorInfo{inputType=0x0(NULL) imeOptions=0x0 privateImeOptions=null actionName=UNSPECIFIED actionLabel=null actionId=0 initialSelStart=-1 initialSelEnd=-1 initialCapsMode=0x0 hintText=null label=null packageName=com.example.dogglers fieldId=-1 fieldName=null extras=Bundle[{NaviColor=-855310, Navbar_Color=-855310, displayId=0, NavbarColor_Success=true, Navbar_Visible=true, Navbar_Transparent=false}]}, false)
12-20 07:49:19.177  9404  9404 I GoogleInputMethodService: GoogleInputMethodService.shouldHideHeaderOnInitialState():4008 ShouldHideHeaderOnInitialState = false
12-20 07:49:19.179  9404  9404 I GoogleInputMethodService: GoogleInputMethodService.updateDeviceLockedStatus():2087 repeatCheckTimes = 2, unlocked = true
12-20 07:49:19.180 23047 23047 D LifecycleMonitor: Lifecycle status change: com.example.dogglers.MainActivity@9368381 in: DESTROYED
12-20 07:49:19.181 23047 23047 V ActivityScenario: Update currentActivityStage to DESTROYED, currentActivity=null
12-20 07:49:19.187 23047 23047 D ViewRootImpl@7b8e83b[MainActivity]: dispatchDetachedFromWindow
12-20 07:49:19.192  3852  3956 I SurfaceFlinger: createSurf start. lock debugging [AppWindowToken{13f2764 token=Token{2cefcf7 ActivityRecord{ad730f6 u0 com.example.dogglers/androidx.test.core.app.InstrumentationActivityInvoker$EmptyActivity t928}}}]
12-20 07:49:19.193  3852  3956 I SurfaceFlinger: id=6707 createSurf (0x0),-1 flag=80004, AppWindowToken{13f2764 token=Token{2cefcf7 ActivityRecord{ad730f6 u0 com.example.dogglers/androidx.test.core.app.InstrumentationActivityInvoker$EmptyActivity t928}}}#0
12-20 07:49:19.201  4310  9813 D InputTransport: Input channel destroyed: '356f3d8', fd=554
12-20 07:49:19.201  3852  3956 I Layer   : id=6693 removeFromCurrentState com.example.dogglers/com.example.dogglers.MainActivity$_23047#0 (66)
12-20 07:49:19.202  3852  3956 I SurfaceFlinger: id=6693 Removed com.example.dogglers/com.example.dogglers.MainActivity$_23047#0 (66)
12-20 07:49:19.204  3852  3956 I Layer   : id=6692 removeFromCurrentState 356f3d8 com.example.dogglers/com.example.dogglers.MainActivity#0 (66)
12-20 07:49:19.205  3852  3956 I SurfaceFlinger: id=6692 Removed 356f3d8 com.example.dogglers/com.example.dogglers.MainActivity#0 (66)
12-20 07:49:19.205 23047 23047 D InputTransport: Input channel destroyed: '356f3d8', fd=72
12-20 07:49:19.210  3852  3852 I Layer   : id=6692[1] Destroyed 356f3d8 com.example.dogglers/com.example.dogglers.MainActivity#0
12-20 07:49:19.210  3852  3852 I Layer   : id=6693[1] Destroyed com.example.dogglers/com.example.dogglers.MainActivity$_23047#0
12-20 07:49:19.213  3852  3956 I Layer   : id=6687 removeFromCurrentState AppWindowToken{99e9524 token=Token{9f489b7 ActivityRecord{b9bf8b6 u0 com.example.dogglers/.MainActivity t928}}}#0 (64)
12-20 07:49:19.228  3852  3956 E BufferQueueProducer: [com.example.dogglers/com.example.dogglers.VerticalListActivity$_23047#0] disconnect: not connected (req=1)
12-20 07:49:19.229 23047 23106 W libEGL  : EGLNativeWindowType 0x73bd604190 disconnect failed
12-20 07:49:19.230  4310  4529 V WindowManager: Relayout Window{f3fe341 u0 com.example.dogglers/com.example.dogglers.VerticalListActivity}: viewVisibility=8 req=1080x2340
12-20 07:49:19.234  4310  4529 V WindowManager: Relayout 23047: mAttrs={(0,0)(fillxfill) sim={adjust=resize forwardNavigation} ty=BASE_APPLICATION wanim=0x1030305
12-20 07:49:19.234  4310  4529 V WindowManager:   fl=81810100
12-20 07:49:19.234  4310  4529 V WindowManager:   pfl=10020000
12-20 07:49:19.234  4310  4529 V WindowManager:   vsysui=10 naviIconColor=0}
12-20 07:49:19.236 23047 23047 D ViewRootImpl@d175232[VerticalListActivity]: Relayout returned: old=(0,0,1080,2340) new=(0,0,1080,2340) req=(1080,2340)8 dur=7 res=0x5 s={false 0} ch=true
12-20 07:49:19.239 23047 23047 D LifecycleMonitor: Lifecycle status change: androidx.test.core.app.InstrumentationActivityInvoker$EmptyActivity@327ad89 in: PAUSED
12-20 07:49:19.239 23047 23047 V ActivityScenario: Activity lifecycle changed event received but ignored because the intent does not match. startActivityIntent=Intent { act=android.intent.action.MAIN cat=[android.intent.category.LAUNCHER] cmp=com.example.dogglers/.MainActivity }, activity.getIntent()=Intent { act=android.intent.action.MAIN cat=[android.intent.category.LAUNCHER] flg=0x10000000 cmp=com.example.dogglers/androidx.test.core.app.InstrumentationActivityInvoker$EmptyActivity }, activity=androidx.test.core.app.InstrumentationActivityInvoker$EmptyActivity@327ad89
12-20 07:49:19.248  4310  4529 D InputDispatcher: Focused application set to (0): 13f2764
12-20 07:49:19.249  4310  4529 I SemPersonaManager: SecureFolder personaId = 150
12-20 07:49:19.264 23047 23047 D LifecycleMonitor: Lifecycle status change: androidx.test.core.app.InstrumentationActivityInvoker$BootstrapActivity@674914e in: DESTROYED
12-20 07:49:19.265 23047 23047 V ActivityScenario: Activity lifecycle changed event received but ignored because the intent does not match. startActivityIntent=Intent { act=android.intent.action.MAIN cat=[android.intent.category.LAUNCHER] cmp=com.example.dogglers/.MainActivity }, activity.getIntent()=Intent { act=android.intent.action.MAIN cat=[android.intent.category.LAUNCHER] flg=0x10008000 cmp=com.example.dogglers/androidx.test.core.app.InstrumentationActivityInvoker$BootstrapActivity (has extras) }, activity=androidx.test.core.app.InstrumentationActivityInvoker$BootstrapActivity@674914e
12-20 07:49:19.266 23047 23047 W ActivityThread: handleWindowVisibility: no activity for token android.os.BinderProxy@4caa3a7
12-20 07:49:19.271  3852  5384 I Layer   : id=6684 removeFromCurrentState AppWindowToken{b391ec3 token=Token{e28ca72 ActivityRecord{ab18dd4 u0 com.example.dogglers/androidx.test.core.app.InstrumentationActivityInvoker$BootstrapActivity t928}}}#0 (64)
12-20 07:49:19.278  4310  9813 D InputDispatcher: Focus left window (23047): 6b2f35d in display 0 0
12-20 07:49:19.280 23047 23047 D LifecycleMonitor: Lifecycle status change: androidx.test.core.app.InstrumentationActivityInvoker$EmptyActivity@24ec054 in: PRE_ON_CREATE
12-20 07:49:19.282 23047 23047 V ActivityScenario: Activity lifecycle changed event received but ignored because the intent does not match. startActivityIntent=Intent { act=android.intent.action.MAIN cat=[android.intent.category.LAUNCHER] cmp=com.example.dogglers/.MainActivity }, activity.getIntent()=Intent { act=android.intent.action.MAIN cat=[android.intent.category.LAUNCHER] flg=0x10000000 cmp=com.example.dogglers/androidx.test.core.app.InstrumentationActivityInvoker$EmptyActivity }, activity=androidx.test.core.app.InstrumentationActivityInvoker$EmptyActivity@24ec054
12-20 07:49:19.293 23047 23047 I MultiWindowDecorSupport: updateCaptionType >> DecorView@30380f2[], isFloating: false, isApplication: true, hasWindowDecorCaption: false, hasWindowControllerCallback: true
12-20 07:49:19.293 23047 23047 D MultiWindowDecorSupport: setCaptionType = 0, DecorView = DecorView@30380f2[]
12-20 07:49:19.304 23047 23047 D LifecycleMonitor: Lifecycle status change: androidx.test.core.app.InstrumentationActivityInvoker$EmptyActivity@24ec054 in: CREATED
12-20 07:49:19.305 23047 23047 V ActivityScenario: Activity lifecycle changed event received but ignored because the intent does not match. startActivityIntent=Intent { act=android.intent.action.MAIN cat=[android.intent.category.LAUNCHER] cmp=com.example.dogglers/.MainActivity }, activity.getIntent()=Intent { act=android.intent.action.MAIN cat=[android.intent.category.LAUNCHER] flg=0x10000000 cmp=com.example.dogglers/androidx.test.core.app.InstrumentationActivityInvoker$EmptyActivity }, activity=androidx.test.core.app.InstrumentationActivityInvoker$EmptyActivity@24ec054
12-20 07:49:19.308 23047 23047 D LifecycleMonitor: Lifecycle status change: androidx.test.core.app.InstrumentationActivityInvoker$EmptyActivity@24ec054 in: STARTED
12-20 07:49:19.309 23047 23047 V ActivityScenario: Activity lifecycle changed event received but ignored because the intent does not match. startActivityIntent=Intent { act=android.intent.action.MAIN cat=[android.intent.category.LAUNCHER] cmp=com.example.dogglers/.MainActivity }, activity.getIntent()=Intent { act=android.intent.action.MAIN cat=[android.intent.category.LAUNCHER] flg=0x10000000 cmp=com.example.dogglers/androidx.test.core.app.InstrumentationActivityInvoker$EmptyActivity }, activity=androidx.test.core.app.InstrumentationActivityInvoker$EmptyActivity@24ec054
12-20 07:49:19.316 23047 23047 D LifecycleMonitor: Lifecycle status change: androidx.test.core.app.InstrumentationActivityInvoker$EmptyActivity@24ec054 in: RESUMED
12-20 07:49:19.317 23047 23047 V ActivityScenario: Activity lifecycle changed event received but ignored because the intent does not match. startActivityIntent=Intent { act=android.intent.action.MAIN cat=[android.intent.category.LAUNCHER] cmp=com.example.dogglers/.MainActivity }, activity.getIntent()=Intent { act=android.intent.action.MAIN cat=[android.intent.category.LAUNCHER] flg=0x10000000 cmp=com.example.dogglers/androidx.test.core.app.InstrumentationActivityInvoker$EmptyActivity }, activity=androidx.test.core.app.InstrumentationActivityInvoker$EmptyActivity@24ec054
12-20 07:49:19.326  4310  9796 D InputTransport: Input channel constructed: '6868985', fd=554
12-20 07:49:19.326  4310  9796 D InputTransport: Input channel constructed: '6868985', fd=568
12-20 07:49:19.328  3852  3956 I SurfaceFlinger: createSurf start. lock debugging [6868985 com.example.dogglers/androidx.test.core.app.InstrumentationActivityInvoker$EmptyActivity]
12-20 07:49:19.328  3852  3956 I SurfaceFlinger: id=6708 createSurf (0x0),-1 flag=80004, 6868985 com.example.dogglers/androidx.test.core.app.InstrumentationActivityInvoker$EmptyActivity#0
12-20 07:49:19.330  4310  9796 D InputTransport: Input channel destroyed: '6868985', fd=568
12-20 07:49:19.331 23047 23047 D ViewRootImpl@15a0af9[InstrumentationActivityInvoker$EmptyActivity]: setView = com.android.internal.policy.DecorView@30380f2 TM=true MM=false
12-20 07:49:19.334 23047 23047 D ViewRootImpl@d175232[VerticalListActivity]: stopped(true) old=false
12-20 07:49:19.335 23047 23047 D LifecycleMonitor: Lifecycle status change: com.example.dogglers.VerticalListActivity@c0d7a1e in: STOPPED
12-20 07:49:19.336 23047 23047 V ActivityScenario: Activity lifecycle changed event received but ignored because the intent does not match. startActivityIntent=Intent { act=android.intent.action.MAIN cat=[android.intent.category.LAUNCHER] cmp=com.example.dogglers/.MainActivity }, activity.getIntent()=Intent { cmp=com.example.dogglers/.VerticalListActivity }, activity=com.example.dogglers.VerticalListActivity@c0d7a1e
12-20 07:49:19.339 23047 23047 D ViewRootImpl@d16789a[InstrumentationActivityInvoker$EmptyActivity]: MSG_WINDOW_FOCUS_CHANGED 0 1
12-20 07:49:19.340 23047 23047 D InputMethodManager: prepareNavigationBarInfo() DecorView@38adaf[InstrumentationActivityInvoker$EmptyActivity]
12-20 07:49:19.340 23047 23047 D InputMethodManager: getNavigationBarColor() -855310
12-20 07:49:19.350  4310  9796 V WindowManager: Relayout Window{6868985 u0 com.example.dogglers/androidx.test.core.app.InstrumentationActivityInvoker$EmptyActivity}: viewVisibility=0 req=1080x2340
12-20 07:49:19.355  3852  5384 I SurfaceFlinger: createSurf start. lock debugging [com.example.dogglers/androidx.test.core.app.InstrumentationActivityInvoker$EmptyActivity$_23047]
12-20 07:49:19.356  3852  5384 I SurfaceFlinger: id=6709 createSurf (1080x2340),1 flag=404, com.example.dogglers/androidx.test.core.app.InstrumentationActivityInvoker$EmptyActivity$_23047#1
12-20 07:49:19.360  4310  4362 D WindowManager: setSystemUiVisibility: displayId=0, vis=0x8018, fullVis=0x0, dockVis=0x0, win=Window{6868985 u0 com.example.dogglers/androidx.test.core.app.InstrumentationActivityInvoker$EmptyActivity}
12-20 07:49:19.361  4310  9796 V WindowManager: Relayout 23047: mAttrs={(0,0)(fillxfill) sim={adjust=pan forwardNavigation} ty=BASE_APPLICATION wanim=0x1030001
12-20 07:49:19.361  4310  9796 V WindowManager:   fl=1810100
12-20 07:49:19.361  4310  9796 V WindowManager:   pfl=10020000
12-20 07:49:19.361  4310  9796 V WindowManager:   vsysui=10 naviIconColor=0}
12-20 07:49:19.364 23047 23047 D ViewRootImpl@15a0af9[InstrumentationActivityInvoker$EmptyActivity]: Relayout returned: old=(0,0,1080,2340) new=(0,0,1080,2340) req=(1080,2340)0 dur=14 res=0x7 s={true 495019745280} ch=true
12-20 07:49:19.365 23047 23106 D OpenGLRenderer: createReliableSurface : 0x73bd604180, 0x734179e000
12-20 07:49:19.367 23047 23106 D mali_winsys: EGLint new_window_surface(egl_winsys_display *, void *, EGLSurface, EGLConfig, egl_winsys_surface **, EGLBoolean) returns 0x3000
12-20 07:49:19.382  4310  9813 V WindowManager: Relayout Window{f3fe341 u0 com.example.dogglers/com.example.dogglers.VerticalListActivity}: viewVisibility=8 req=1080x2340
12-20 07:49:19.389  4310  9813 V WindowManager: Relayout 23047: mAttrs={(0,0)(fillxfill) sim={adjust=pan} ty=BASE_APPLICATION wanim=0x1030305
12-20 07:49:19.389  4310  9813 V WindowManager:   fl=81810100
12-20 07:49:19.389  4310  9813 V WindowManager:   pfl=10020000
12-20 07:49:19.389  4310  9813 V WindowManager:   vsysui=10 naviIconColor=0}
12-20 07:49:19.391 23047 23047 D ViewRootImpl@d175232[VerticalListActivity]: Relayout returned: old=(0,0,1080,2340) new=(0,0,1080,2340) req=(1080,2340)8 dur=10 res=0x5 s={false 0} ch=false
12-20 07:49:19.408  3852  5384 I Layer   : id=6697 removeFromCurrentState com.example.dogglers/com.example.dogglers.VerticalListActivity$_23047#0 (66)
12-20 07:49:19.409  3852  3956 I SurfaceFlinger: id=6697 Removed com.example.dogglers/com.example.dogglers.VerticalListActivity$_23047#0 (66)
12-20 07:49:19.411  3852  3852 I Layer   : id=6697[1] Destroyed com.example.dogglers/com.example.dogglers.VerticalListActivity$_23047#0
12-20 07:49:19.414  4310  4529 D InputDispatcher: Focus entered window (23047): 6868985 in display 0 0
12-20 07:49:19.423  3852  3852 I SurfaceFlinger: Display 0 HWC layers:
12-20 07:49:19.423  3852  3852 I SurfaceFlinger:     type    |    handle    | flag |  format   |   source crop (l,t,r,b)    |         frame       | name
12-20 07:49:19.423  3852  3852 I SurfaceFlinger: ------------+--------------+------+-----------+----------------------------+---------------------+------
12-20 07:49:19.423  3852  3852 I SurfaceFlinger:      DEVICE | 0x706eededc0 | 0002 | RGBA_8888 |   0.0    0.0 1080.0 2340.0 |    0    0 1080 2340 | com.example.dogglers/androidx.test.c[...]tivityInvoker$EmptyActivity$_23047#1
12-20 07:49:19.423  3852  3852 I SurfaceFlinger:      DEVICE | 0x706eee2ec0 | 0000 | RGBA_8888 |   0.0    0.0 1080.0   83.0 |    0    0 1080   83 | StatusBar$_4708#0
12-20 07:49:19.423  3852  3852 I SurfaceFlinger:      DEVICE | 0x706eedf900 | 0000 | RGBA_8888 |   0.0    0.0 1080.0  126.0 |    0 2214 1080 2340 | NavigationBar0$_4708#0
12-20 07:49:19.423  3852  3852 I SurfaceFlinger:      DEVICE | 0x706eedfa40 | 0000 | RGBA_8888 |   0.0    0.0 1080.0  151.0 |    0    0 1080  151 | ScreenDecorOverlay$_4708#0
12-20 07:49:19.423  3852  3852 I SurfaceFlinger:      DEVICE | 0x706eedf7c0 | 0000 | RGBA_8888 |   0.0    0.0 1080.0  151.0 |    0 2189 1080 2340 | ScreenDecorOverlayBottom$_4708#0
12-20 07:49:19.423  3852  3852 I SurfaceFlinger:
12-20 07:49:19.427 23047 23047 D ViewRootImpl@15a0af9[InstrumentationActivityInvoker$EmptyActivity]: MSG_WINDOW_FOCUS_CHANGED 1 1
12-20 07:49:19.428 23047 23047 D InputMethodManager: prepareNavigationBarInfo() DecorView@30380f2[InstrumentationActivityInvoker$EmptyActivity]
12-20 07:49:19.428 23047 23047 D InputMethodManager: getNavigationBarColor() -855310
12-20 07:49:19.431 23047 23047 D InputMethodManager: prepareNavigationBarInfo() DecorView@30380f2[InstrumentationActivityInvoker$EmptyActivity]
12-20 07:49:19.431 23047 23047 D InputMethodManager: getNavigationBarColor() -855310
12-20 07:49:19.431 23047 23047 V InputMethodManager: Starting input: tba=com.example.dogglers ic=null mNaviBarColor -855310 mIsGetNaviBarColorSuccess true , NavVisible : true , NavTrans : false
12-20 07:49:19.432 23047 23047 D InputMethodManager: startInputInner - Id : 0
12-20 07:49:19.432 23047 23047 I InputMethodManager: startInputInner - mService.startInputOrWindowGainedFocus
12-20 07:49:19.434  4310  9813 D InputMethodManagerService: mSecureKeypadEnabled = false
12-20 07:49:19.434  4310  9813 V InputMethodManagerService: hideCurrentInputLocked : shouldHideSoftInput is false
12-20 07:49:19.434  4310  9813 D InputMethodManagerService: mDesktopModeManager null!
12-20 07:49:19.435  4310  9813 V InputMethodManagerService: getDisplayIdOfInputMethodWindowToBeAdded : 0
12-20 07:49:19.435  4310  9813 D InputMethodManagerService: checkDisplayOfStartInputAndUpdateKeyboard display Id 0last 0
12-20 07:49:19.435  4310  9813 D InputTransport: Input channel constructed: 'ClientS', fd=568
12-20 07:49:19.435  4310  9813 D InputTransport: Input channel destroyed: 'ClientS', fd=568
12-20 07:49:19.436 23047 23047 D InputTransport: Input channel destroyed: 'ClientS', fd=66
12-20 07:49:19.436  9404  9404 I GoogleInputMethodService: GoogleInputMethodService.onFinishInput():3227
12-20 07:49:19.437 23047 23047 D ViewRootImpl@15a0af9[InstrumentationActivityInvoker$EmptyActivity]: MSG_RESIZED_REPORT: frame=(0,0,1080,2340) ci=(0,83,0,126) vi=(0,83,0,126) or=1
12-20 07:49:19.438  9404  9404 I GoogleInputMethodService: GoogleInputMethodService.updateDeviceLockedStatus():2087 repeatCheckTimes = 0, unlocked = true
12-20 07:49:19.438  9404  9404 D InputMethodService: checkDisplayOfStartInputAndUpdateKeyboard display Id 0last 0
12-20 07:49:19.439  9404  9404 I GoogleInputMethodService: GoogleInputMethodService.onStartInput():1877 onStartInput(EditorInfo{inputType=0x0(NULL) imeOptions=0x0 privateImeOptions=null actionName=UNSPECIFIED actionLabel=null actionId=0 initialSelStart=-1 initialSelEnd=-1 initialCapsMode=0x0 hintText=null label=null packageName=com.example.dogglers fieldId=-1 fieldName=null extras=Bundle[{NaviColor=-855310, Navbar_Color=-855310, displayId=0, NavbarColor_Success=true, Navbar_Visible=true, Navbar_Transparent=false}]}, false)
12-20 07:49:19.439  9404  9404 I GoogleInputMethodService: GoogleInputMethodService.shouldHideHeaderOnInitialState():4008 ShouldHideHeaderOnInitialState = false
12-20 07:49:19.440  9404  9404 I GoogleInputMethodService: GoogleInputMethodService.updateDeviceLockedStatus():2087 repeatCheckTimes = 2, unlocked = true
12-20 07:49:19.470  3852  3956 E BufferQueueProducer: [com.example.dogglers/androidx.test.core.app.InstrumentationActivityInvoker$EmptyActivity$_23047#0] disconnect: not connected (req=1)
12-20 07:49:19.470 23047 23106 W libEGL  : EGLNativeWindowType 0x735754c690 disconnect failed
12-20 07:49:19.473  4310  9813 V WindowManager: Relayout Window{6b2f35d u0 com.example.dogglers/androidx.test.core.app.InstrumentationActivityInvoker$EmptyActivity}: viewVisibility=8 req=1080x2340
12-20 07:49:19.478  4310  9796 D InputDispatcher: Focus left window (23047): 6868985 in display 0 0
12-20 07:49:19.480  4310  9813 V WindowManager: Relayout 23047: mAttrs={(0,0)(fillxfill) sim={adjust=pan forwardNavigation} ty=BASE_APPLICATION wanim=0x1030001
12-20 07:49:19.480  4310  9813 V WindowManager:   fl=1810100
12-20 07:49:19.480  4310  9813 V WindowManager:   pfl=10020000
12-20 07:49:19.480  4310  9813 V WindowManager:   vsysui=10 naviIconColor=0}
12-20 07:49:19.482 23047 23047 D ViewRootImpl@d16789a[InstrumentationActivityInvoker$EmptyActivity]: Relayout returned: old=(0,0,1080,2340) new=(0,0,1080,2340) req=(1080,2340)8 dur=12 res=0x5 s={false 0} ch=true
12-20 07:49:19.485 23047 23047 D LifecycleMonitor: Lifecycle status change: androidx.test.core.app.InstrumentationActivityInvoker$EmptyActivity@24ec054 in: PAUSED
12-20 07:49:19.486 23047 23047 V ActivityScenario: Activity lifecycle changed event received but ignored because the intent does not match. startActivityIntent=Intent { act=android.intent.action.MAIN cat=[android.intent.category.LAUNCHER] cmp=com.example.dogglers/.MainActivity }, activity.getIntent()=Intent { act=android.intent.action.MAIN cat=[android.intent.category.LAUNCHER] flg=0x10000000 cmp=com.example.dogglers/androidx.test.core.app.InstrumentationActivityInvoker$EmptyActivity }, activity=androidx.test.core.app.InstrumentationActivityInvoker$EmptyActivity@24ec054
12-20 07:49:19.492  4310  4529 D InputDispatcher: Focused application set to (0): 197ed1a
12-20 07:49:19.493  4310  4529 I SemPersonaManager: SecureFolder personaId = 150
12-20 07:49:19.503 23047 23047 D ViewRootImpl@15a0af9[InstrumentationActivityInvoker$EmptyActivity]: MSG_WINDOW_FOCUS_CHANGED 0 1
12-20 07:49:19.503 23047 23047 D InputMethodManager: prepareNavigationBarInfo() DecorView@30380f2[InstrumentationActivityInvoker$EmptyActivity]
12-20 07:49:19.503 23047 23047 D InputMethodManager: getNavigationBarColor() -855310
12-20 07:49:19.505 23047 23047 D ViewRootImpl@d175232[VerticalListActivity]: stopped(false) old=true
12-20 07:49:19.505 23047 23047 D LifecycleMonitor: Lifecycle status change: com.example.dogglers.VerticalListActivity@c0d7a1e in: RESTARTED
12-20 07:49:19.506 23047 23047 V ActivityScenario: Activity lifecycle changed event received but ignored because the intent does not match. startActivityIntent=Intent { act=android.intent.action.MAIN cat=[android.intent.category.LAUNCHER] cmp=com.example.dogglers/.MainActivity }, activity.getIntent()=Intent { cmp=com.example.dogglers/.VerticalListActivity }, activity=com.example.dogglers.VerticalListActivity@c0d7a1e
12-20 07:49:19.509 23047 23047 D LifecycleMonitor: Lifecycle status change: com.example.dogglers.VerticalListActivity@c0d7a1e in: STARTED
12-20 07:49:19.509 23047 23047 V ActivityScenario: Activity lifecycle changed event received but ignored because the intent does not match. startActivityIntent=Intent { act=android.intent.action.MAIN cat=[android.intent.category.LAUNCHER] cmp=com.example.dogglers/.MainActivity }, activity.getIntent()=Intent { cmp=com.example.dogglers/.VerticalListActivity }, activity=com.example.dogglers.VerticalListActivity@c0d7a1e
12-20 07:49:19.511 23047 23047 D ViewRootImpl@d175232[VerticalListActivity]: stopped(false) old=false
12-20 07:49:19.511 23047 23047 D LifecycleMonitor: Lifecycle status change: com.example.dogglers.VerticalListActivity@c0d7a1e in: RESUMED
12-20 07:49:19.512 23047 23047 V ActivityScenario: Activity lifecycle changed event received but ignored because the intent does not match. startActivityIntent=Intent { act=android.intent.action.MAIN cat=[android.intent.category.LAUNCHER] cmp=com.example.dogglers/.MainActivity }, activity.getIntent()=Intent { cmp=com.example.dogglers/.VerticalListActivity }, activity=com.example.dogglers.VerticalListActivity@c0d7a1e
12-20 07:49:19.514 15376 15462 D ContactsProvider_EventLog: contents_sample_state: [CONTACT contacts(0) data(0) accounts({}) accounts deleted({}) in_trash(in_trash(0), in_trash_for_sync(0)) calls([]) countryIso(KZ) userId(150)  ]
12-20 07:49:19.514 15376 15462 D ContactsProvider_EventLog: contents_sample_state: [ agr({})  ]
12-20 07:49:19.514 15376 15462 D ContactsProvider_EventLog: contents_sample_state: [ actCnt({})  ]
12-20 07:49:19.514 15376 15462 D ContactsProvider_EventLog: contents_sample_state: [PROFILE contacts(0) data(0) accounts({})  ] [SAPROFILE contacts(0) data(0) accounts({})  ]
12-20 07:49:19.514 15376 15462 D ContactsProvider_EventLog: contents_sample_state: [STORAGE Contacts(CE) Profile(CE) SAProfile(CE) CallLog(CE)  ]
12-20 07:49:19.519  4310  4529 V WindowManager: Relayout Window{f3fe341 u0 com.example.dogglers/com.example.dogglers.VerticalListActivity}: viewVisibility=0 req=1080x2340
12-20 07:49:19.522  3852  3956 I SurfaceFlinger: createSurf start. lock debugging [com.example.dogglers/com.example.dogglers.VerticalListActivity$_23047]
12-20 07:49:19.523  3852  3956 I SurfaceFlinger: id=6710 createSurf (1080x2340),1 flag=404, com.example.dogglers/com.example.dogglers.VerticalListActivity$_23047#0
12-20 07:49:19.525  4310  4362 D WindowManager: setSystemUiVisibility: displayId=0, vis=0x8018, fullVis=0x0, dockVis=0x0, win=Window{f3fe341 u0 com.example.dogglers/com.example.dogglers.VerticalListActivity}
12-20 07:49:19.527  4310  4529 V WindowManager: Relayout 23047: mAttrs={(0,0)(fillxfill) sim={adjust=resize} ty=BASE_APPLICATION wanim=0x1030305
12-20 07:49:19.527  4310  4529 V WindowManager:   fl=81810100
12-20 07:49:19.527  4310  4529 V WindowManager:   pfl=10020000
12-20 07:49:19.527  4310  4529 V WindowManager:   vsysui=10 naviIconColor=0}
12-20 07:49:19.529 23047 23047 D ViewRootImpl@d175232[VerticalListActivity]: Relayout returned: old=(0,0,1080,2340) new=(0,0,1080,2340) req=(1080,2340)0 dur=12 res=0x7 s={true 494531371008} ch=true
12-20 07:49:19.530 23047 23106 D OpenGLRenderer: createReliableSurface : 0x735754c680, 0x73245de000
12-20 07:49:19.531 23047 23106 D mali_winsys: EGLint new_window_surface(egl_winsys_display *, void *, EGLSurface, EGLConfig, egl_winsys_surface **, EGLBoolean) returns 0x3000
12-20 07:49:19.561 23047 23047 D ViewRootImpl@d175232[VerticalListActivity]: MSG_WINDOW_FOCUS_CHANGED 1 1
12-20 07:49:19.561 23047 23047 D InputMethodManager: prepareNavigationBarInfo() DecorView@97da2f7[VerticalListActivity]
12-20 07:49:19.562 23047 23047 D InputMethodManager: getNavigationBarColor() -855310
12-20 07:49:19.565 23047 23047 D InputMethodManager: prepareNavigationBarInfo() DecorView@97da2f7[VerticalListActivity]
12-20 07:49:19.565 23047 23047 D InputMethodManager: getNavigationBarColor() -855310
12-20 07:49:19.565 23047 23047 V InputMethodManager: Starting input: tba=com.example.dogglers ic=null mNaviBarColor -855310 mIsGetNaviBarColorSuccess true , NavVisible : true , NavTrans : false
12-20 07:49:19.566 23047 23047 D InputMethodManager: startInputInner - Id : 0
12-20 07:49:19.566 23047 23047 I InputMethodManager: startInputInner - mService.startInputOrWindowGainedFocus
