12-20 07:49:12.937  9404  9404 I GoogleInputMethodService: GoogleInputMethodService.shouldHideHeaderOnInitialState():4008 ShouldHideHeaderOnInitialState = false
12-20 07:49:12.939  9404  9404 I GoogleInputMethodService: GoogleInputMethodService.updateDeviceLockedStatus():2087 repeatCheckTimes = 2, unlocked = true
12-20 07:49:12.944  4310  9796 D InputDispatcher: Focus entered window (23047): 15a1fa5 in display 0 0
12-20 07:49:12.974  3852  3852 I SurfaceFlinger: Display 0 HWC layers:
12-20 07:49:12.974  3852  3852 I SurfaceFlinger:     type    |    handle    | flag |  format   |   source crop (l,t,r,b)    |         frame       | name
12-20 07:49:12.974  3852  3852 I SurfaceFlinger: ------------+--------------+------+-----------+----------------------------+---------------------+------
12-20 07:49:12.974  3852  3852 I SurfaceFlinger:      CLIENT | 0x706eedfe00 | 0002 | RGBA_8888 |   0.0    4.0 1080.0 2340.0 |    0    0 1080 2337 | com.example.dogglers/com.example.dogglers.MainActivity$_23047#0
12-20 07:49:12.974  3852  3852 I SurfaceFlinger:      CLIENT |              | 0004 |  Unknown  |   0.0    0.0    0.0    0.0 |    0    0 1080 2340 | Dim Layer for - Task=926#0
12-20 07:49:12.974  3852  3852 I SurfaceFlinger:      DEVICE | 0x705034d500 | 0002 | RGBA_8888 |   0.0    0.0 1080.0 1817.0 |    0  523 1080 2340 | com.example.dogglers/com.example.dogglers.HorizontalListActivity$_23047#0
12-20 07:49:12.974  3852  3852 I SurfaceFlinger:      DEVICE | 0x706eee2ec0 | 0000 | RGBA_8888 |   0.0    0.0 1080.0   83.0 |    0    0 1080   83 | StatusBar$_4708#0
12-20 07:49:12.974  3852  3852 I SurfaceFlinger:      DEVICE | 0x706eee06c0 | 0000 | RGBA_8888 |   0.0    0.0 1080.0  126.0 |    0 2214 1080 2340 | NavigationBar0$_4708#0
12-20 07:49:12.974  3852  3852 I SurfaceFlinger:      DEVICE | 0x706eedfa40 | 0000 | RGBA_8888 |   0.0    0.0 1080.0  151.0 |    0    0 108
12-20 07:49:12.975  3852  3852 I SurfaceFlinger: 0  151 | ScreenDecorOverlay$_4708#0
12-20 07:49:12.975  3852  3852 I SurfaceFlinger:      DEVICE | 0x706eedf7c0 | 0000 | RGBA_8888 |   0.0    0.0 1080.0  151.0 |    0 2189 1080 2340 | ScreenDecorOverlayBottom$_4708#0
12-20 07:49:12.975  3852  3852 I SurfaceFlinger:
12-20 07:49:13.056  4310  4463 D SensorService: [SO] -0.078 0.601 9.755
12-20 07:49:13.162 23047 23103 W xample.doggler: Accessing hidden method Lsun/misc/Unsafe;->compareAndSwapObject(Ljava/lang/Object;JLjava/lang/Object;Ljava/lang/Object;)Z (greylist, linking, allowed)
12-20 07:49:13.165 23047 23047 I ViewInteraction: Checking 'MatchesViewAssertion{viewMatcher=(view has effective visibility <VISIBLE> and view.getGlobalVisibleRect() to return non-empty rectangle)}' assertion on view view.getId() is <2131230949/com.example.dogglers:id/horizontal_recycler_view>
12-20 07:49:13.188  3852  3966 I SurfaceFlinger: createSurf start. lock debugging [AppWindowToken{95aa6ef token=Token{92fe7ce ActivityRecord{e0634c9 u0 com.example.dogglers/androidx.test.core.app.InstrumentationActivityInvoker$EmptyActivity t926}}}]
12-20 07:49:13.188  3852  3966 I SurfaceFlinger: id=6634 createSurf (0x0),-1 flag=80004, AppWindowToken{95aa6ef token=Token{92fe7ce ActivityRecord{e0634c9 u0 com.example.dogglers/androidx.test.core.app.InstrumentationActivityInvoker$EmptyActivity t926}}}#0
12-20 07:49:13.201 23047 23047 D LifecycleMonitor: Lifecycle status change: com.example.dogglers.HorizontalListActivity@2d5994 in: PAUSED
12-20 07:49:13.202 23047 23047 V ActivityScenario: Activity lifecycle changed event received but ignored because the intent does not match. startActivityIntent=Intent { act=android.intent.action.MAIN cat=[android.intent.category.LAUNCHER] cmp=com.example.dogglers/.MainActivity }, activity.getIntent()=Intent { cmp=com.example.dogglers/.HorizontalListActivity }, activity=com.example.dogglers.HorizontalListActivity@2d5994
12-20 07:49:13.209  4310  5045 D InputDispatcher: Focused application set to (0): 95aa6ef
12-20 07:49:13.211  4310  5045 I SemPersonaManager: SecureFolder personaId = 150
12-20 07:49:13.220 23047 23047 W ActivityThread: handleWindowVisibility: no activity for token android.os.BinderProxy@6ad1dfd
12-20 07:49:13.231  3852  4644 I Layer   : id=6630 removeFromCurrentState Dim Layer for - Task=926#0 (69)
12-20 07:49:13.231  3852  4644 I Layer   : id=6631 removeFromCurrentState Surface(name=Dim Layer for - Task=926)/@0x1db8034 - animation-leash#0 (69)
12-20 07:49:13.231  3852  4644 I Layer   : id=6628 removeFromCurrentState Surface(name=AppWindowToken{11e3ad8 token=Token{38125bb ActivityRecord{a31324a u0 com.example.dogglers/.MainActivity t926}}})/@0x1c84e96 - animation-leash#0 (69)
12-20 07:49:13.231  3852  4644 I Layer   : id=6629 removeFromCurrentState Surface(name=AppWindowToken{11e3ad8 token=Token{38125bb ActivityRecord{a31324a u0 com.example.dogglers/.MainActivity t926}}})/@0x1c84e96 - animation-bounds#0 (69)
12-20 07:49:13.231  3852  4644 I Layer   : id=6632 removeFromCurrentState Surface(name=AppWindowToken{5e29a6e token=Token{1f8de9 ActivityRecord{b908670 u0 com.example.dogglers/.HorizontalListActivity t926}}})/@0x7faa1cc - animation-leash#0 (69)
12-20 07:49:13.231  3852  4644 I Layer   : id=6633 removeFromCurrentState Surface(name=AppWindowToken{5e29a6e token=Token{1f8de9 ActivityRecord{b908670 u0 com.example.dogglers/.HorizontalListActivity t926}}})/@0x7faa1cc - animation-bounds#0 (69)
12-20 07:49:13.231  3852  3852 I SurfaceFlinger: Display 0 HWC layers:
12-20 07:49:13.231  3852  3852 I SurfaceFlinger:     type    |    handle    | flag |  format   |   source crop (l,t,r,b)    |         frame       | name
12-20 07:49:13.231  3852  3852 I SurfaceFlinger: ------------+--------------+------+-----------+----------------------------+---------------------+------
12-20 07:49:13.231  3852  3852 I SurfaceFlinger:      DEVICE | 0x705034d500 | 0002 | RGBA_8888 |   0.0    0.0 1080.0 2340.0 |    0    0 1080 2340 | com.example.dogglers/com.example.dogglers.HorizontalListActivity$_23047#0
12-20 07:49:13.231  3852  3852 I SurfaceFlinger:      DEVICE | 0x706eee2ec0 | 0000 | RGBA_8888 |   0.0    0.0 1080.0   83.0 |    0    0 1080   83 | StatusBar$_4708#0
12-20 07:49:13.231  3852  3852 I SurfaceFlinger:      DEVICE | 0x706eee06c0 | 0000 | RGBA_8888 |   0.0    0.0 1080.0  126.0 |    0 2214 1080 2340 | NavigationBar0$_4708#0
12-20 07:49:13.231  3852  3852 I SurfaceFlinger:      DEVICE | 0x706eedfa40 | 0000 | RGBA_8888 |   0.0    0.0 1080.0  151.0 |    0    0 1080  151 | ScreenDecorOverlay$_4708#0
12-20 07:49:13.231  3852  3852 I SurfaceFlinger:      DEVICE | 0x706eedf7c0 | 0000 | RGBA_8888 |   0.0    0.0 1080.0  151.0 |    0 2189 1080 2340 | ScreenDecorOverlayBottom$_4708#0
12-20 07:49:13.231  3852  3852 I SurfaceFlinger:
12-20 07:49:13.233  3852  5384 I SurfaceFlinger: id=6631 Removed Surface(name=Dim Layer for - Task=926)/@0x1db8034 - animation-leash#0 (69)
12-20 07:49:13.233  3852  3956 I SurfaceFlinger: id=6633 Removed Surface(name=AppWindowToken{5e29a6e token=Token{1f8de9 ActivityRecord{b908670 u0 com.example.dogglers/.HorizontalListActivity t926}}})/@0x7faa1cc - animation-bounds#0 (69)
12-20 07:49:13.233  3852  4644 I SurfaceFlinger: id=6630 Removed Dim Layer for - Task=926#0 (69)
12-20 07:49:13.233  3852  4644 I SurfaceFlinger: id=6629 Removed Surface(name=AppWindowToken{11e3ad8 token=Token{38125bb ActivityRecord{a31324a u0 com.example.dogglers/.MainActivity t926}}})/@0x1c84e96 - animation-bounds#0 (69)
12-20 07:49:13.233 23047 23047 D LifecycleMonitor: Lifecycle status change: androidx.test.core.app.InstrumentationActivityInvoker$EmptyActivity@5870af2 in: PRE_ON_CREATE
12-20 07:49:13.233  3852  3966 I SurfaceFlinger: id=6628 Removed Surface(name=AppWindowToken{11e3ad8 token=Token{38125bb ActivityRecord{a31324a u0 com.example.dogglers/.MainActivity t926}}})/@0x1c84e96 - animation-leash#0 (69)
12-20 07:49:13.234  3852  3966 I SurfaceFlinger: id=6632 Removed Surface(name=AppWindowToken{5e29a6e token=Token{1f8de9 ActivityRecord{b908670 u0 com.example.dogglers/.HorizontalListActivity t926}}})/@0x7faa1cc - animation-leash#0 (69)
12-20 07:49:13.234 23047 23047 V ActivityScenario: Activity lifecycle changed event received but ignored because the intent does not match. startActivityIntent=Intent { act=android.intent.action.MAIN cat=[android.intent.category.LAUNCHER] cmp=com.example.dogglers/.MainActivity }, activity.getIntent()=Intent { act=android.intent.action.MAIN cat=[android.intent.category.LAUNCHER] flg=0x10000000 cmp=com.example.dogglers/androidx.test.core.app.InstrumentationActivityInvoker$EmptyActivity }, activity=androidx.test.core.app.InstrumentationActivityInvoker$EmptyActivity@5870af2
12-20 07:49:13.241  3852  3852 I Layer   : id=6631[1] Destroyed Surface(name=Dim Layer for - Task=926)/@0x1db8034 - animation-leash#0
12-20 07:49:13.241  3852  3852 I Layer   : id=6630[1] Destroyed Dim Layer for - Task=926#0
12-20 07:49:13.241  3852  3852 I Layer   : id=6629[1] Destroyed Surface(name=AppWindowToken{11e3ad8 token=Token{38125bb ActivityRecord{a31324a u0 com.example.dogglers/.MainActivity t926}}})/@0x1c84e96 - animation-bounds#0
12-20 07:49:13.241  3852  3852 I Layer   : id=6628[1] Destroyed Surface(name=AppWindowToken{11e3ad8 token=Token{38125bb ActivityRecord{a31324a u0 com.example.dogglers/.MainActivity t926}}})/@0x1c84e96 - animation-leash#0
12-20 07:49:13.241  3852  3852 I Layer   : id=6633[1] Destroyed Surface(name=AppWindowToken{5e29a6e token=Token{1f8de9 ActivityRecord{b908670 u0 com.example.dogglers/.HorizontalListActivity t926}}})/@0x7faa1cc - animation-bounds#0
12-20 07:49:13.241  3852  3852 I Layer   : id=6632[1] Destroyed Surface(name=AppWindowToken{5e29a6e token=Token{1f8de9 ActivityRecord{b908670 u0 com.example.dogglers/.HorizontalListActivity t926}}})/@0x7faa1cc - animation-leash#0
12-20 07:49:13.243  4310  9796 D InputDispatcher: Focus left window (23047): 15a1fa5 in display 0 0
12-20 07:49:13.250 23047 23047 I MultiWindowDecorSupport: updateCaptionType >> DecorView@5f927c0[], isFloating: false, isApplication: true, hasWindowDecorCaption: false, hasWindowControllerCallback: true
12-20 07:49:13.250 23047 23047 D MultiWindowDecorSupport: setCaptionType = 0, DecorView = DecorView@5f927c0[]
12-20 07:49:13.264 23047 23047 D LifecycleMonitor: Lifecycle status change: androidx.test.core.app.InstrumentationActivityInvoker$EmptyActivity@5870af2 in: CREATED
12-20 07:49:13.265 23047 23047 V ActivityScenario: Activity lifecycle changed event received but ignored because the intent does not match. startActivityIntent=Intent { act=android.intent.action.MAIN cat=[android.intent.category.LAUNCHER] cmp=com.example.dogglers/.MainActivity }, activity.getIntent()=Intent { act=android.intent.action.MAIN cat=[android.intent.category.LAUNCHER] flg=0x10000000 cmp=com.example.dogglers/androidx.test.core.app.InstrumentationActivityInvoker$EmptyActivity }, activity=androidx.test.core.app.InstrumentationActivityInvoker$EmptyActivity@5870af2
12-20 07:49:13.268 23047 23047 D LifecycleMonitor: Lifecycle status change: androidx.test.core.app.InstrumentationActivityInvoker$EmptyActivity@5870af2 in: STARTED
12-20 07:49:13.269 23047 23047 V ActivityScenario: Activity lifecycle changed event received but ignored because the intent does not match. startActivityIntent=Intent { act=android.intent.action.MAIN cat=[android.intent.category.LAUNCHER] cmp=com.example.dogglers/.MainActivity }, activity.getIntent()=Intent { act=android.intent.action.MAIN cat=[android.intent.category.LAUNCHER] flg=0x10000000 cmp=com.example.dogglers/androidx.test.core.app.InstrumentationActivityInvoker$EmptyActivity }, activity=androidx.test.core.app.InstrumentationActivityInvoker$EmptyActivity@5870af2
12-20 07:49:13.273 23047 23047 D LifecycleMonitor: Lifecycle status change: androidx.test.core.app.InstrumentationActivityInvoker$EmptyActivity@5870af2 in: RESUMED
12-20 07:49:13.274 23047 23047 V ActivityScenario: Activity lifecycle changed event received but ignored because the intent does not match. startActivityIntent=Intent { act=android.intent.action.MAIN cat=[android.intent.category.LAUNCHER] cmp=com.example.dogglers/.MainActivity }, activity.getIntent()=Intent { act=android.intent.action.MAIN cat=[android.intent.category.LAUNCHER] flg=0x10000000 cmp=com.example.dogglers/androidx.test.core.app.InstrumentationActivityInvoker$EmptyActivity }, activity=androidx.test.core.app.InstrumentationActivityInvoker$EmptyActivity@5870af2
12-20 07:49:13.282  4310  9796 D InputTransport: Input channel constructed: 'f232894', fd=717
12-20 07:49:13.282  4310  9796 D InputTransport: Input channel constructed: 'f232894', fd=729
12-20 07:49:13.283  3852  4644 I SurfaceFlinger: createSurf start. lock debugging [f232894 com.example.dogglers/androidx.test.core.app.InstrumentationActivityInvoker$EmptyActivity]
12-20 07:49:13.283  3852  4644 I SurfaceFlinger: id=6635 createSurf (0x0),-1 flag=80004, f232894 com.example.dogglers/androidx.test.core.app.InstrumentationActivityInvoker$EmptyActivity#0
12-20 07:49:13.284  4310  9796 D InputTransport: Input channel destroyed: 'f232894', fd=729
12-20 07:49:13.286 23047 23047 D ViewRootImpl@21e429f[InstrumentationActivityInvoker$EmptyActivity]: setView = com.android.internal.policy.DecorView@5f927c0 TM=true MM=false
12-20 07:49:13.289 23047 23047 D ViewRootImpl@d79d3e1[HorizontalListActivity]: MSG_WINDOW_FOCUS_CHANGED 0 1
12-20 07:49:13.289 23047 23047 D InputMethodManager: prepareNavigationBarInfo() DecorView@833bf8a[HorizontalListActivity]
12-20 07:49:13.289 23047 23047 D InputMethodManager: getNavigationBarColor() -855310
12-20 07:49:13.301  4310  9796 V WindowManager: Relayout Window{f232894 u0 com.example.dogglers/androidx.test.core.app.InstrumentationActivityInvoker$EmptyActivity}: viewVisibility=0 req=1080x2340
12-20 07:49:13.303  3852  3966 I SurfaceFlinger: createSurf start. lock debugging [com.example.dogglers/androidx.test.core.app.InstrumentationActivityInvoker$EmptyActivity$_23047]
12-20 07:49:13.304  3852  3966 I SurfaceFlinger: id=6636 createSurf (1080x2340),1 flag=404, com.example.dogglers/androidx.test.core.app.InstrumentationActivityInvoker$EmptyActivity$_23047#0
12-20 07:49:13.307  4310  4362 D WindowManager: setSystemUiVisibility: displayId=0, vis=0x8018, fullVis=0x0, dockVis=0x0, win=Window{f232894 u0 com.example.dogglers/androidx.test.core.app.InstrumentationActivityInvoker$EmptyActivity}
12-20 07:49:13.309  4310  9796 V WindowManager: Relayout 23047: mAttrs={(0,0)(fillxfill) sim={adjust=pan forwardNavigation} ty=BASE_APPLICATION wanim=0x1030001
12-20 07:49:13.309  4310  9796 V WindowManager:   fl=1810100
12-20 07:49:13.309  4310  9796 V WindowManager:   pfl=10020000
12-20 07:49:13.309  4310  9796 V WindowManager:   vsysui=10 naviIconColor=0}
12-20 07:49:13.313 23047 23047 D ViewRootImpl@21e429f[InstrumentationActivityInvoker$EmptyActivity]: Relayout returned: old=(0,0,1080,2340) new=(0,0,1080,2340) req=(1080,2340)0 dur=13 res=0x7 s={true 495014653952} ch=true
12-20 07:49:13.313 23047 23106 D OpenGLRenderer: createReliableSurface : 0x735754b780, 0x73412c3000
12-20 07:49:13.315 23047 23106 D mali_winsys: EGLint new_window_surface(egl_winsys_display *, void *, EGLSurface, EGLConfig, egl_winsys_surface **, EGLBoolean) returns 0x3000
12-20 07:49:13.337  3852  4644 E BufferQueueProducer: [com.example.dogglers/com.example.dogglers.MainActivity$_23047#0] disconnect: not connected (req=1)
12-20 07:49:13.337 23047 23106 W libEGL  : EGLNativeWindowType 0x73bd604050 disconnect failed
12-20 07:49:13.339  4310  9796 V WindowManager: Relayout Window{d4b03c6 u0 com.example.dogglers/com.example.dogglers.MainActivity}: viewVisibility=8 req=1080x2340
12-20 07:49:13.344  4310  9796 V WindowManager: Relayout 23047: mAttrs={(0,0)(fillxfill) sim={adjust=pan forwardNavigation} ty=BASE_APPLICATION wanim=0x1030305
12-20 07:49:13.344  4310  9796 V WindowManager:   fl=81810100
12-20 07:49:13.344  4310  9796 V WindowManager:   pfl=10020000
12-20 07:49:13.344  4310  9796 V WindowManager:   vsysui=10 naviIconColor=0}
12-20 07:49:13.348 23047 23047 D ViewRootImpl@1d28cd2[MainActivity]: Relayout returned: old=(0,0,1080,2340) new=(0,0,1080,2340) req=(1080,2340)8 dur=9 res=0x5 s={false 0} ch=true
12-20 07:49:13.375  4310  5045 D InputDispatcher: Focus entered window (23047): f232894 in display 0 0
12-20 07:49:13.377 23047 23047 D ViewRootImpl@21e429f[InstrumentationActivityInvoker$EmptyActivity]: MSG_WINDOW_FOCUS_CHANGED 1 1
12-20 07:49:13.377 23047 23047 D InputMethodManager: prepareNavigationBarInfo() DecorView@5f927c0[InstrumentationActivityInvoker$EmptyActivity]
12-20 07:49:13.377 23047 23047 D InputMethodManager: getNavigationBarColor() -855310
12-20 07:49:13.382 23047 23047 D InputMethodManager: prepareNavigationBarInfo() DecorView@5f927c0[InstrumentationActivityInvoker$EmptyActivity]
12-20 07:49:13.382 23047 23047 D InputMethodManager: getNavigationBarColor() -855310
12-20 07:49:13.382 23047 23047 V InputMethodManager: Starting input: tba=com.example.dogglers ic=null mNaviBarColor -855310 mIsGetNaviBarColorSuccess true , NavVisible : true , NavTrans : false
12-20 07:49:13.383 23047 23047 D InputMethodManager: startInputInner - Id : 0
12-20 07:49:13.383 23047 23047 I InputMethodManager: startInputInner - mService.startInputOrWindowGainedFocus
12-20 07:49:13.384  3852  3852 I SurfaceFlinger: Display 0 HWC layers:
12-20 07:49:13.384  3852  3852 I SurfaceFlinger:     type    |    handle    | flag |  format   |   source crop (l,t,r,b)    |         frame       | name
12-20 07:49:13.384  3852  3852 I SurfaceFlinger: ------------+--------------+------+-----------+----------------------------+---------------------+------
12-20 07:49:13.384  3852  3852 I SurfaceFlinger:      DEVICE | 0x7072a93a80 | 0002 | RGBA_8888 |   0.0    0.0 1080.0 2340.0 |    0    0 1080 2340 | com.example.dogglers/androidx.test.c[...]tivityInvoker$EmptyActivity$_23047#0
12-20 07:49:13.384  3852  3852 I SurfaceFlinger:      DEVICE | 0x706eee2ec0 | 0000 | RGBA_8888 |   0.0    0.0 1080.0   83.0 |    0    0 1080   83 | StatusBar$_4708#0
12-20 07:49:13.384  3852  3852 I SurfaceFlinger:      DEVICE | 0x706eee06c0 | 0000 | RGBA_8888 |   0.0    0.0 1080.0  126.0 |    0 2214 1080 2340 | NavigationBar0$_4708#0
12-20 07:49:13.384  3852  3852 I SurfaceFlinger:      DEVICE | 0x706eedfa40 | 0000 | RGBA_8888 |   0.0    0.0 1080.0  151.0 |    0    0 1080  151 | ScreenDecorOverlay$_4708#0
12-20 07:49:13.384  3852  3852 I SurfaceFlinger:      DEVICE | 0x706eedf7c0 | 0000 | RGBA_8888 |   0.0    0.0 1080.0  151.0 |    0 2189 1080 2340 | ScreenDecorOverlayBottom$_4708#0
12-20 07:49:13.384  3852  3852 I SurfaceFlinger:
12-20 07:49:13.385  4310  5045 D InputMethodManagerService: mSecureKeypadEnabled = false
12-20 07:49:13.386  4310  5045 V InputMethodManagerService: hideCurrentInputLocked : shouldHideSoftInput is false
12-20 07:49:13.386  4310  5045 D InputMethodManagerService: mDesktopModeManager null!
12-20 07:49:13.386  4310  5045 V InputMethodManagerService: getDisplayIdOfInputMethodWindowToBeAdded : 0
12-20 07:49:13.387  4310  5045 D InputMethodManagerService: checkDisplayOfStartInputAndUpdateKeyboard display Id 0last 0
12-20 07:49:13.387  4310  5045 D InputTransport: Input channel constructed: 'ClientS', fd=729
12-20 07:49:13.387  4310  5045 D InputTransport: Input channel destroyed: 'ClientS', fd=729
12-20 07:49:13.387 23047 23047 D InputTransport: Input channel destroyed: 'ClientS', fd=88
12-20 07:49:13.388 23047 23047 D ViewRootImpl@21e429f[InstrumentationActivityInvoker$EmptyActivity]: MSG_RESIZED_REPORT: frame=(0,0,1080,2340) ci=(0,83,0,126) vi=(0,83,0,126) or=1
12-20 07:49:13.389  9404  9404 I GoogleInputMethodService: GoogleInputMethodService.onFinishInput():3227
12-20 07:49:13.390 23047 23047 D ViewRootImpl@1d28cd2[MainActivity]: stopped(true) old=false
12-20 07:49:13.391  9404  9404 I GoogleInputMethodService: GoogleInputMethodService.updateDeviceLockedStatus():2087 repeatCheckTimes = 0, unlocked = true
12-20 07:49:13.392 23047 23047 D LifecycleMonitor: Lifecycle status change: com.example.dogglers.MainActivity@51c0d77 in: STOPPED
12-20 07:49:13.392  9404  9404 D InputMethodService: checkDisplayOfStartInputAndUpdateKeyboard display Id 0last 0
12-20 07:49:13.392  9404  9404 I GoogleInputMethodService: GoogleInputMethodService.onStartInput():1877 onStartInput(EditorInfo{inputType=0x0(NULL) imeOptions=0x0 privateImeOptions=null actionName=UNSPECIFIED actionLabel=null actionId=0 initialSelStart=-1 initialSelEnd=-1 initialCapsMode=0x0 hintText=null label=null packageName=com.example.dogglers fieldId=-1 fieldName=null extras=Bundle[{NaviColor=-855310, Navbar_Color=-855310, displayId=0, NavbarColor_Success=true, Navbar_Visible=true, Navbar_Transparent=false}]}, false)
12-20 07:49:13.392  9404  9404 I GoogleInputMethodService: GoogleInputMethodService.shouldHideHeaderOnInitialState():4008 ShouldHideHeaderOnInitialState = false
12-20 07:49:13.393 23047 23047 V ActivityScenario: Update currentActivityStage to STOPPED, currentActivity=com.example.dogglers.MainActivity@51c0d77
12-20 07:49:13.395  9404  9404 I GoogleInputMethodService: GoogleInputMethodService.updateDeviceLockedStatus():2087 repeatCheckTimes = 2, unlocked = true
12-20 07:49:13.397 23047 23047 D LifecycleMonitor: Lifecycle status change: com.example.dogglers.MainActivity@51c0d77 in: DESTROYED
12-20 07:49:13.398 23047 23047 V ActivityScenario: Update currentActivityStage to DESTROYED, currentActivity=null
12-20 07:49:13.403 23047 23047 D ViewRootImpl@1d28cd2[MainActivity]: dispatchDetachedFromWindow
12-20 07:49:13.404  3852  4644 I SurfaceFlinger: createSurf start. lock debugging [AppWindowToken{76875d7 token=Token{7398156 ActivityRecord{b079f71 u0 com.example.dogglers/androidx.test.core.app.InstrumentationActivityInvoker$EmptyActivity t926}}}]
12-20 07:49:13.405  3852  4644 I SurfaceFlinger: id=6637 createSurf (0x0),-1 flag=80004, AppWindowToken{76875d7 token=Token{7398156 ActivityRecord{b079f71 u0 com.example.dogglers/androidx.test.core.app.InstrumentationActivityInvoker$EmptyActivity t926}}}#0
12-20 07:49:13.412  4310  5045 D InputTransport: Input channel destroyed: 'd4b03c6', fd=734
12-20 07:49:13.413  3852  4644 I Layer   : id=6623 removeFromCurrentState com.example.dogglers/com.example.dogglers.MainActivity$_23047#0 (66)
12-20 07:49:13.416  3852  4644 I Layer   : id=6622 removeFromCurrentState d4b03c6 com.example.dogglers/com.example.dogglers.MainActivity#0 (66)
12-20 07:49:13.418  3852  4644 I SurfaceFlinger: id=6623 Removed com.example.dogglers/com.example.dogglers.MainActivity$_23047#0 (66)
12-20 07:49:13.418 23047 23047 D InputTransport: Input channel destroyed: 'd4b03c6', fd=72
12-20 07:49:13.418  3852  3966 I SurfaceFlinger: id=6622 Removed d4b03c6 com.example.dogglers/com.example.dogglers.MainActivity#0 (66)
12-20 07:49:13.424  3852  3852 I Layer   : id=6622[1] Destroyed d4b03c6 com.example.dogglers/com.example.dogglers.MainActivity#0
12-20 07:49:13.425  3852  3852 I Layer   : id=6623[1] Destroyed com.example.dogglers/com.example.dogglers.MainActivity$_23047#0
12-20 07:49:13.426  3852  4644 I Layer   : id=6617 removeFromCurrentState AppWindowToken{11e3ad8 token=Token{38125bb ActivityRecord{a31324a u0 com.example.dogglers/.MainActivity t926}}}#0 (64)
12-20 07:49:13.443  3852  4644 E BufferQueueProducer: [com.example.dogglers/com.example.dogglers.HorizontalListActivity$_23047#0] disconnect: not connected (req=1)
12-20 07:49:13.443 23047 23106 W libEGL  : EGLNativeWindowType 0x73bd605810 disconnect failed
12-20 07:49:13.445  4310  5045 V WindowManager: Relayout Window{15a1fa5 u0 com.example.dogglers/com.example.dogglers.HorizontalListActivity}: viewVisibility=8 req=1080x2340
12-20 07:49:13.449  4310  5045 V WindowManager: Relayout 23047: mAttrs={(0,0)(fillxfill) sim={adjust=resize forwardNavigation} ty=BASE_APPLICATION wanim=0x1030305
12-20 07:49:13.449  4310  5045 V WindowManager:   fl=81810100
12-20 07:49:13.449  4310  5045 V WindowManager:   pfl=10020000
12-20 07:49:13.449  4310  5045 V WindowManager:   vsysui=10 naviIconColor=0}
12-20 07:49:13.452 23047 23047 D ViewRootImpl@d79d3e1[HorizontalListActivity]: Relayout returned: old=(0,0,1080,2340) new=(0,0,1080,2340) req=(1080,2340)8 dur=8 res=0x5 s={false 0} ch=true
12-20 07:49:13.455 23047 23047 D LifecycleMonitor: Lifecycle status change: androidx.test.core.app.InstrumentationActivityInvoker$EmptyActivity@5870af2 in: PAUSED
12-20 07:49:13.456 23047 23047 V ActivityScenario: Activity lifecycle changed event received but ignored because the intent does not match. startActivityIntent=Intent { act=android.intent.action.MAIN cat=[android.intent.category.LAUNCHER] cmp=com.example.dogglers/.MainActivity }, activity.getIntent()=Intent { act=android.intent.action.MAIN cat=[android.intent.category.LAUNCHER] flg=0x10000000 cmp=com.example.dogglers/androidx.test.core.app.InstrumentationActivityInvoker$EmptyActivity }, activity=androidx.test.core.app.InstrumentationActivityInvoker$EmptyActivity@5870af2
12-20 07:49:13.462  4310  5045 D InputDispatcher: Focused application set to (0): 76875d7
12-20 07:49:13.464  4310  5045 I SemPersonaManager: SecureFolder personaId = 150
12-20 07:49:13.479 23047 23047 D LifecycleMonitor: Lifecycle status change: androidx.test.core.app.InstrumentationActivityInvoker$BootstrapActivity@7005223 in: DESTROYED
12-20 07:49:13.479 23047 23047 V ActivityScenario: Activity lifecycle changed event received but ignored because the intent does not match. startActivityIntent=Intent { act=android.intent.action.MAIN cat=[android.intent.category.LAUNCHER] cmp=com.example.dogglers/.MainActivity }, activity.getIntent()=Intent { act=android.intent.action.MAIN cat=[android.intent.category.LAUNCHER] flg=0x10008000 cmp=com.example.dogglers/androidx.test.core.app.InstrumentationActivityInvoker$BootstrapActivity (has extras) }, activity=androidx.test.core.app.InstrumentationActivityInvoker$BootstrapActivity@7005223
12-20 07:49:13.480 23047 23047 W ActivityThread: handleWindowVisibility: no activity for token android.os.BinderProxy@c9c2ed8
12-20 07:49:13.485  3852  3966 I Layer   : id=6614 removeFromCurrentState AppWindowToken{c97e46 token=Token{776ba21 ActivityRecord{c16942b u0 com.example.dogglers/androidx.test.core.app.InstrumentationActivityInvoker$BootstrapActivity t926}}}#0 (64)
12-20 07:49:13.492  4310  9796 D InputDispatcher: Focus left window (23047): f232894 in display 0 0
12-20 07:49:13.497 23047 23047 D LifecycleMonitor: Lifecycle status change: androidx.test.core.app.InstrumentationActivityInvoker$EmptyActivity@7d5f231 in: PRE_ON_CREATE
12-20 07:49:13.497 23047 23047 V ActivityScenario: Activity lifecycle changed event received but ignored because the intent does not match. startActivityIntent=Intent { act=android.intent.action.MAIN cat=[android.intent.category.LAUNCHER] cmp=com.example.dogglers/.MainActivity }, activity.getIntent()=Intent { act=android.intent.action.MAIN cat=[android.intent.category.LAUNCHER] flg=0x10000000 cmp=com.example.dogglers/androidx.test.core.app.InstrumentationActivityInvoker$EmptyActivity }, activity=androidx.test.core.app.InstrumentationActivityInvoker$EmptyActivity@7d5f231
12-20 07:49:13.508 23047 23047 I MultiWindowDecorSupport: updateCaptionType >> DecorView@34fe697[], isFloating: false, isApplication: true, hasWindowDecorCaption: false, hasWindowControllerCallback: true
12-20 07:49:13.508 23047 23047 D MultiWindowDecorSupport: setCaptionType = 0, DecorView = DecorView@34fe697[]
12-20 07:49:13.518 23047 23047 D LifecycleMonitor: Lifecycle status change: androidx.test.core.app.InstrumentationActivityInvoker$EmptyActivity@7d5f231 in: CREATED
12-20 07:49:13.519 23047 23047 V ActivityScenario: Activity lifecycle changed event received but ignored because the intent does not match. startActivityIntent=Intent { act=android.intent.action.MAIN cat=[android.intent.category.LAUNCHER] cmp=com.example.dogglers/.MainActivity }, activity.getIntent()=Intent { act=android.intent.action.MAIN cat=[android.intent.category.LAUNCHER] flg=0x10000000 cmp=com.example.dogglers/androidx.test.core.app.InstrumentationActivityInvoker$EmptyActivity }, activity=androidx.test.core.app.InstrumentationActivityInvoker$EmptyActivity@7d5f231
12-20 07:49:13.522 23047 23047 D LifecycleMonitor: Lifecycle status change: androidx.test.core.app.InstrumentationActivityInvoker$EmptyActivity@7d5f231 in: STARTED
12-20 07:49:13.523 23047 23047 V ActivityScenario: Activity lifecycle changed event received but ignored because the intent does not match. startActivityIntent=Intent { act=android.intent.action.MAIN cat=[android.intent.category.LAUNCHER] cmp=com.example.dogglers/.MainActivity }, activity.getIntent()=Intent { act=android.intent.action.MAIN cat=[android.intent.category.LAUNCHER] flg=0x10000000 cmp=com.example.dogglers/androidx.test.core.app.InstrumentationActivityInvoker$EmptyActivity }, activity=androidx.test.core.app.InstrumentationActivityInvoker$EmptyActivity@7d5f231
12-20 07:49:13.526 23047 23047 D LifecycleMonitor: Lifecycle status change: androidx.test.core.app.InstrumentationActivityInvoker$EmptyActivity@7d5f231 in: RESUMED
12-20 07:49:13.527 23047 23047 V ActivityScenario: Activity lifecycle changed event received but ignored because the intent does not match. startActivityIntent=Intent { act=android.intent.action.MAIN cat=[android.intent.category.LAUNCHER] cmp=com.example.dogglers/.MainActivity }, activity.getIntent()=Intent { act=android.intent.action.MAIN cat=[android.intent.category.LAUNCHER] flg=0x10000000 cmp=com.example.dogglers/androidx.test.core.app.InstrumentationActivityInvoker$EmptyActivity }, activity=androidx.test.core.app.InstrumentationActivityInvoker$EmptyActivity@7d5f231
12-20 07:49:13.536  4310  4975 D InputTransport: Input channel constructed: '3d648cf', fd=729
12-20 07:49:13.536  4310  4975 D InputTransport: Input channel constructed: '3d648cf', fd=733
12-20 07:49:13.536  3852  4644 I SurfaceFlinger: createSurf start. lock debugging [3d648cf com.example.dogglers/androidx.test.core.app.InstrumentationActivityInvoker$EmptyActivity]
12-20 07:49:13.537  3852  4644 I SurfaceFlinger: id=6638 createSurf (0x0),-1 flag=80004, 3d648cf com.example.dogglers/androidx.test.core.app.InstrumentationActivityInvoker$EmptyActivity#0
12-20 07:49:13.538  4310  4975 D InputTransport: Input channel destroyed: '3d648cf', fd=733
12-20 07:49:13.540 23047 23047 D ViewRootImpl@39414a2[InstrumentationActivityInvoker$EmptyActivity]: setView = com.android.internal.policy.DecorView@34fe697 TM=true MM=false
12-20 07:49:13.545 23047 23047 D ViewRootImpl@d79d3e1[HorizontalListActivity]: stopped(true) old=false
12-20 07:49:13.546 23047 23047 D LifecycleMonitor: Lifecycle status change: com.example.dogglers.HorizontalListActivity@2d5994 in: STOPPED
12-20 07:49:13.547 23047 23047 V ActivityScenario: Activity lifecycle changed event received but ignored because the intent does not match. startActivityIntent=Intent { act=android.intent.action.MAIN cat=[android.intent.category.LAUNCHER] cmp=com.example.dogglers/.MainActivity }, activity.getIntent()=Intent { cmp=com.example.dogglers/.HorizontalListActivity }, activity=com.example.dogglers.HorizontalListActivity@2d5994
12-20 07:49:13.552 23047 23047 D ViewRootImpl@21e429f[InstrumentationActivityInvoker$EmptyActivity]: MSG_WINDOW_FOCUS_CHANGED 0 1
12-20 07:49:13.553 23047 23047 D InputMethodManager: prepareNavigationBarInfo() DecorView@5f927c0[InstrumentationActivityInvoker$EmptyActivity]
12-20 07:49:13.553 23047 23047 D InputMethodManager: getNavigationBarColor() -855310
12-20 07:49:13.564  4310  4975 V WindowManager: Relayout Window{3d648cf u0 com.example.dogglers/androidx.test.core.app.InstrumentationActivityInvoker$EmptyActivity}: viewVisibility=0 req=1080x2340
12-20 07:49:13.567  3852  3966 I SurfaceFlinger: createSurf start. lock debugging [com.example.dogglers/androidx.test.core.app.InstrumentationActivityInvoker$EmptyActivity$_23047]
12-20 07:49:13.568  3852  3966 I SurfaceFlinger: id=6639 createSurf (1080x2340),1 flag=404, com.example.dogglers/androidx.test.core.app.InstrumentationActivityInvoker$EmptyActivity$_23047#1
12-20 07:49:13.571  4310  4362 D WindowManager: setSystemUiVisibility: displayId=0, vis=0x8018, fullVis=0x0, dockVis=0x0, win=Window{3d648cf u0 com.example.dogglers/androidx.test.core.app.InstrumentationActivityInvoker$EmptyActivity}
12-20 07:49:13.572  4310  4975 V WindowManager: Relayout 23047: mAttrs={(0,0)(fillxfill) sim={adjust=pan forwardNavigation} ty=BASE_APPLICATION wanim=0x1030001
12-20 07:49:13.572  4310  4975 V WindowManager:   fl=1810100
12-20 07:49:13.572  4310  4975 V WindowManager:   pfl=10020000
12-20 07:49:13.572  4310  4975 V WindowManager:   vsysui=10 naviIconColor=0}
12-20 07:49:13.576 23047 23047 D ViewRootImpl@39414a2[InstrumentationActivityInvoker$EmptyActivity]: Relayout returned: old=(0,0,1080,2340) new=(0,0,1080,2340) req=(1080,2340)0 dur=14 res=0x7 s={true 494690136064} ch=true
12-20 07:49:13.578 23047 23106 D OpenGLRenderer: createReliableSurface : 0x73bd605800, 0x732dd47000
12-20 07:49:13.579 23047 23106 D mali_winsys: EGLint new_window_surface(egl_winsys_display *, void *, EGLSurface, EGLConfig, egl_winsys_surface **, EGLBoolean) returns 0x3000
12-20 07:49:13.596  4310  4975 V WindowManager: Relayout Window{15a1fa5 u0 com.example.dogglers/com.example.dogglers.HorizontalListActivity}: viewVisibility=8 req=1080x2340
12-20 07:49:13.601  4310  4975 V WindowManager: Relayout 23047: mAttrs={(0,0)(fillxfill) sim={adjust=pan} ty=BASE_APPLICATION wanim=0x1030305
12-20 07:49:13.601  4310  4975 V WindowManager:   fl=81810100
12-20 07:49:13.601  4310  4975 V WindowManager:   pfl=10020000
12-20 07:49:13.601  4310  4975 V WindowManager:   vsysui=10 naviIconColor=0}
12-20 07:49:13.604 23047 23047 D ViewRootImpl@d79d3e1[HorizontalListActivity]: Relayout returned: old=(0,0,1080,2340) new=(0,0,1080,2340) req=(1080,2340)8 dur=10 res=0x5 s={false 0} ch=false
12-20 07:49:13.624  3852  4644 I Layer   : id=6627 removeFromCurrentState com.example.dogglers/com.example.dogglers.HorizontalListActivity$_23047#0 (66)
12-20 07:49:13.626  4310  5045 D InputDispatcher: Focus entered window (23047): 3d648cf in display 0 0
12-20 07:49:13.627  3852  3966 I SurfaceFlinger: id=6627 Removed com.example.dogglers/com.example.dogglers.HorizontalListActivity$_23047#0 (66)
12-20 07:49:13.634  3852  3852 I SurfaceFlinger: Display 0 HWC layers:
12-20 07:49:13.634  3852  3852 I SurfaceFlinger:     type    |    handle    | flag |  format   |   source crop (l,t,r,b)    |         frame       | name
12-20 07:49:13.634  3852  3852 I SurfaceFlinger: ------------+--------------+------+-----------+----------------------------+---------------------+------
12-20 07:49:13.634  3852  3852 I SurfaceFlinger:      DEVICE | 0x7072a940c0 | 0002 | RGBA_8888 |   0.0    0.0 1080.0 2340.0 |    0    0 1080 2340 | com.example.dogglers/androidx.test.c[...]tivityInvoker$EmptyActivity$_23047#1
12-20 07:49:13.634  3852  3852 I SurfaceFlinger:      DEVICE | 0x706eee2ec0 | 0000 | RGBA_8888 |   0.0    0.0 1080.0   83.0 |    0    0 1080   83 | StatusBar$_4708#0
12-20 07:49:13.634  3852  3852 I SurfaceFlinger:      DEVICE | 0x706eee06c0 | 0000 | RGBA_8888 |   0.0    0.0 1080.0  126.0 |    0 2214 1080 2340 | NavigationBar0$_4708#0
12-20 07:49:13.634  3852  3852 I SurfaceFlinger:      DEVICE | 0x706eedfa40 | 0000 | RGBA_8888 |   0.0    0.0 1080.0  151.0 |    0    0 1080  151 | ScreenDecorOverlay$_4708#0
12-20 07:49:13.634  3852  3852 I SurfaceFlinger:      DEVICE | 0x706eedf7c0 | 0000 | RGBA_8888 |   0.0    0.0 1080.0  151.0 |    0 2189 1080 2340 | ScreenDecorOverlayBottom$_4708#0
12-20 07:49:13.634  3852  3852 I SurfaceFlinger:
12-20 07:49:13.642  3852  3852 I Layer   : id=6627[1] Destroyed com.example.dogglers/com.example.dogglers.HorizontalListActivity$_23047#0
12-20 07:49:13.649 23047 23047 D ViewRootImpl@39414a2[InstrumentationActivityInvoker$EmptyActivity]: MSG_WINDOW_FOCUS_CHANGED 1 1
12-20 07:49:13.650 23047 23047 D InputMethodManager: prepareNavigationBarInfo() DecorView@34fe697[InstrumentationActivityInvoker$EmptyActivity]
12-20 07:49:13.650 23047 23047 D InputMethodManager: getNavigationBarColor() -855310
12-20 07:49:13.652 23047 23047 D InputMethodManager: prepareNavigationBarInfo() DecorView@34fe697[InstrumentationActivityInvoker$EmptyActivity]
12-20 07:49:13.653 23047 23047 D InputMethodManager: getNavigationBarColor() -855310
12-20 07:49:13.653 23047 23047 V InputMethodManager: Starting input: tba=com.example.dogglers ic=null mNaviBarColor -855310 mIsGetNaviBarColorSuccess true , NavVisible : true , NavTrans : false
12-20 07:49:13.653 23047 23047 D InputMethodManager: startInputInner - Id : 0
12-20 07:49:13.653 23047 23047 I InputMethodManager: startInputInner - mService.startInputOrWindowGainedFocus
12-20 07:49:13.654  4310  9796 D InputMethodManagerService: mSecureKeypadEnabled = false
12-20 07:49:13.655  4310  9796 V InputMethodManagerService: hideCurrentInputLocked : shouldHideSoftInput is false
12-20 07:49:13.655  4310  9796 D InputMethodManagerService: mDesktopModeManager null!
12-20 07:49:13.655  4310  9796 V InputMethodManagerService: getDisplayIdOfInputMethodWindowToBeAdded : 0
12-20 07:49:13.655  4310  9796 D InputMethodManagerService: checkDisplayOfStartInputAndUpdateKeyboard display Id 0last 0
12-20 07:49:13.656  4310  9796 D InputTransport: Input channel constructed: 'ClientS', fd=733
12-20 07:49:13.656  4310  9796 D InputTransport: Input channel destroyed: 'ClientS', fd=733
12-20 07:49:13.656 23047 23047 D InputTransport: Input channel destroyed: 'ClientS', fd=80
12-20 07:49:13.657 23047 23047 D ViewRootImpl@39414a2[InstrumentationActivityInvoker$EmptyActivity]: MSG_RESIZED_REPORT: frame=(0,0,1080,2340) ci=(0,83,0,126) vi=(0,83,0,126) or=1
12-20 07:49:13.658  9404  9404 I GoogleInputMethodService: GoogleInputMethodService.onFinishInput():3227
12-20 07:49:13.661  9404  9404 I GoogleInputMethodService: GoogleInputMethodService.updateDeviceLockedStatus():2087 repeatCheckTimes = 0, unlocked = true
12-20 07:49:13.661  9404  9404 D InputMethodService: checkDisplayOfStartInputAndUpdateKeyboard display Id 0last 0
12-20 07:49:13.661  9404  9404 I GoogleInputMethodService: GoogleInputMethodService.onStartInput():1877 onStartInput(EditorInfo{inputType=0x0(NULL) imeOptions=0x0 privateImeOptions=null actionName=UNSPECIFIED actionLabel=null actionId=0 initialSelStart=-1 initialSelEnd=-1 initialCapsMode=0x0 hintText=null label=null packageName=com.example.dogglers fieldId=-1 fieldName=null extras=Bundle[{NaviColor=-855310, Navbar_Color=-855310, displayId=0, NavbarColor_Success=true, Navbar_Visible=true, Navbar_Transparent=false}]}, false)
12-20 07:49:13.661  9404  9404 I GoogleInputMethodService: GoogleInputMethodService.shouldHideHeaderOnInitialState():4008 ShouldHideHeaderOnInitialState = false
12-20 07:49:13.662  9404  9404 I GoogleInputMethodService: GoogleInputMethodService.updateDeviceLockedStatus():2087 repeatCheckTimes = 2, unlocked = true
12-20 07:49:13.687  3852  5384 E BufferQueueProducer: [com.example.dogglers/androidx.test.core.app.InstrumentationActivityInvoker$EmptyActivity$_23047#0] disconnect: not connected (req=1)
12-20 07:49:13.687 23047 23106 W libEGL  : EGLNativeWindowType 0x735754b790 disconnect failed
12-20 07:49:13.688  4310  5045 V WindowManager: Relayout Window{f232894 u0 com.example.dogglers/androidx.test.core.app.InstrumentationActivityInvoker$EmptyActivity}: viewVisibility=8 req=1080x2340
12-20 07:49:13.693  4310  4975 D InputDispatcher: Focus left window (23047): 3d648cf in display 0 0
12-20 07:49:13.695  4310  5045 V WindowManager: Relayout 23047: mAttrs={(0,0)(fillxfill) sim={adjust=pan forwardNavigation} ty=BASE_APPLICATION wanim=0x1030001
12-20 07:49:13.695  4310  5045 V WindowManager:   fl=1810100
12-20 07:49:13.695  4310  5045 V WindowManager:   pfl=10020000
12-20 07:49:13.695  4310  5045 V WindowManager:   vsysui=10 naviIconColor=0}
12-20 07:49:13.698 23047 23047 D ViewRootImpl@21e429f[InstrumentationActivityInvoker$EmptyActivity]: Relayout returned: old=(0,0,1080,2340) new=(0,0,1080,2340) req=(1080,2340)8 dur=10 res=0x5 s={false 0} ch=true
12-20 07:49:13.701 23047 23047 D LifecycleMonitor: Lifecycle status change: androidx.test.core.app.InstrumentationActivityInvoker$EmptyActivity@7d5f231 in: PAUSED
12-20 07:49:13.702 23047 23047 V ActivityScenario: Activity lifecycle changed event received but ignored because the intent does not match. startActivityIntent=Intent { act=android.intent.action.MAIN cat=[android.intent.category.LAUNCHER] cmp=com.example.dogglers/.MainActivity }, activity.getIntent()=Intent { act=android.intent.action.MAIN cat=[android.intent.category.LAUNCHER] flg=0x10000000 cmp=com.example.dogglers/androidx.test.core.app.InstrumentationActivityInvoker$EmptyActivity }, activity=androidx.test.core.app.InstrumentationActivityInvoker$EmptyActivity@7d5f231
12-20 07:49:13.707  4310  9826 D InputDispatcher: Focused application set to (0): 5e29a6e
12-20 07:49:13.708  4310  9826 I SemPersonaManager: SecureFolder personaId = 150
12-20 07:49:13.717  3936  4893 I GNSS_MEMS: TGT_MEMS SCSCMemsReportSensorDrops: dropped 0 events (spam) 1 events (rate limit) out of 95 total for sensor 0 since last report
12-20 07:49:13.718 23047 23047 D ViewRootImpl@39414a2[InstrumentationActivityInvoker$EmptyActivity]: MSG_WINDOW_FOCUS_CHANGED 0 1
12-20 07:49:13.718 23047 23047 D InputMethodManager: prepareNavigationBarInfo() DecorView@34fe697[InstrumentationActivityInvoker$EmptyActivity]
12-20 07:49:13.718 23047 23047 D InputMethodManager: getNavigationBarColor() -855310
12-20 07:49:13.720 23047 23047 D ViewRootImpl@d79d3e1[HorizontalListActivity]: stopped(false) old=true
12-20 07:49:13.720 23047 23047 D LifecycleMonitor: Lifecycle status change: com.example.dogglers.HorizontalListActivity@2d5994 in: RESTARTED
12-20 07:49:13.721 23047 23047 V ActivityScenario: Activity lifecycle changed event received but ignored because the intent does not match. startActivityIntent=Intent { act=android.intent.action.MAIN cat=[android.intent.category.LAUNCHER] cmp=com.example.dogglers/.MainActivity }, activity.getIntent()=Intent { cmp=com.example.dogglers/.HorizontalListActivity }, activity=com.example.dogglers.HorizontalListActivity@2d5994
12-20 07:49:13.723 23047 23047 D LifecycleMonitor: Lifecycle status change: com.example.dogglers.HorizontalListActivity@2d5994 in: STARTED
12-20 07:49:13.724 23047 23047 V ActivityScenario: Activity lifecycle changed event received but ignored because the intent does not match. startActivityIntent=Intent { act=android.intent.action.MAIN cat=[android.intent.category.LAUNCHER] cmp=com.example.dogglers/.MainActivity }, activity.getIntent()=Intent { cmp=com.example.dogglers/.HorizontalListActivity }, activity=com.example.dogglers.HorizontalListActivity@2d5994
12-20 07:49:13.725 23047 23047 D ViewRootImpl@d79d3e1[HorizontalListActivity]: stopped(false) old=false
12-20 07:49:13.726 23047 23047 D LifecycleMonitor: Lifecycle status change: com.example.dogglers.HorizontalListActivity@2d5994 in: RESUMED
12-20 07:49:13.727 23047 23047 V ActivityScenario: Activity lifecycle changed event received but ignored because the intent does not match. startActivityIntent=Intent { act=android.intent.action.MAIN cat=[android.intent.category.LAUNCHER] cmp=com.example.dogglers/.MainActivity }, activity.getIntent()=Intent { cmp=com.example.dogglers/.HorizontalListActivity }, activity=com.example.dogglers.HorizontalListActivity@2d5994
12-20 07:49:13.733  4310  5045 V WindowManager: Relayout Window{15a1fa5 u0 com.example.dogglers/com.example.dogglers.HorizontalListActivity}: viewVisibility=0 req=1080x2340
12-20 07:49:13.736  3852  5384 I SurfaceFlinger: createSurf start. lock debugging [com.example.dogglers/com.example.dogglers.HorizontalListActivity$_23047]
12-20 07:49:13.737  3852  5384 I SurfaceFlinger: id=6640 createSurf (1080x2340),1 flag=404, com.example.dogglers/com.example.dogglers.HorizontalListActivity$_23047#0
12-20 07:49:13.740  4310  4362 D WindowManager: setSystemUiVisibility: displayId=0, vis=0x8018, fullVis=0x0, dockVis=0x0, win=Window{15a1fa5 u0 com.example.dogglers/com.example.dogglers.HorizontalListActivity}
12-20 07:49:13.741  4310  5045 V WindowManager: Relayout 23047: mAttrs={(0,0)(fillxfill) sim={adjust=resize} ty=BASE_APPLICATION wanim=0x1030305
12-20 07:49:13.741  4310  5045 V WindowManager:   fl=81810100
12-20 07:49:13.741  4310  5045 V WindowManager:   pfl=10020000
12-20 07:49:13.741  4310  5045 V WindowManager:   vsysui=10 naviIconColor=0}
12-20 07:49:13.745 23047 23047 D ViewRootImpl@d79d3e1[HorizontalListActivity]: Relayout returned: old=(0,0,1080,2340) new=(0,0,1080,2340) req=(1080,2340)0 dur=13 res=0x7 s={true 495014653952} ch=true
12-20 07:49:13.746 23047 23106 D OpenGLRenderer: createReliableSurface : 0x735754b780, 0x73412c3000
12-20 07:49:13.747 23047 23106 D mali_winsys: EGLint new_window_surface(egl_winsys_display *, void *, EGLSurface, EGLConfig, egl_winsys_surface **, EGLBoolean) returns 0x3000
12-20 07:49:13.779 23047 23047 D ViewRootImpl@d79d3e1[HorizontalListActivity]: MSG_WINDOW_FOCUS_CHANGED 1 1
12-20 07:49:13.780 23047 23047 D InputMethodManager: prepareNavigationBarInfo() DecorView@833bf8a[HorizontalListActivity]
12-20 07:49:13.780 23047 23047 D InputMethodManager: getNavigationBarColor() -855310
12-20 07:49:13.783 23047 23047 D InputMethodManager: prepareNavigationBarInfo() DecorView@833bf8a[HorizontalListActivity]
12-20 07:49:13.783 23047 23047 D InputMethodManager: getNavigationBarColor() -855310
12-20 07:49:13.783 23047 23047 V InputMethodManager: Starting input: tba=com.example.dogglers ic=null mNaviBarColor -855310 mIsGetNaviBarColorSuccess true , NavVisible : true , NavTrans : false
12-20 07:49:13.784 23047 23047 D InputMethodManager: startInputInner - Id : 0
12-20 07:49:13.784 23047 23047 I InputMethodManager: startInputInner - mService.startInputOrWindowGainedFocus
12-20 07:49:13.785  4310  5045 D InputMethodManagerService: mSecureKeypadEnabled = false
12-20 07:49:13.789  4310  5045 V InputMethodManagerService: hideCurrentInputLocked : shouldHideSoftInput is false
12-20 07:49:13.789  4310  5045 D InputMethodManagerService: mDesktopModeManager null!
12-20 07:49:13.790  4310  5045 V InputMethodManagerService: getDisplayIdOfInputMethodWindowToBeAdded : 0
12-20 07:49:13.790  4310  5045 D InputMethodManagerService: checkDisplayOfStartInputAndUpdateKeyboard display Id 0last 0
12-20 07:49:13.790  4310  5045 D InputTransport: Input channel constructed: 'ClientS', fd=733
12-20 07:49:13.791  4310  5045 D InputTransport: Input channel destroyed: 'ClientS', fd=733
12-20 07:49:13.791 23047 23047 D InputTransport: Input channel destroyed: 'ClientS', fd=81
12-20 07:49:13.793  4310  4975 D InputDispatcher: Focus entered window (23047): 15a1fa5 in display 0 0
12-20 07:49:13.801  9404  9404 I GoogleInputMethodService: GoogleInputMethodService.onFinishInput():3227
12-20 07:49:13.801  3852  3852 I SurfaceFlinger: Display 0 HWC layers:
12-20 07:49:13.801  3852  3852 I SurfaceFlinger:     type    |    handle    | flag |  format   |   source crop (l,t,r,b)    |         frame       | name
12-20 07:49:13.801  3852  3852 I SurfaceFlinger: ------------+--------------+------+-----------+----------------------------+---------------------+------
12-20 07:49:13.801  3852  3852 I SurfaceFlinger:      DEVICE | 0x706eedfb80 | 0002 | RGBA_8888 |   0.0    0.0 1080.0 2340.0 |    0    0 1080 2340 | com.example.dogglers/com.example.dogglers.HorizontalListActivity$_23047#0
12-20 07:49:13.801  3852  3852 I SurfaceFlinger:      DEVICE | 0x706eee2ec0 | 0000 | RGBA_8888 |   0.0    0.0 1080.0   83.0 |    0    0 1080   83 | StatusBar$_4708#0
12-20 07:49:13.801  3852  3852 I SurfaceFlinger:      DEVICE | 0x706eee06c0 | 0000 | RGBA_8888 |   0.0    0.0 1080.0  126.0 |    0 2214 1080 2340 | NavigationBar0$_4708#0
12-20 07:49:13.801  3852  3852 I SurfaceFlinger:      DEVICE | 0x706eedfa40 | 0000 | RGBA_8888 |   0.0    0.0 1080.0  151.0 |    0    0 1080  151 | ScreenDecorOverlay$_4708#0
12-20 07:49:13.801  3852  3852 I SurfaceFlinger:      DEVICE | 0x706eedf7c0 | 0000 | RGBA_8888 |   0.0    0.0 1080.0  151.0 |    0 2189 1080 2340 | ScreenDecorOverlayBottom$_4708#0
12-20 07:49:13.801  3852  3852 I SurfaceFlinger:
12-20 07:49:13.803  9404  9404 I GoogleInputMethodService: GoogleInputMethodService.updateDeviceLockedStatus():2087 repeatCheckTimes = 0, unlocked = true
12-20 07:49:13.803  9404  9404 D InputMethodService: checkDisplayOfStartInputAndUpdateKeyboard display Id 0last 0
12-20 07:49:13.804  9404  9404 I GoogleInputMethodService: GoogleInputMethodService.onStartInput():1877 onStartInput(EditorInfo{inputType=0x0(NULL) imeOptions=0x0 privateImeOptions=null actionName=UNSPECIFIED actionLabel=null actionId=0 initialSelStart=-1 initialSelEnd=-1 initialCapsMode=0x0 hintText=null label=null packageName=com.example.dogglers fieldId=-1 fieldName=null extras=Bundle[{NaviColor=-855310, Navbar_Color=-855310, displayId=0, NavbarColor_Success=true, Navbar_Visible=true, Navbar_Transparent=false}]}, false)
12-20 07:49:13.804  9404  9404 I GoogleInputMethodService: GoogleInputMethodService.shouldHideHeaderOnInitialState():4008 ShouldHideHeaderOnInitialState = false
12-20 07:49:13.805  9404  9404 I GoogleInputMethodService: GoogleInputMethodService.updateDeviceLockedStatus():2087 repeatCheckTimes = 2, unlocked = true
12-20 07:49:13.812  3852  4644 E BufferQueueProducer: [com.example.dogglers/androidx.test.core.app.InstrumentationActivityInvoker$EmptyActivity$_23047#1] disconnect: not connected (req=1)
12-20 07:49:13.812 23047 23106 W libEGL  : EGLNativeWindowType 0x73bd605810 disconnect failed
12-20 07:49:13.818  4310  5045 V WindowManager: Relayout Window{3d648cf u0 com.example.dogglers/androidx.test.core.app.InstrumentationActivityInvoker$EmptyActivity}: viewVisibility=8 req=1080x2340
12-20 07:49:13.823  4310  5045 V WindowManager: Relayout 23047: mAttrs={(0,0)(fillxfill) sim={adjust=pan forwardNavigation} ty=BASE_APPLICATION wanim=0x1030001
12-20 07:49:13.823  4310  5045 V WindowManager:   fl=1810100
12-20 07:49:13.823  4310  5045 V WindowManager:   pfl=10020000
