12-20 07:49:21.003 23047 23047 V ActivityScenario: Activity lifecycle changed event received but ignored because the intent does not match. startActivityIntent=Intent { act=android.intent.action.MAIN cat=[android.intent.category.LAUNCHER] cmp=com.example.dogglers/.MainActivity }, activity.getIntent()=Intent { act=android.intent.action.MAIN cat=[android.intent.category.LAUNCHER] flg=0x10000000 cmp=com.example.dogglers/androidx.test.core.app.InstrumentationActivityInvoker$EmptyActivity }, activity=androidx.test.core.app.InstrumentationActivityInvoker$EmptyActivity@ace154b
12-20 07:49:21.010  4310  4950 D InputDispatcher: Focused application set to (0): 83d7f78
12-20 07:49:21.012  4310  4950 I SemPersonaManager: SecureFolder personaId = 150
12-20 07:49:21.021 23047 23047 D LifecycleMonitor: Lifecycle status change: androidx.test.core.app.InstrumentationActivityInvoker$BootstrapActivity@656a469 in: DESTROYED
12-20 07:49:21.022 23047 23047 V ActivityScenario: Activity lifecycle changed event received but ignored because the intent does not match. startActivityIntent=Intent { act=android.intent.action.MAIN cat=[android.intent.category.LAUNCHER] cmp=com.example.dogglers/.MainActivity }, activity.getIntent()=Intent { act=android.intent.action.MAIN cat=[android.intent.category.LAUNCHER] flg=0x10008000 cmp=com.example.dogglers/androidx.test.core.app.InstrumentationActivityInvoker$BootstrapActivity (has extras) }, activity=androidx.test.core.app.InstrumentationActivityInvoker$BootstrapActivity@656a469
12-20 07:49:21.022 23047 23047 W ActivityThread: handleWindowVisibility: no activity for token android.os.BinderProxy@7221e72
12-20 07:49:21.028  3852  4680 I Layer   : id=6719 removeFromCurrentState AppWindowToken{bc5f8b7 token=Token{b21c3b6 ActivityRecord{b816c78 u0 com.example.dogglers/androidx.test.core.app.InstrumentationActivityInvoker$BootstrapActivity t929}}}#0 (70)
12-20 07:49:21.034 23047 23047 D LifecycleMonitor: Lifecycle status change: androidx.test.core.app.InstrumentationActivityInvoker$EmptyActivity@cf9e2c3 in: PRE_ON_CREATE
12-20 07:49:21.035 23047 23047 V ActivityScenario: Activity lifecycle changed event received but ignored because the intent does not match. startActivityIntent=Intent { act=android.intent.action.MAIN cat=[android.intent.category.LAUNCHER] cmp=com.example.dogglers/.MainActivity }, activity.getIntent()=Intent { act=android.intent.action.MAIN cat=[android.intent.category.LAUNCHER] flg=0x10000000 cmp=com.example.dogglers/androidx.test.core.app.InstrumentationActivityInvoker$EmptyActivity }, activity=androidx.test.core.app.InstrumentationActivityInvoker$EmptyActivity@cf9e2c3
12-20 07:49:21.045  4310  9813 D InputDispatcher: Focus left window (23047): f2fa2e1 in display 0 0
12-20 07:49:21.047 23047 23047 I MultiWindowDecorSupport: updateCaptionType >> DecorView@e296679[], isFloating: false, isApplication: true, hasWindowDecorCaption: false, hasWindowControllerCallback: true
12-20 07:49:21.047 23047 23047 D MultiWindowDecorSupport: setCaptionType = 0, DecorView = DecorView@e296679[]
12-20 07:49:21.055 23047 23047 D LifecycleMonitor: Lifecycle status change: androidx.test.core.app.InstrumentationActivityInvoker$EmptyActivity@cf9e2c3 in: CREATED
12-20 07:49:21.056 23047 23047 V ActivityScenario: Activity lifecycle changed event received but ignored because the intent does not match. startActivityIntent=Intent { act=android.intent.action.MAIN cat=[android.intent.category.LAUNCHER] cmp=com.example.dogglers/.MainActivity }, activity.getIntent()=Intent { act=android.intent.action.MAIN cat=[android.intent.category.LAUNCHER] flg=0x10000000 cmp=com.example.dogglers/androidx.test.core.app.InstrumentationActivityInvoker$EmptyActivity }, activity=androidx.test.core.app.InstrumentationActivityInvoker$EmptyActivity@cf9e2c3
12-20 07:49:21.058 23047 23047 D LifecycleMonitor: Lifecycle status change: androidx.test.core.app.InstrumentationActivityInvoker$EmptyActivity@cf9e2c3 in: STARTED
12-20 07:49:21.059 23047 23047 V ActivityScenario: Activity lifecycle changed event received but ignored because the intent does not match. startActivityIntent=Intent { act=android.intent.action.MAIN cat=[android.intent.category.LAUNCHER] cmp=com.example.dogglers/.MainActivity }, activity.getIntent()=Intent { act=android.intent.action.MAIN cat=[android.intent.category.LAUNCHER] flg=0x10000000 cmp=com.example.dogglers/androidx.test.core.app.InstrumentationActivityInvoker$EmptyActivity }, activity=androidx.test.core.app.InstrumentationActivityInvoker$EmptyActivity@cf9e2c3
12-20 07:49:21.063 23047 23047 D LifecycleMonitor: Lifecycle status change: androidx.test.core.app.InstrumentationActivityInvoker$EmptyActivity@cf9e2c3 in: RESUMED
12-20 07:49:21.063 23047 23047 V ActivityScenario: Activity lifecycle changed event received but ignored because the intent does not match. startActivityIntent=Intent { act=android.intent.action.MAIN cat=[android.intent.category.LAUNCHER] cmp=com.example.dogglers/.MainActivity }, activity.getIntent()=Intent { act=android.intent.action.MAIN cat=[android.intent.category.LAUNCHER] flg=0x10000000 cmp=com.example.dogglers/androidx.test.core.app.InstrumentationActivityInvoker$EmptyActivity }, activity=androidx.test.core.app.InstrumentationActivityInvoker$EmptyActivity@cf9e2c3
12-20 07:49:21.072  4310  4950 D InputTransport: Input channel constructed: '40cc853', fd=388
12-20 07:49:21.072  4310  4950 D InputTransport: Input channel constructed: '40cc853', fd=568
12-20 07:49:21.073  3852  5384 I SurfaceFlinger: createSurf start. lock debugging [40cc853 com.example.dogglers/androidx.test.core.app.InstrumentationActivityInvoker$EmptyActivity]
12-20 07:49:21.073  3852  5384 I SurfaceFlinger: id=6734 createSurf (0x0),-1 flag=80004, 40cc853 com.example.dogglers/androidx.test.core.app.InstrumentationActivityInvoker$EmptyActivity#0
12-20 07:49:21.075  4310  4950 D InputTransport: Input channel destroyed: '40cc853', fd=568
12-20 07:49:21.076 23047 23047 D ViewRootImpl@a9f776c[InstrumentationActivityInvoker$EmptyActivity]: setView = com.android.internal.policy.DecorView@e296679 TM=true MM=false
12-20 07:49:21.080 23047 23047 D ViewRootImpl@336a455[MainActivity]: stopped(true) old=false
12-20 07:49:21.081 23047 23047 D LifecycleMonitor: Lifecycle status change: com.example.dogglers.MainActivity@269a408 in: STOPPED
12-20 07:49:21.082 23047 23047 V ActivityScenario: Update currentActivityStage to STOPPED, currentActivity=com.example.dogglers.MainActivity@269a408
12-20 07:49:21.085 23047 23047 D LifecycleMonitor: Lifecycle status change: com.example.dogglers.MainActivity@269a408 in: DESTROYED
12-20 07:49:21.086 23047 23047 V ActivityScenario: Update currentActivityStage to DESTROYED, currentActivity=null
12-20 07:49:21.090 23047 23047 D ViewRootImpl@336a455[MainActivity]: dispatchDetachedFromWindow
12-20 07:49:21.090  4310  4950 D InputTransport: Input channel destroyed: 'f423199', fd=589
12-20 07:49:21.091  3852  4680 I Layer   : id=6728 removeFromCurrentState com.example.dogglers/com.example.dogglers.MainActivity$_23047#0 (71)
12-20 07:49:21.092  3852  4680 I SurfaceFlinger: id=6728 Removed com.example.dogglers/com.example.dogglers.MainActivity$_23047#0 (71)
12-20 07:49:21.095  3852  3852 I Layer   : id=6728[1] Destroyed com.example.dogglers/com.example.dogglers.MainActivity$_23047#0
12-20 07:49:21.096  3852  4680 I Layer   : id=6727 removeFromCurrentState f423199 com.example.dogglers/com.example.dogglers.MainActivity#0 (70)
12-20 07:49:21.098 23047 23047 D InputTransport: Input channel destroyed: 'f423199', fd=72
12-20 07:49:21.098  3852  5384 I SurfaceFlinger: id=6727 Removed f423199 com.example.dogglers/com.example.dogglers.MainActivity#0 (70)
12-20 07:49:21.099 23047 23047 D ViewRootImpl@3edc1d4[InstrumentationActivityInvoker$EmptyActivity]: MSG_WINDOW_FOCUS_CHANGED 0 1
12-20 07:49:21.099 23047 23047 D InputMethodManager: prepareNavigationBarInfo() DecorView@aa7f041[InstrumentationActivityInvoker$EmptyActivity]
12-20 07:49:21.099 23047 23047 D InputMethodManager: getNavigationBarColor() -855310
12-20 07:49:21.104  3852  5384 I Layer   : id=6722 removeFromCurrentState AppWindowToken{9dba4f3 token=Token{e25cb62 ActivityRecord{8e5da2d u0 com.example.dogglers/.MainActivity t929}}}#0 (70)
12-20 07:49:21.106  3852  5384 I SurfaceFlinger: id=6722 Removed AppWindowToken{9dba4f3 token=Token{e25cb62 ActivityRecord{8e5da2d u0 com.example.dogglers/.MainActivity t929}}}#0 (70)
12-20 07:49:21.109  4310  9813 V WindowManager: Relayout Window{40cc853 u0 com.example.dogglers/androidx.test.core.app.InstrumentationActivityInvoker$EmptyActivity}: viewVisibility=0 req=1080x2340
12-20 07:49:21.111  3852  3852 I Layer   : id=6722[1] Destroyed AppWindowToken{9dba4f3 token=Token{e25cb62 ActivityRecord{8e5da2d u0 com.example.dogglers/.MainActivity t929}}}#0
12-20 07:49:21.111  3852  3852 I Layer   : id=6727[1] Destroyed f423199 com.example.dogglers/com.example.dogglers.MainActivity#0
12-20 07:49:21.113  3852  4680 I SurfaceFlinger: createSurf start. lock debugging [com.example.dogglers/androidx.test.core.app.InstrumentationActivityInvoker$EmptyActivity$_23047]
12-20 07:49:21.114  3852  4680 I SurfaceFlinger: id=6735 createSurf (1080x2340),1 flag=404, com.example.dogglers/androidx.test.core.app.InstrumentationActivityInvoker$EmptyActivity$_23047#1
12-20 07:49:21.117  4310  4362 D WindowManager: setSystemUiVisibility: displayId=0, vis=0x8018, fullVis=0x0, dockVis=0x0, win=Window{40cc853 u0 com.example.dogglers/androidx.test.core.app.InstrumentationActivityInvoker$EmptyActivity}
12-20 07:49:21.118  4310  9813 V WindowManager: Relayout 23047: mAttrs={(0,0)(fillxfill) sim={adjust=pan forwardNavigation} ty=BASE_APPLICATION wanim=0x1030001
12-20 07:49:21.118  4310  9813 V WindowManager:   fl=1810100
12-20 07:49:21.118  4310  9813 V WindowManager:   pfl=10020000
12-20 07:49:21.118  4310  9813 V WindowManager:   vsysui=10 naviIconColor=0}
12-20 07:49:21.121 23047 23047 D ViewRootImpl@a9f776c[InstrumentationActivityInvoker$EmptyActivity]: Relayout returned: old=(0,0,1080,2340) new=(0,0,1080,2340) req=(1080,2340)0 dur=13 res=0x7 s={true 494533070848} ch=true
12-20 07:49:21.122 23047 23106 D OpenGLRenderer: createReliableSurface : 0x73bd604040, 0x732477d000
12-20 07:49:21.123 23047 23106 D mali_winsys: EGLint new_window_surface(egl_winsys_display *, void *, EGLSurface, EGLConfig, egl_winsys_surface **, EGLBoolean) returns 0x3000
12-20 07:49:21.152 23047 23047 D ViewRootImpl@a9f776c[InstrumentationActivityInvoker$EmptyActivity]: MSG_WINDOW_FOCUS_CHANGED 1 1
12-20 07:49:21.153 23047 23047 D InputMethodManager: prepareNavigationBarInfo() DecorView@e296679[InstrumentationActivityInvoker$EmptyActivity]
12-20 07:49:21.153 23047 23047 D InputMethodManager: getNavigationBarColor() -855310
12-20 07:49:21.156 23047 23047 D InputMethodManager: prepareNavigationBarInfo() DecorView@e296679[InstrumentationActivityInvoker$EmptyActivity]
12-20 07:49:21.156 23047 23047 D InputMethodManager: getNavigationBarColor() -855310
12-20 07:49:21.156 23047 23047 V InputMethodManager: Starting input: tba=com.example.dogglers ic=null mNaviBarColor -855310 mIsGetNaviBarColorSuccess true , NavVisible : true , NavTrans : false
12-20 07:49:21.156 23047 23047 D InputMethodManager: startInputInner - Id : 0
12-20 07:49:21.156 23047 23047 I InputMethodManager: startInputInner - mService.startInputOrWindowGainedFocus
12-20 07:49:21.157  4310  4529 D InputMethodManagerService: mSecureKeypadEnabled = false
12-20 07:49:21.158  4310  4529 V InputMethodManagerService: hideCurrentInputLocked : shouldHideSoftInput is false
12-20 07:49:21.158  4310  4529 D InputMethodManagerService: mDesktopModeManager null!
12-20 07:49:21.158  4310  4529 V InputMethodManagerService: getDisplayIdOfInputMethodWindowToBeAdded : 0
12-20 07:49:21.159  4310  4529 D InputMethodManagerService: checkDisplayOfStartInputAndUpdateKeyboard display Id 0last 0
12-20 07:49:21.159  4310  4529 D InputTransport: Input channel constructed: 'ClientS', fd=568
12-20 07:49:21.159  4310  4529 D InputTransport: Input channel destroyed: 'ClientS', fd=568
12-20 07:49:21.160 23047 23047 D InputTransport: Input channel destroyed: 'ClientS', fd=86
12-20 07:49:21.160  9404  9404 I GoogleInputMethodService: GoogleInputMethodService.onFinishInput():3227
12-20 07:49:21.161 23047 23047 D ViewRootImpl@a9f776c[InstrumentationActivityInvoker$EmptyActivity]: MSG_RESIZED: frame=(0,0,1080,2340) ci=(0,83,0,126) vi=(0,83,0,126) or=1
12-20 07:49:21.162  4310  4950 D InputDispatcher: Focus entered window (23047): 40cc853 in display 0 0
12-20 07:49:21.163  9404  9404 I GoogleInputMethodService: GoogleInputMethodService.updateDeviceLockedStatus():2087 repeatCheckTimes = 0, unlocked = true
12-20 07:49:21.163  9404  9404 D InputMethodService: checkDisplayOfStartInputAndUpdateKeyboard display Id 0last 0
12-20 07:49:21.163  9404  9404 I GoogleInputMethodService: GoogleInputMethodService.onStartInput():1877 onStartInput(EditorInfo{inputType=0x0(NULL) imeOptions=0x0 privateImeOptions=null actionName=UNSPECIFIED actionLabel=null actionId=0 initialSelStart=-1 initialSelEnd=-1 initialCapsMode=0x0 hintText=null label=null packageName=com.example.dogglers fieldId=-1 fieldName=null extras=Bundle[{NaviColor=-855310, Navbar_Color=-855310, displayId=0, NavbarColor_Success=true, Navbar_Visible=true, Navbar_Transparent=false}]}, false)
12-20 07:49:21.163  9404  9404 I GoogleInputMethodService: GoogleInputMethodService.shouldHideHeaderOnInitialState():4008 ShouldHideHeaderOnInitialState = false
12-20 07:49:21.165  9404  9404 I GoogleInputMethodService: GoogleInputMethodService.updateDeviceLockedStatus():2087 repeatCheckTimes = 2, unlocked = true
12-20 07:49:21.170  3852  3852 I SurfaceFlinger: Display 0 HWC layers:
12-20 07:49:21.170  3852  3852 I SurfaceFlinger:     type    |    handle    | flag |  format   |   source crop (l,t,r,b)    |         frame       | name
12-20 07:49:21.170  3852  3852 I SurfaceFlinger: ------------+--------------+------+-----------+----------------------------+---------------------+------
12-20 07:49:21.170  3852  3852 I SurfaceFlinger:      DEVICE | 0x705034e040 | 0002 | RGBA_8888 |   0.0    0.0 1080.0 2340.0 |    0    0 1080 2340 | com.example.dogglers/androidx.test.c[...]tivityInvoker$EmptyActivity$_23047#1
12-20 07:49:21.170  3852  3852 I SurfaceFlinger:      DEVICE | 0x706eee2ec0 | 0000 | RGBA_8888 |   0.0    0.0 1080.0   83.0 |    0    0 1080   83 | StatusBar$_4708#0
12-20 07:49:21.170  3852  3852 I SurfaceFlinger:      DEVICE | 0x706eee06c0 | 0000 | RGBA_8888 |   0.0    0.0 1080.0  126.0 |    0 2214 1080 2340 | NavigationBar0$_4708#0
12-20 07:49:21.170  3852  3852 I SurfaceFlinger:      DEVICE | 0x706eedfa40 | 0000 | RGBA_8888 |   0.0    0.0 1080.0  151.0 |    0    0 1080  151 | ScreenDecorOverlay$_4708#0
12-20 07:49:21.170  3852  3852 I SurfaceFlinger:      DEVICE | 0x706eedf7c0 | 0000 | RGBA_8888 |   0.0    0.0 1080.0  151.0 |    0 2189 1080 2340 | ScreenDecorOverlayBottom$_4708#0
12-20 07:49:21.170  3852  3852 I SurfaceFlinger:
12-20 07:49:21.171  4310  4950 D InputDispatcher: Focused application set to (0): 1876ef7
12-20 07:49:21.172  4310  4950 I SemPersonaManager: SecureFolder personaId = 150
12-20 07:49:21.173  4310  4950 I SemPersonaManager: SecureFolder personaId = 150
12-20 07:49:21.186  3852  3956 E BufferQueueProducer: [com.example.dogglers/androidx.test.core.app.InstrumentationActivityInvoker$EmptyActivity$_23047#0] disconnect: not connected (req=1)
12-20 07:49:21.186 23047 23106 W libEGL  : EGLNativeWindowType 0x744a27ae90 disconnect failed
12-20 07:49:21.188  4310  9813 V WindowManager: Relayout Window{f2fa2e1 u0 com.example.dogglers/androidx.test.core.app.InstrumentationActivityInvoker$EmptyActivity}: viewVisibility=8 req=1080x2340
12-20 07:49:21.192  4310  9813 V WindowManager: Relayout 23047: mAttrs={(0,0)(fillxfill) sim={adjust=pan forwardNavigation} ty=BASE_APPLICATION wanim=0x1030001
12-20 07:49:21.192  4310  9813 V WindowManager:   fl=1810100
12-20 07:49:21.192  4310  9813 V WindowManager:   pfl=10020000
12-20 07:49:21.192  4310  9813 V WindowManager:   vsysui=10 naviIconColor=0}
12-20 07:49:21.194 23047 23047 D ViewRootImpl@3edc1d4[InstrumentationActivityInvoker$EmptyActivity]: Relayout returned: old=(0,0,1080,2340) new=(0,0,1080,2340) req=(1080,2340)8 dur=7 res=0x5 s={false 0} ch=true
12-20 07:49:21.195  4310  4950 D InputDispatcher: Focus left window (23047): 40cc853 in display 0 0
12-20 07:49:21.200 23047 23047 D LifecycleMonitor: Lifecycle status change: androidx.test.core.app.InstrumentationActivityInvoker$EmptyActivity@cf9e2c3 in: PAUSED
12-20 07:49:21.201 23047 23047 V ActivityScenario: Activity lifecycle changed event received but ignored because the intent does not match. startActivityIntent=Intent { act=android.intent.action.MAIN cat=[android.intent.category.LAUNCHER] cmp=com.example.dogglers/.MainActivity }, activity.getIntent()=Intent { act=android.intent.action.MAIN cat=[android.intent.category.LAUNCHER] flg=0x10000000 cmp=com.example.dogglers/androidx.test.core.app.InstrumentationActivityInvoker$EmptyActivity }, activity=androidx.test.core.app.InstrumentationActivityInvoker$EmptyActivity@cf9e2c3
12-20 07:49:21.207  4310  4950 I SemPersonaManager: SecureFolder personaId = 150
12-20 07:49:21.216 23047 23047 D ViewRootImpl@a9f776c[InstrumentationActivityInvoker$EmptyActivity]: MSG_WINDOW_FOCUS_CHANGED 0 1
12-20 07:49:21.216 23047 23047 D InputMethodManager: prepareNavigationBarInfo() DecorView@e296679[InstrumentationActivityInvoker$EmptyActivity]
12-20 07:49:21.216 23047 23047 D InputMethodManager: getNavigationBarColor() -855310
12-20 07:49:21.218 23047 23103 I TestRunner: finished: horizontal_list_button_is_displayed(com.example.dogglers.ButtonTests)
